Component: ARM Compiler 5.05 update 2 (build 169) Tool: armlink [4d0f33]

==============================================================================

Section Cross References

    main.o(.text) refers to stm32f4xx_hal_rcc.o(.text) for HAL_RCC_OscConfig
    main.o(.text) refers to lis3dsh.o(.text) for LIS3DSH_ReadACC
    main.o(.text) refers to stm32f4xx_hal_cortex.o(.text) for HAL_NVIC_ClearPendingIRQ
    main.o(.text) refers to rt_cmsis.o(i.osSemaphoreRelease) for osSemaphoreRelease
    main.o(.text) refers to stm32f4xx_hal_gpio.o(.text) for HAL_GPIO_ReadPin
    main.o(.text) refers to stm32f4xx_hal_adc.o(.text) for HAL_ADC_GetValue
    main.o(.text) refers to rt_cmsis.o(i.osMutexWait) for osMutexWait
    main.o(.text) refers to rt_cmsis.o(i.osMutexRelease) for osMutexRelease
    main.o(.text) refers to d2f.o(.text) for __aeabi_d2f
    main.o(.text) refers to utils.o(.text) for display
    main.o(.text) refers to rt_cmsis.o(i.osKernelInitialize) for osKernelInitialize
    main.o(.text) refers to stm32f4xx_hal.o(.text) for HAL_Init
    main.o(.text) refers to config.o(.text) for config_all
    main.o(.text) refers to accelerometer_interface.o(.text) for acc_kalmanState_Config
    main.o(.text) refers to rt_cmsis.o(i.osSemaphoreCreate) for osSemaphoreCreate
    main.o(.text) refers to temperature_interface.o(.text) for temp_kalmanState_Config
    main.o(.text) refers to keypad_interface.o(.text) for keypad_set_semaphore
    main.o(.text) refers to rt_cmsis.o(i.osMutexCreate) for osMutexCreate
    main.o(.text) refers to thread.o(.text) for start_Thread_Keypad
    main.o(.text) refers to rt_cmsis.o(i.osKernelStart) for osKernelStart
    main.o(.text) refers to rt_time.o(.data) for os_time
    main.o(.text) refers to main.o(.bss) for readings
    main.o(.text) refers to main.o(.data) for accelerometer_select
    main.o(.text) refers to keypad_interface.o(.data) for key_number
    main.o(.text) refers to config.o(.bss) for ADC1_Handle
    main.o(.text) refers to accelerometer_interface.o(.data) for tmp_pitch
    main.o(.text) refers to main.o(.constdata) for os_semaphore_def_accelerometer_select
    main.o(.constdata) refers to main.o(.bss) for os_mutex_cb_display_flag_mutex
    main.o(.constdata) refers to main.o(.data) for os_semaphore_cb_keypad_select
    thread_led.o(.text) refers to rt_cmsis.o(i.osThreadCreate) for osThreadCreate
    thread_led.o(.text) refers to rt_cmsis.o(i.osDelay) for osDelay
    thread_led.o(.text) refers to stm32f4xx_hal_gpio.o(.text) for HAL_GPIO_TogglePin
    thread_led.o(.text) refers to thread_led.o(.constdata) for os_thread_def_Thread_LED
    thread_led.o(.text) refers to thread_led.o(.data) for tid_Thread_LED
    thread_led.o(.text) refers to thread_led.o(.bss) for LED_configuration
    thread_led.o(.constdata) refers to thread_led.o(.text) for Thread_LED
    supporting_functions.o(.text) refers to printfb.o(i.__0printf$bare) for __2printf
    config.o(.text) refers to stm32f4xx_hal_gpio.o(.text) for HAL_GPIO_Init
    config.o(.text) refers to stm32f4xx_hal_adc.o(.text) for HAL_ADC_Init
    config.o(.text) refers to supporting_functions.o(.text) for Error_Handler
    config.o(.text) refers to stm32f4xx_hal_cortex.o(.text) for HAL_NVIC_EnableIRQ
    config.o(.text) refers to lis3dsh.o(.text) for LIS3DSH_Init
    config.o(.text) refers to memcpya.o(.text) for __aeabi_memcpy4
    config.o(.text) refers to stm32f4xx_hal_tim.o(.text) for HAL_TIM_Base_MspInit
    config.o(.text) refers to config.o(.bss) for GPIO_Struct
    keypad_interface.o(.text) refers to stm32f4xx_hal_gpio.o(.text) for HAL_GPIO_Init
    keypad_interface.o(.text) refers to rt_cmsis.o(i.osSemaphoreWait) for osSemaphoreWait
    keypad_interface.o(.text) refers to printfb.o(i.__0printf$bare) for __2printf
    keypad_interface.o(.text) refers to keypad_interface.o(.data) for keypad_semaphore
    keypad_interface.o(.text) refers to keypad_interface.o(.bss) for Columns_Struct
    seven_segment.o(.text) refers to stm32f4xx_hal_gpio.o(.text) for HAL_GPIO_WritePin
    seven_segment.o(.text) refers to stm32f4xx_hal_tim.o(.text) for HAL_TIM_IRQHandler
    seven_segment.o(.text) refers to config.o(.bss) for TIM3_Handle
    utils.o(.text) refers to dflti.o(.text) for __aeabi_i2d
    utils.o(.text) refers to floor.o(i.__hardfp_floor) for __hardfp_floor
    utils.o(.text) refers to dfixi.o(.text) for __aeabi_d2iz
    utils.o(.text) refers to seven_segment.o(.text) for clear_all_segments
    utils.o(.text) refers to main.o(.data) for digit
    thread.o(.text) refers to rt_cmsis.o(i.osThreadCreate) for osThreadCreate
    thread.o(.text) refers to keypad_interface.o(.text) for keypad_mode
    thread.o(.text) refers to accelerometer_interface.o(.text) for accelerometer_mode
    thread.o(.text) refers to temperature_interface.o(.text) for temperature_mode
    thread.o(.text) refers to thread.o(.constdata) for os_thread_def_Thread_Keypad
    thread.o(.text) refers to thread.o(.data) for tid_Thread_Keypad
[...]
    _microlib_exit                            - Undefined Weak Reference
    __Vectors_Size                           0x00000188   Number         0  startup_stm32f407xx.o ABSOLUTE
    __RL_RTX_VER                             0x00000480   Number         0  rt_system.o ABSOLUTE
    __Vectors                                0x08000000   Data           4  startup_stm32f407xx.o(RESET)
    __Vectors_End                            0x08000188   Data           0  startup_stm32f407xx.o(RESET)
    __main                                   0x08000189   Thumb Code     0  entry.o(.ARM.Collect$$$$00000000)
    _main_stk                                0x08000189   Thumb Code     0  entry2.o(.ARM.Collect$$$$00000001)
    _main_scatterload                        0x0800018d   Thumb Code     0  entry5.o(.ARM.Collect$$$$00000004)
    __main_after_scatterload                 0x08000191   Thumb Code     0  entry5.o(.ARM.Collect$$$$00000004)
    __rt_final_cpp                           0x08000191   Thumb Code     0  entry10a.o(.ARM.Collect$$$$0000000D)
    __rt_final_exit                          0x08000191   Thumb Code     0  entry11a.o(.ARM.Collect$$$$0000000F)
    _main_clock                              0x08000191   Thumb Code     0  entry7b.o(.ARM.Collect$$$$00000008)
    _main_cpp_init                           0x08000191   Thumb Code     0  entry8b.o(.ARM.Collect$$$$0000000A)
    _main_init                               0x08000191   Thumb Code    18  rtx_conf_cm.o(.ARM.Collect$$$$000000FF)
    rt_set_PSP                               0x080001ad   Thumb Code     6  hal_cm4.o(.emb_text)
    rt_get_PSP                               0x080001b3   Thumb Code     6  hal_cm4.o(.emb_text)
    os_set_env                               0x080001b9   Thumb Code    24  hal_cm4.o(.emb_text)
    _alloc_box                               0x080001d5   Thumb Code    28  hal_cm4.o(.emb_text)
    _free_box                                0x080001f5   Thumb Code    28  hal_cm4.o(.emb_text)
    SVC_Handler                              0x08000215   Thumb Code   168  hal_cm4.o(.emb_text)
    PendSV_Handler                           0x080002cd   Thumb Code    96  hal_cm4.o(.emb_text)
    SysTick_Handler                          0x08000331   Thumb Code     8  hal_cm4.o(.emb_text)
    OS_Tick_Handler                          0x08000339   Thumb Code    12  hal_cm4.o(.emb_text)
    HAL_GetTick                              0x08000345   Thumb Code     6  main.o(.text)
    SystemClock_Config                       0x0800034b   Thumb Code   142  main.o(.text)
    HAL_GPIO_EXTI_Callback                   0x080003d9   Thumb Code   110  main.o(.text)
    HAL_TIM_PeriodElapsedCallback            0x08000447   Thumb Code   208  main.o(.text)
    main                                     0x08000517   Thumb Code   116  main.o(.text)
    Error_Handler                            0x080005e9   Thumb Code    78  supporting_functions.o(.text)
    GPIO_Config                              0x08000769   Thumb Code   114  config.o(.text)
    ADC_Config                               0x080007db   Thumb Code   130  config.o(.text)
    LIS3DSH_Config                           0x0800085d   Thumb Code   150  config.o(.text)
    Tim3_Config                              0x080008f3   Thumb Code   130  config.o(.text)
    Tim2_Config                              0x08000975   Thumb Code   134  config.o(.text)
    config_all                               0x080009fb   Thumb Code    24  config.o(.text)
    Kalmanfilter                             0x08000a41   Thumb Code   132  kalman_filter.o(.text)
    keypad_set_semaphore                     0x08000ac5   Thumb Code     6  keypad_interface.o(.text)
    init_columns                             0x08000acb   Thumb Code   136  keypad_interface.o(.text)
    rows_init                                0x08000b53   Thumb Code   118  keypad_interface.o(.text)
    keypad_mode                              0x08000bc9   Thumb Code   110  keypad_interface.o(.text)
    EXTI9_5_IRQHandler                       0x08000c37   Thumb Code    82  keypad_interface.o(.text)
    show_seven_segment                       0x08000cb9   Thumb Code   526  seven_segment.o(.text)
    clear_all_segments                       0x08000ec7   Thumb Code    92  seven_segment.o(.text)
    activate_digit                           0x08000f23   Thumb Code    74  seven_segment.o(.text)
    deactivate_digit                         0x08000f6d   Thumb Code    82  seven_segment.o(.text)
    activate_decimal                         0x08000fbf   Thumb Code    14  seven_segment.o(.text)
    activate_degree                          0x08000fcd   Thumb Code    52  seven_segment.o(.text)
    deactivate_degree                        0x08001001   Thumb Code    26  seven_segment.o(.text)
    TIM3_IRQHandler                          0x0800101b   Thumb Code    10  seven_segment.o(.text)
    get_digit_in_place                       0x08001031   Thumb Code    88  utils.o(.text)
    display                                  0x08001089   Thumb Code   582  utils.o(.text)
    start_Thread_Keypad                      0x080012d9   Thumb Code    30  thread.o(.text)
    Thread_Keypad                            0x080012f7   Thumb Code     8  thread.o(.text)
    start_Thread_Accelerometer               0x080012ff   Thumb Code    30  thread.o(.text)
    Thread_Accelerometer                     0x0800131d   Thumb Code     8  thread.o(.text)
    start_Thread_Temperature_Sensor          0x08001325   Thumb Code    30  thread.o(.text)
    Thread_Temperature_Sensor                0x08001343   Thumb Code     8  thread.o(.text)
    fputc                                    0x08001365   Thumb Code    52  fput_debug.o(.text)
    accelerometer_set_semaphore              0x0800139d   Thumb Code     6  accelerometer_interface.o(.text)
    acc_kalmanState_Config                   0x080013a3   Thumb Code   128  accelerometer_interface.o(.text)
    accelerometer_mode                       0x08001423   Thumb Code   494  accelerometer_interface.o(.text)
    EXTI0_IRQHandler                         0x08001611   Thumb Code    10  accelerometer_interface.o(.text)
    temperature_set_semaphore                0x08001671   Thumb Code     6  temperature_interface.o(.text)
    TIM2_IRQHandler                          0x08001677   Thumb Code    10  temperature_interface.o(.text)
    temperature_mode                         0x08001681   Thumb Code   138  temperature_interface.o(.text)
    temp_kalmanState_Config                  0x0800170b   Thumb Code    44  temperature_interface.o(.text)
    SPI_ReceiveData                          0x08001775   Thumb Code    10  lis3dsh.o(.text)
    LIS3DSH_TIMEOUT_UserCallback             0x0800177f   Thumb Code     4  lis3dsh.o(.text)
    SPI_SendData                             0x08001783   Thumb Code     6  lis3dsh.o(.text)
    LIS3DSH_Write                            0x080017f5   Thumb Code    62  lis3dsh.o(.text)
    LIS3DSH_Init                             0x08001833   Thumb Code   170  lis3dsh.o(.text)
    LIS3DSH_Read                             0x080018dd   Thumb Code    70  lis3dsh.o(.text)
    LIS3DSH_DataReadyInterruptConfig         0x08001923   Thumb Code    42  lis3dsh.o(.text)
    LIS3DSH_LowpowerCmd                      0x0800194d   Thumb Code    40  lis3dsh.o(.text)
    LIS3DSH_DataRateCmd                      0x08001975   Thumb Code    44  lis3dsh.o(.text)
    LIS3DSH_FullScaleCmd                     0x080019a1   Thumb Code    44  lis3dsh.o(.text)
    LIS3DSH_ReadACC                          0x080019cd   Thumb Code   628  lis3dsh.o(.text)
    HAL_SPI_MspInit                          0x08001c41   Thumb Code   218  lis3dsh.o(.text)
    os_idle_demon                            0x08001d35   Thumb Code     4  rtx_conf_cm.o(.text)
    os_error                                 0x08001d39   Thumb Code    34  rtx_conf_cm.o(.text)
    HAL_MspInit                              0x08001d5d   Thumb Code    10  stm32f4xx_hal.o(.text)
    HAL_InitTick                             0x08001d67   Thumb Code    36  stm32f4xx_hal.o(.text)
    HAL_Init                                 0x08001d8b   Thumb Code    54  stm32f4xx_hal.o(.text)
    HAL_MspDeInit                            0x08001dc1   Thumb Code    10  stm32f4xx_hal.o(.text)
    HAL_DeInit                               0x08001dcb   Thumb Code    64  stm32f4xx_hal.o(.text)
    HAL_IncTick                              0x08001e0b   Thumb Code    12  stm32f4xx_hal.o(.text)
    HAL_Delay                                0x08001e1d   Thumb Code    26  stm32f4xx_hal.o(.text)
    HAL_SuspendTick                          0x08001e37   Thumb Code    18  stm32f4xx_hal.o(.text)
    HAL_ResumeTick                           0x08001e49   Thumb Code    18  stm32f4xx_hal.o(.text)
    HAL_GetHalVersion                        0x08001e5b   Thumb Code     4  stm32f4xx_hal.o(.text)
    HAL_GetREVID                             0x08001e5f   Thumb Code     8  stm32f4xx_hal.o(.text)
    HAL_GetDEVID                             0x08001e67   Thumb Code    10  stm32f4xx_hal.o(.text)
    HAL_DBGMCU_EnableDBGSleepMode            0x08001e71   Thumb Code    14  stm32f4xx_hal.o(.text)
    HAL_DBGMCU_DisableDBGSleepMode           0x08001e7f   Thumb Code    14  stm32f4xx_hal.o(.text)
    HAL_DBGMCU_EnableDBGStopMode             0x08001e8d   Thumb Code    14  stm32f4xx_hal.o(.text)
    HAL_DBGMCU_DisableDBGStopMode            0x08001e9b   Thumb Code    14  stm32f4xx_hal.o(.text)
    HAL_DBGMCU_EnableDBGStandbyMode          0x08001ea9   Thumb Code    14  stm32f4xx_hal.o(.text)
    HAL_DBGMCU_DisableDBGStandbyMode         0x08001eb7   Thumb Code    14  stm32f4xx_hal.o(.text)
    HAL_EnableCompensationCell               0x08001ec5   Thumb Code    22  stm32f4xx_hal.o(.text)
    HAL_DisableCompensationCell              0x08001edb   Thumb Code    24  stm32f4xx_hal.o(.text)
    HAL_ADC_MspInit                          0x08002077   Thumb Code     2  stm32f4xx_hal_adc.o(.text)
    HAL_ADC_Init                             0x08002079   Thumb Code    74  stm32f4xx_hal_adc.o(.text)
    HAL_ADC_MspDeInit                        0x080020c3   Thumb Code     2  stm32f4xx_hal_adc.o(.text)
    HAL_ADC_DeInit                           0x080020c5   Thumb Code    34  stm32f4xx_hal_adc.o(.text)
    HAL_ADC_Start                            0x080020e7   Thumb Code   182  stm32f4xx_hal_adc.o(.text)
    HAL_ADC_Stop                             0x0800219d   Thumb Code    24  stm32f4xx_hal_adc.o(.text)
    HAL_ADC_PollForConversion                0x080021b5   Thumb Code   130  stm32f4xx_hal_adc.o(.text)
    HAL_ADC_PollForEvent                     0x08002237   Thumb Code   104  stm32f4xx_hal_adc.o(.text)
    HAL_ADC_Start_IT                         0x0800229f   Thumb Code   232  stm32f4xx_hal_adc.o(.text)
    HAL_ADC_Stop_IT                          0x08002387   Thumb Code    48  stm32f4xx_hal_adc.o(.text)
    HAL_ADC_ErrorCallback                    0x080023b7   Thumb Code     2  stm32f4xx_hal_adc.o(.text)
    HAL_ADC_LevelOutOfWindowCallback         0x080023b9   Thumb Code     2  stm32f4xx_hal_adc.o(.text)
    HAL_ADC_ConvCpltCallback                 0x080023bb   Thumb Code     2  stm32f4xx_hal_adc.o(.text)
    HAL_ADC_IRQHandler                       0x080023bd   Thumb Code   348  stm32f4xx_hal_adc.o(.text)
    HAL_ADC_ConvHalfCpltCallback             0x08002535   Thumb Code     2  stm32f4xx_hal_adc.o(.text)
    HAL_ADC_Start_DMA                        0x08002569   Thumb Code   186  stm32f4xx_hal_adc.o(.text)
    HAL_ADC_Stop_DMA                         0x08002623   Thumb Code    56  stm32f4xx_hal_adc.o(.text)
    HAL_ADC_GetValue                         0x0800265b   Thumb Code     8  stm32f4xx_hal_adc.o(.text)
    HAL_ADC_ConfigChannel                    0x08002663   Thumb Code   416  stm32f4xx_hal_adc.o(.text)
    HAL_ADC_AnalogWDGConfig                  0x08002803   Thumb Code   132  stm32f4xx_hal_adc.o(.text)
    HAL_ADC_GetState                         0x08002887   Thumb Code     8  stm32f4xx_hal_adc.o(.text)
    HAL_ADC_GetError                         0x0800288f   Thumb Code     6  stm32f4xx_hal_adc.o(.text)
    HAL_ADCEx_InjectedStart                  0x080028a9   Thumb Code   230  stm32f4xx_hal_adc_ex.o(.text)
    HAL_ADCEx_InjectedStart_IT               0x0800298f   Thumb Code   258  stm32f4xx_hal_adc_ex.o(.text)
    HAL_ADCEx_InjectedStop                   0x08002a91   Thumb Code    24  stm32f4xx_hal_adc_ex.o(.text)
    HAL_ADCEx_InjectedPollForConversion      0x08002aa9   Thumb Code    90  stm32f4xx_hal_adc_ex.o(.text)
    HAL_ADCEx_InjectedStop_IT                0x08002b03   Thumb Code    48  stm32f4xx_hal_adc_ex.o(.text)
    HAL_ADCEx_InjectedGetValue               0x08002b33   Thumb Code    70  stm32f4xx_hal_adc_ex.o(.text)
    HAL_ADCEx_MultiModeStart_DMA             0x08002bc7   Thumb Code   206  stm32f4xx_hal_adc_ex.o(.text)
    HAL_ADCEx_MultiModeStop_DMA              0x08002c95   Thumb Code   116  stm32f4xx_hal_adc_ex.o(.text)
    HAL_ADCEx_MultiModeGetValue              0x08002d09   Thumb Code     8  stm32f4xx_hal_adc_ex.o(.text)
    HAL_ADCEx_InjectedConvCpltCallback       0x08002d11   Thumb Code     2  stm32f4xx_hal_adc_ex.o(.text)
    HAL_ADCEx_InjectedConfigChannel          0x08002d13   Thumb Code   552  stm32f4xx_hal_adc_ex.o(.text)
    HAL_ADCEx_MultiModeConfigChannel         0x08002f3b   Thumb Code   130  stm32f4xx_hal_adc_ex.o(.text)
    HAL_NVIC_SetPriorityGrouping             0x08002fe9   Thumb Code    36  stm32f4xx_hal_cortex.o(.text)
    HAL_NVIC_SetPriority                     0x0800300d   Thumb Code   124  stm32f4xx_hal_cortex.o(.text)
    HAL_NVIC_EnableIRQ                       0x08003089   Thumb Code    26  stm32f4xx_hal_cortex.o(.text)
    HAL_NVIC_DisableIRQ                      0x080030a3   Thumb Code    22  stm32f4xx_hal_cortex.o(.text)
    HAL_NVIC_SystemReset                     0x080030b9   Thumb Code    64  stm32f4xx_hal_cortex.o(.text)
    HAL_SYSTICK_Config                       0x080030f9   Thumb Code    52  stm32f4xx_hal_cortex.o(.text)
    HAL_MPU_ConfigRegion                     0x0800312d   Thumb Code    90  stm32f4xx_hal_cortex.o(.text)
    HAL_NVIC_GetPriorityGrouping             0x08003187   Thumb Code     8  stm32f4xx_hal_cortex.o(.text)
    HAL_NVIC_GetPriority                     0x0800318f   Thumb Code   138  stm32f4xx_hal_cortex.o(.text)
    HAL_NVIC_SetPendingIRQ                   0x08003219   Thumb Code    24  stm32f4xx_hal_cortex.o(.text)
    HAL_NVIC_GetPendingIRQ                   0x08003231   Thumb Code    38  stm32f4xx_hal_cortex.o(.text)
    HAL_NVIC_ClearPendingIRQ                 0x08003257   Thumb Code    22  stm32f4xx_hal_cortex.o(.text)
    HAL_NVIC_GetActive                       0x0800326d   Thumb Code    38  stm32f4xx_hal_cortex.o(.text)
    HAL_SYSTICK_CLKSourceConfig              0x08003293   Thumb Code    40  stm32f4xx_hal_cortex.o(.text)
    HAL_SYSTICK_Callback                     0x080032bb   Thumb Code    10  stm32f4xx_hal_cortex.o(.text)
    HAL_SYSTICK_IRQHandler                   0x080032c5   Thumb Code     8  stm32f4xx_hal_cortex.o(.text)
    HAL_DMA_Init                             0x0800331b   Thumb Code   128  stm32f4xx_hal_dma.o(.text)
    HAL_DMA_DeInit                           0x0800339b   Thumb Code   100  stm32f4xx_hal_dma.o(.text)
    HAL_DMA_Start                            0x0800342b   Thumb Code    82  stm32f4xx_hal_dma.o(.text)
    HAL_DMA_Start_IT                         0x0800347d   Thumb Code   106  stm32f4xx_hal_dma.o(.text)
    HAL_DMA_Abort                            0x080034e7   Thumb Code    94  stm32f4xx_hal_dma.o(.text)
    HAL_DMA_PollForTransfer                  0x08003545   Thumb Code   412  stm32f4xx_hal_dma.o(.text)
    HAL_DMA_IRQHandler                       0x080036e1   Thumb Code   530  stm32f4xx_hal_dma.o(.text)
    HAL_DMA_GetState                         0x080038f3   Thumb Code     8  stm32f4xx_hal_dma.o(.text)
    HAL_DMA_GetError                         0x080038fb   Thumb Code     6  stm32f4xx_hal_dma.o(.text)
    HAL_GPIO_Init                            0x08003905   Thumb Code   476  stm32f4xx_hal_gpio.o(.text)
    HAL_GPIO_DeInit                          0x08003ae1   Thumb Code   326  stm32f4xx_hal_gpio.o(.text)
    HAL_GPIO_ReadPin                         0x08003c27   Thumb Code    16  stm32f4xx_hal_gpio.o(.text)
    HAL_GPIO_WritePin                        0x08003c37   Thumb Code    12  stm32f4xx_hal_gpio.o(.text)
    HAL_GPIO_TogglePin                       0x08003c43   Thumb Code     8  stm32f4xx_hal_gpio.o(.text)
    HAL_GPIO_LockPin                         0x08003c4b   Thumb Code    46  stm32f4xx_hal_gpio.o(.text)
    HAL_GPIO_EXTI_IRQHandler                 0x08003c83   Thumb Code    28  stm32f4xx_hal_gpio.o(.text)
    HAL_RCC_OscConfig                        0x08003cd3   Thumb Code  1032  stm32f4xx_hal_rcc.o(.text)
    HAL_RCC_ClockConfig                      0x080040db   Thumb Code   680  stm32f4xx_hal_rcc.o(.text)
    HAL_RCC_MCOConfig                        0x08004383   Thumb Code   178  stm32f4xx_hal_rcc.o(.text)
    HAL_RCC_EnableCSS                        0x08004435   Thumb Code     8  stm32f4xx_hal_rcc.o(.text)
    HAL_RCC_DisableCSS                       0x0800443d   Thumb Code     8  stm32f4xx_hal_rcc.o(.text)
    HAL_RCC_GetSysClockFreq                  0x08004445   Thumb Code   198  stm32f4xx_hal_rcc.o(.text)
    HAL_RCC_GetHCLKFreq                      0x0800450b   Thumb Code    42  stm32f4xx_hal_rcc.o(.text)
    HAL_RCC_GetPCLK1Freq                     0x08004535   Thumb Code    36  stm32f4xx_hal_rcc.o(.text)
    HAL_RCC_GetPCLK2Freq                     0x08004559   Thumb Code    36  stm32f4xx_hal_rcc.o(.text)
    HAL_RCC_GetOscConfig                     0x0800457d   Thumb Code   296  stm32f4xx_hal_rcc.o(.text)
    HAL_RCC_GetClockConfig                   0x080046a5   Thumb Code    58  stm32f4xx_hal_rcc.o(.text)
    HAL_RCC_CSSCallback                      0x080046df   Thumb Code    10  stm32f4xx_hal_rcc.o(.text)
    HAL_RCC_NMI_IRQHandler                   0x080046e9   Thumb Code    30  stm32f4xx_hal_rcc.o(.text)
    HAL_SPI_Init                             0x0800471f   Thumb Code   136  stm32f4xx_hal_spi.o(.text)
    HAL_SPI_MspDeInit                        0x080047a7   Thumb Code     2  stm32f4xx_hal_spi.o(.text)
    HAL_SPI_DeInit                           0x080047a9   Thumb Code    48  stm32f4xx_hal_spi.o(.text)
    HAL_SPI_Transmit                         0x080048ed   Thumb Code   450  stm32f4xx_hal_spi.o(.text)
    HAL_SPI_TransmitReceive                  0x08004aaf   Thumb Code   850  stm32f4xx_hal_spi.o(.text)
    HAL_SPI_Receive                          0x08004e01   Thumb Code   572  stm32f4xx_hal_spi.o(.text)
    HAL_SPI_ErrorCallback                    0x0800503d   Thumb Code     2  stm32f4xx_hal_spi.o(.text)
    HAL_SPI_TxCpltCallback                   0x0800503f   Thumb Code     2  stm32f4xx_hal_spi.o(.text)
    HAL_SPI_TxRxCpltCallback                 0x08005041   Thumb Code     2  stm32f4xx_hal_spi.o(.text)
    HAL_SPI_Transmit_IT                      0x08005131   Thumb Code   198  stm32f4xx_hal_spi.o(.text)
    HAL_SPI_RxCpltCallback                   0x080051f7   Thumb Code     2  stm32f4xx_hal_spi.o(.text)
    HAL_SPI_TransmitReceive_IT               0x0800531f   Thumb Code   192  stm32f4xx_hal_spi.o(.text)
    HAL_SPI_Receive_IT                       0x08005431   Thumb Code   222  stm32f4xx_hal_spi.o(.text)
    HAL_SPI_TxHalfCpltCallback               0x080055bf   Thumb Code     2  stm32f4xx_hal_spi.o(.text)
    HAL_SPI_Transmit_DMA                     0x080055cf   Thumb Code   218  stm32f4xx_hal_spi.o(.text)
    HAL_SPI_RxHalfCpltCallback               0x08005821   Thumb Code     2  stm32f4xx_hal_spi.o(.text)
    HAL_SPI_TxRxHalfCpltCallback             0x08005869   Thumb Code     2  stm32f4xx_hal_spi.o(.text)
    HAL_SPI_TransmitReceive_DMA              0x08005879   Thumb Code   324  stm32f4xx_hal_spi.o(.text)
    HAL_SPI_Receive_DMA                      0x080059bd   Thumb Code   288  stm32f4xx_hal_spi.o(.text)
    HAL_SPI_DMAPause                         0x08005add   Thumb Code    62  stm32f4xx_hal_spi.o(.text)
    HAL_SPI_DMAResume                        0x08005b1b   Thumb Code    62  stm32f4xx_hal_spi.o(.text)
    HAL_SPI_DMAStop                          0x08005b59   Thumb Code    58  stm32f4xx_hal_spi.o(.text)
    HAL_SPI_IRQHandler                       0x08005b93   Thumb Code   262  stm32f4xx_hal_spi.o(.text)
    HAL_SPI_GetState                         0x08005c99   Thumb Code     8  stm32f4xx_hal_spi.o(.text)
    HAL_SPI_GetError                         0x08005ca1   Thumb Code     6  stm32f4xx_hal_spi.o(.text)
    TIM_Base_SetConfig                       0x08005cb5   Thumb Code   184  stm32f4xx_hal_tim.o(.text)
    HAL_TIM_Base_MspInit                     0x08005d6d   Thumb Code     2  stm32f4xx_hal_tim.o(.text)
    HAL_TIM_Base_Init                        0x08005d6f   Thumb Code    52  stm32f4xx_hal_tim.o(.text)
    HAL_TIM_Base_MspDeInit                   0x08005da3   Thumb Code     2  stm32f4xx_hal_tim.o(.text)
    HAL_TIM_Base_DeInit                      0x08005da5   Thumb Code    70  stm32f4xx_hal_tim.o(.text)
    HAL_TIM_Base_Start                       0x08005deb   Thumb Code    30  stm32f4xx_hal_tim.o(.text)
    HAL_TIM_Base_Stop                        0x08005e09   Thumb Code    56  stm32f4xx_hal_tim.o(.text)
    HAL_TIM_Base_Start_IT                    0x08005e41   Thumb Code    30  stm32f4xx_hal_tim.o(.text)
    HAL_TIM_Base_Stop_IT                     0x08005e5f   Thumb Code    56  stm32f4xx_hal_tim.o(.text)
    HAL_TIM_ErrorCallback                    0x08005e97   Thumb Code     2  stm32f4xx_hal_tim.o(.text)
    TIM_DMAError                             0x08005e99   Thumb Code    20  stm32f4xx_hal_tim.o(.text)
    HAL_TIM_Base_Start_DMA                   0x08005ec3   Thumb Code    98  stm32f4xx_hal_tim.o(.text)
    HAL_TIM_Base_Stop_DMA                    0x08005f25   Thumb Code    62  stm32f4xx_hal_tim.o(.text)
    HAL_TIM_OC_MspInit                       0x08005f63   Thumb Code     2  stm32f4xx_hal_tim.o(.text)
    HAL_TIM_OC_Init                          0x08005f65   Thumb Code    52  stm32f4xx_hal_tim.o(.text)
    HAL_TIM_OC_MspDeInit                     0x08005f99   Thumb Code     2  stm32f4xx_hal_tim.o(.text)
    HAL_TIM_OC_DeInit                        0x08005f9b   Thumb Code    70  stm32f4xx_hal_tim.o(.text)
    TIM_CCxChannelCmd                        0x08005fe1   Thumb Code    28  stm32f4xx_hal_tim.o(.text)
    HAL_TIM_OC_Start                         0x08005ffd   Thumb Code    68  stm32f4xx_hal_tim.o(.text)
    HAL_TIM_OC_Stop                          0x08006041   Thumb Code   170  stm32f4xx_hal_tim.o(.text)
    HAL_TIM_OC_Start_IT                      0x080060eb   Thumb Code   144  stm32f4xx_hal_tim.o(.text)
    HAL_TIM_OC_Stop_IT                       0x0800617b   Thumb Code   196  stm32f4xx_hal_tim.o(.text)
    HAL_TIM_PWM_PulseFinishedCallback        0x0800623f   Thumb Code     2  stm32f4xx_hal_tim.o(.text)
    TIM_DMADelayPulseCplt                    0x08006241   Thumb Code    70  stm32f4xx_hal_tim.o(.text)
    HAL_TIM_OC_Start_DMA                     0x08006287   Thumb Code   312  stm32f4xx_hal_tim.o(.text)
    HAL_TIM_OC_Stop_DMA                      0x080063bf   Thumb Code   202  stm32f4xx_hal_tim.o(.text)
    HAL_TIM_PWM_MspInit                      0x08006489   Thumb Code     2  stm32f4xx_hal_tim.o(.text)
    HAL_TIM_PWM_Init                         0x0800648b   Thumb Code    52  stm32f4xx_hal_tim.o(.text)
    HAL_TIM_PWM_MspDeInit                    0x080064bf   Thumb Code     2  stm32f4xx_hal_tim.o(.text)
    HAL_TIM_PWM_DeInit                       0x080064c1   Thumb Code    70  stm32f4xx_hal_tim.o(.text)
    HAL_TIM_PWM_Start                        0x08006507   Thumb Code    78  stm32f4xx_hal_tim.o(.text)
    HAL_TIM_PWM_Stop                         0x08006555   Thumb Code   126  stm32f4xx_hal_tim.o(.text)
    HAL_TIM_PWM_Start_IT                     0x080065d3   Thumb Code   144  stm32f4xx_hal_tim.o(.text)
    HAL_TIM_PWM_Stop_IT                      0x08006663   Thumb Code   196  stm32f4xx_hal_tim.o(.text)
    HAL_TIM_PWM_Start_DMA                    0x08006727   Thumb Code   312  stm32f4xx_hal_tim.o(.text)
    HAL_TIM_PWM_Stop_DMA                     0x0800685f   Thumb Code   202  stm32f4xx_hal_tim.o(.text)
    HAL_TIM_IC_MspInit                       0x08006929   Thumb Code     2  stm32f4xx_hal_tim.o(.text)
    HAL_TIM_IC_Init                          0x0800692b   Thumb Code    62  stm32f4xx_hal_tim.o(.text)
    HAL_TIM_IC_MspDeInit                     0x08006969   Thumb Code     2  stm32f4xx_hal_tim.o(.text)
    HAL_TIM_IC_DeInit                        0x0800696b   Thumb Code    70  stm32f4xx_hal_tim.o(.text)
    HAL_TIM_IC_Start                         0x080069b1   Thumb Code    32  stm32f4xx_hal_tim.o(.text)
    HAL_TIM_IC_Stop                          0x080069d1   Thumb Code    58  stm32f4xx_hal_tim.o(.text)
    HAL_TIM_IC_Start_IT                      0x08006a0b   Thumb Code   108  stm32f4xx_hal_tim.o(.text)
    HAL_TIM_IC_Stop_IT                       0x08006a77   Thumb Code   134  stm32f4xx_hal_tim.o(.text)
    HAL_TIM_IC_CaptureCallback               0x08006afd   Thumb Code     2  stm32f4xx_hal_tim.o(.text)
    TIM_DMACaptureCplt                       0x08006aff   Thumb Code    70  stm32f4xx_hal_tim.o(.text)
    HAL_TIM_IC_Start_DMA                     0x08006b45   Thumb Code   276  stm32f4xx_hal_tim.o(.text)
    HAL_TIM_IC_Stop_DMA                      0x08006c59   Thumb Code   140  stm32f4xx_hal_tim.o(.text)
    HAL_TIM_OnePulse_MspInit                 0x08006ce5   Thumb Code     2  stm32f4xx_hal_tim.o(.text)
    HAL_TIM_OnePulse_Init                    0x08006ce7   Thumb Code    76  stm32f4xx_hal_tim.o(.text)
    HAL_TIM_OnePulse_MspDeInit               0x08006d33   Thumb Code     2  stm32f4xx_hal_tim.o(.text)
    HAL_TIM_OnePulse_DeInit                  0x08006d35   Thumb Code    70  stm32f4xx_hal_tim.o(.text)
    HAL_TIM_OnePulse_Start                   0x08006d7b   Thumb Code    66  stm32f4xx_hal_tim.o(.text)
    HAL_TIM_OnePulse_Stop                    0x08006dbd   Thumb Code   130  stm32f4xx_hal_tim.o(.text)
    HAL_TIM_OnePulse_Start_IT                0x08006e3f   Thumb Code    90  stm32f4xx_hal_tim.o(.text)
    HAL_TIM_OnePulse_Stop_IT                 0x08006e99   Thumb Code   154  stm32f4xx_hal_tim.o(.text)
    HAL_TIM_Encoder_MspInit                  0x08006f33   Thumb Code     2  stm32f4xx_hal_tim.o(.text)
    HAL_TIM_Encoder_Init                     0x08006f35   Thumb Code   180  stm32f4xx_hal_tim.o(.text)
    HAL_TIM_Encoder_MspDeInit                0x08006fe9   Thumb Code     2  stm32f4xx_hal_tim.o(.text)
    HAL_TIM_Encoder_DeInit                   0x08006feb   Thumb Code    70  stm32f4xx_hal_tim.o(.text)
    HAL_TIM_Encoder_Start                    0x08007031   Thumb Code    78  stm32f4xx_hal_tim.o(.text)
    HAL_TIM_Encoder_Stop                     0x0800707f   Thumb Code   104  stm32f4xx_hal_tim.o(.text)
    HAL_TIM_Encoder_Start_IT                 0x080070e7   Thumb Code   126  stm32f4xx_hal_tim.o(.text)
    HAL_TIM_Encoder_Stop_IT                  0x08007165   Thumb Code   160  stm32f4xx_hal_tim.o(.text)
    HAL_TIM_Encoder_Start_DMA                0x08007205   Thumb Code   328  stm32f4xx_hal_tim.o(.text)
    HAL_TIM_Encoder_Stop_DMA                 0x0800734d   Thumb Code   152  stm32f4xx_hal_tim.o(.text)
    HAL_TIM_TriggerCallback                  0x080073e5   Thumb Code     2  stm32f4xx_hal_tim.o(.text)
    HAL_TIM_OC_DelayElapsedCallback          0x080073e7   Thumb Code     2  stm32f4xx_hal_tim.o(.text)
    HAL_TIM_IRQHandler                       0x080073e9   Thumb Code   406  stm32f4xx_hal_tim.o(.text)
    TIM_OC2_SetConfig                        0x08007651   Thumb Code   112  stm32f4xx_hal_tim.o(.text)
    HAL_TIM_OC_ConfigChannel                 0x08007727   Thumb Code   116  stm32f4xx_hal_tim.o(.text)
    TIM_TI1_SetConfig                        0x08007855   Thumb Code   122  stm32f4xx_hal_tim.o(.text)
    HAL_TIM_IC_ConfigChannel                 0x080078cf   Thumb Code   224  stm32f4xx_hal_tim.o(.text)
    HAL_TIM_PWM_ConfigChannel                0x080079af   Thumb Code   294  stm32f4xx_hal_tim.o(.text)
    HAL_TIM_OnePulse_ConfigChannel           0x08007ad5   Thumb Code   286  stm32f4xx_hal_tim.o(.text)
    HAL_TIM_DMABurst_WriteStart              0x08007c07   Thumb Code   366  stm32f4xx_hal_tim.o(.text)
    HAL_TIM_DMABurst_WriteStop               0x08007d75   Thumb Code   128  stm32f4xx_hal_tim.o(.text)
    HAL_TIM_DMABurst_ReadStart               0x08007df5   Thumb Code   366  stm32f4xx_hal_tim.o(.text)
    HAL_TIM_DMABurst_ReadStop                0x08007f63   Thumb Code   128  stm32f4xx_hal_tim.o(.text)
    HAL_TIM_GenerateEvent                    0x08007fe3   Thumb Code    54  stm32f4xx_hal_tim.o(.text)
    HAL_TIM_ConfigOCrefClear                 0x08008031   Thumb Code   252  stm32f4xx_hal_tim.o(.text)
    HAL_TIM_ConfigClockSource                0x08008197   Thumb Code   306  stm32f4xx_hal_tim.o(.text)
    HAL_TIM_ConfigTI1Input                   0x080082c9   Thumb Code    24  stm32f4xx_hal_tim.o(.text)
    HAL_TIM_SlaveConfigSynchronization       0x08008385   Thumb Code    86  stm32f4xx_hal_tim.o(.text)
    HAL_TIM_SlaveConfigSynchronization_IT    0x080083db   Thumb Code    86  stm32f4xx_hal_tim.o(.text)
    HAL_TIM_ReadCapturedValue                0x08008431   Thumb Code    84  stm32f4xx_hal_tim.o(.text)
    HAL_TIM_Base_GetState                    0x08008485   Thumb Code     8  stm32f4xx_hal_tim.o(.text)
    HAL_TIM_OC_GetState                      0x0800848d   Thumb Code     8  stm32f4xx_hal_tim.o(.text)
    HAL_TIM_PWM_GetState                     0x08008495   Thumb Code     8  stm32f4xx_hal_tim.o(.text)
    HAL_TIM_IC_GetState                      0x0800849d   Thumb Code     8  stm32f4xx_hal_tim.o(.text)
    HAL_TIM_OnePulse_GetState                0x080084a5   Thumb Code     8  stm32f4xx_hal_tim.o(.text)
    HAL_TIM_Encoder_GetState                 0x080084ad   Thumb Code     8  stm32f4xx_hal_tim.o(.text)
    HAL_TIMEx_HallSensor_MspInit             0x080084b5   Thumb Code     2  stm32f4xx_hal_tim_ex.o(.text)
    HAL_TIMEx_HallSensor_Init                0x080084b7   Thumb Code   196  stm32f4xx_hal_tim_ex.o(.text)
    HAL_TIMEx_HallSensor_MspDeInit           0x0800857b   Thumb Code     2  stm32f4xx_hal_tim_ex.o(.text)
    HAL_TIMEx_HallSensor_DeInit              0x0800857d   Thumb Code    70  stm32f4xx_hal_tim_ex.o(.text)
    HAL_TIMEx_HallSensor_Start               0x080085c3   Thumb Code    30  stm32f4xx_hal_tim_ex.o(.text)
    HAL_TIMEx_HallSensor_Stop                0x080085e1   Thumb Code    56  stm32f4xx_hal_tim_ex.o(.text)
    HAL_TIMEx_HallSensor_Start_IT            0x08008619   Thumb Code    42  stm32f4xx_hal_tim_ex.o(.text)
    HAL_TIMEx_HallSensor_Stop_IT             0x08008643   Thumb Code    68  stm32f4xx_hal_tim_ex.o(.text)
    HAL_TIMEx_HallSensor_Start_DMA           0x08008687   Thumb Code   106  stm32f4xx_hal_tim_ex.o(.text)
    HAL_TIMEx_HallSensor_Stop_DMA            0x080086f1   Thumb Code    68  stm32f4xx_hal_tim_ex.o(.text)
    HAL_TIMEx_OCN_Start                      0x08008751   Thumb Code    44  stm32f4xx_hal_tim_ex.o(.text)
    HAL_TIMEx_OCN_Stop                       0x0800877d   Thumb Code    96  stm32f4xx_hal_tim_ex.o(.text)
    HAL_TIMEx_OCN_Start_IT                   0x080087dd   Thumb Code   132  stm32f4xx_hal_tim_ex.o(.text)
    HAL_TIMEx_OCN_Stop_IT                    0x08008861   Thumb Code   196  stm32f4xx_hal_tim_ex.o(.text)
    HAL_TIMEx_OCN_Start_DMA                  0x08008925   Thumb Code   272  stm32f4xx_hal_tim_ex.o(.text)
    HAL_TIMEx_OCN_Stop_DMA                   0x08008a35   Thumb Code   192  stm32f4xx_hal_tim_ex.o(.text)
    HAL_TIMEx_PWMN_Start                     0x08008af5   Thumb Code    44  stm32f4xx_hal_tim_ex.o(.text)
    HAL_TIMEx_PWMN_Stop                      0x08008b21   Thumb Code    96  stm32f4xx_hal_tim_ex.o(.text)
    HAL_TIMEx_PWMN_Start_IT                  0x08008b81   Thumb Code   132  stm32f4xx_hal_tim_ex.o(.text)
    HAL_TIMEx_PWMN_Stop_IT                   0x08008c05   Thumb Code   196  stm32f4xx_hal_tim_ex.o(.text)
    HAL_TIMEx_PWMN_Start_DMA                 0x08008cc9   Thumb Code   272  stm32f4xx_hal_tim_ex.o(.text)
    HAL_TIMEx_PWMN_Stop_DMA                  0x08008dd9   Thumb Code   178  stm32f4xx_hal_tim_ex.o(.text)
    HAL_TIMEx_OnePulseN_Start                0x08008e8b   Thumb Code    32  stm32f4xx_hal_tim_ex.o(.text)
    HAL_TIMEx_OnePulseN_Stop                 0x08008eab   Thumb Code    96  stm32f4xx_hal_tim_ex.o(.text)
    HAL_TIMEx_OnePulseN_Start_IT             0x08008f0b   Thumb Code    56  stm32f4xx_hal_tim_ex.o(.text)
    HAL_TIMEx_OnePulseN_Stop_IT              0x08008f43   Thumb Code   120  stm32f4xx_hal_tim_ex.o(.text)
    HAL_TIMEx_ConfigCommutationEvent         0x08008fbb   Thumb Code   110  stm32f4xx_hal_tim_ex.o(.text)
    HAL_TIMEx_ConfigCommutationEvent_IT      0x08009029   Thumb Code   122  stm32f4xx_hal_tim_ex.o(.text)
    HAL_TIMEx_CommutationCallback            0x080090a3   Thumb Code     2  stm32f4xx_hal_tim_ex.o(.text)
    TIMEx_DMACommutationCplt                 0x080090a5   Thumb Code    20  stm32f4xx_hal_tim_ex.o(.text)
    HAL_TIMEx_ConfigCommutationEvent_DMA     0x080090b9   Thumb Code   146  stm32f4xx_hal_tim_ex.o(.text)
    HAL_TIMEx_MasterConfigSynchronization    0x0800914b   Thumb Code    98  stm32f4xx_hal_tim_ex.o(.text)
    HAL_TIMEx_ConfigBreakDeadTime            0x080091ad   Thumb Code    80  stm32f4xx_hal_tim_ex.o(.text)
    HAL_TIMEx_RemapConfig                    0x080091fd   Thumb Code    48  stm32f4xx_hal_tim_ex.o(.text)
    HAL_TIMEx_BreakCallback                  0x0800922d   Thumb Code     2  stm32f4xx_hal_tim_ex.o(.text)
    HAL_TIMEx_HallSensor_GetState            0x0800922f   Thumb Code     8  stm32f4xx_hal_tim_ex.o(.text)
    Reset_Handler                            0x0800923d   Thumb Code     8  startup_stm32f407xx.o(.text)
    NMI_Handler                              0x08009245   Thumb Code     2  startup_stm32f407xx.o(.text)
    HardFault_Handler                        0x08009247   Thumb Code     2  startup_stm32f407xx.o(.text)
    MemManage_Handler                        0x08009249   Thumb Code     2  startup_stm32f407xx.o(.text)
    BusFault_Handler                         0x0800924b   Thumb Code     2  startup_stm32f407xx.o(.text)
    UsageFault_Handler                       0x0800924d   Thumb Code     2  startup_stm32f407xx.o(.text)
    DebugMon_Handler                         0x08009251   Thumb Code     2  startup_stm32f407xx.o(.text)
    ADC_IRQHandler                           0x08009257   Thumb Code     0  startup_stm32f407xx.o(.text)
    CAN1_RX0_IRQHandler                      0x08009257   Thumb Code     0  startup_stm32f407xx.o(.text)
    CAN1_RX1_IRQHandler                      0x08009257   Thumb Code     0  startup_stm32f407xx.o(.text)
    CAN1_SCE_IRQHandler                      0x08009257   Thumb Code     0  startup_stm32f407xx.o(.text)
    CAN1_TX_IRQHandler                       0x08009257   Thumb Code     0  startup_stm32f407xx.o(.text)
    CAN2_RX0_IRQHandler                      0x08009257   Thumb Code     0  startup_stm32f407xx.o(.text)
    CAN2_RX1_IRQHandler                      0x08009257   Thumb Code     0  startup_stm32f407xx.o(.text)
    CAN2_SCE_IRQHandler                      0x08009257   Thumb Code     0  startup_stm32f407xx.o(.text)
    CAN2_TX_IRQHandler                       0x08009257   Thumb Code     0  startup_stm32f407xx.o(.text)
    DCMI_IRQHandler                          0x08009257   Thumb Code     0  startup_stm32f407xx.o(.text)
    DMA1_Stream0_IRQHandler                  0x08009257   Thumb Code     0  startup_stm32f407xx.o(.text)
    DMA1_Stream1_IRQHandler                  0x08009257   Thumb Code     0  startup_stm32f407xx.o(.text)
    DMA1_Stream2_IRQHandler                  0x08009257   Thumb Code     0  startup_stm32f407xx.o(.text)
    DMA1_Stream3_IRQHandler                  0x08009257   Thumb Code     0  startup_stm32f407xx.o(.text)
    DMA1_Stream4_IRQHandler                  0x08009257   Thumb Code     0  startup_stm32f407xx.o(.text)
    DMA1_Stream5_IRQHandler                  0x08009257   Thumb Code     0  startup_stm32f407xx.o(.text)
    DMA1_Stream6_IRQHandler                  0x08009257   Thumb Code     0  startup_stm32f407xx.o(.text)
    DMA1_Stream7_IRQHandler                  0x08009257   Thumb Code     0  startup_stm32f407xx.o(.text)
    DMA2_Stream0_IRQHandler                  0x08009257   Thumb Code     0  startup_stm32f407xx.o(.text)
    DMA2_Stream1_IRQHandler                  0x08009257   Thumb Code     0  startup_stm32f407xx.o(.text)
    DMA2_Stream2_IRQHandler                  0x08009257   Thumb Code     0  startup_stm32f407xx.o(.text)
    DMA2_Stream3_IRQHandler                  0x08009257   Thumb Code     0  startup_stm32f407xx.o(.text)
    DMA2_Stream4_IRQHandler                  0x08009257   Thumb Code     0  startup_stm32f407xx.o(.text)
    DMA2_Stream5_IRQHandler                  0x08009257   Thumb Code     0  startup_stm32f407xx.o(.text)
    DMA2_Stream6_IRQHandler                  0x08009257   Thumb Code     0  startup_stm32f407xx.o(.text)
    DMA2_Stream7_IRQHandler                  0x08009257   Thumb Code     0  startup_stm32f407xx.o(.text)
    ETH_IRQHandler                           0x08009257   Thumb Code     0  startup_stm32f407xx.o(.text)
    ETH_WKUP_IRQHandler                      0x08009257   Thumb Code     0  startup_stm32f407xx.o(.text)
    EXTI15_10_IRQHandler                     0x08009257   Thumb Code     0  startup_stm32f407xx.o(.text)
    EXTI1_IRQHandler                         0x08009257   Thumb Code     0  startup_stm32f407xx.o(.text)
    EXTI2_IRQHandler                         0x08009257   Thumb Code     0  startup_stm32f407xx.o(.text)
    EXTI3_IRQHandler                         0x08009257   Thumb Code     0  startup_stm32f407xx.o(.text)
    EXTI4_IRQHandler                         0x08009257   Thumb Code     0  startup_stm32f407xx.o(.text)
    FLASH_IRQHandler                         0x08009257   Thumb Code     0  startup_stm32f407xx.o(.text)
    FMC_IRQHandler                           0x08009257   Thumb Code     0  startup_stm32f407xx.o(.text)
    FPU_IRQHandler                           0x08009257   Thumb Code     0  startup_stm32f407xx.o(.text)
    HASH_RNG_IRQHandler                      0x08009257   Thumb Code     0  startup_stm32f407xx.o(.text)
    I2C1_ER_IRQHandler                       0x08009257   Thumb Code     0  startup_stm32f407xx.o(.text)
    I2C1_EV_IRQHandler                       0x08009257   Thumb Code     0  startup_stm32f407xx.o(.text)
    I2C2_ER_IRQHandler                       0x08009257   Thumb Code     0  startup_stm32f407xx.o(.text)
    I2C2_EV_IRQHandler                       0x08009257   Thumb Code     0  startup_stm32f407xx.o(.text)
    I2C3_ER_IRQHandler                       0x08009257   Thumb Code     0  startup_stm32f407xx.o(.text)
    I2C3_EV_IRQHandler                       0x08009257   Thumb Code     0  startup_stm32f407xx.o(.text)
    OTG_FS_IRQHandler                        0x08009257   Thumb Code     0  startup_stm32f407xx.o(.text)
    OTG_FS_WKUP_IRQHandler                   0x08009257   Thumb Code     0  startup_stm32f407xx.o(.text)
    OTG_HS_EP1_IN_IRQHandler                 0x08009257   Thumb Code     0  startup_stm32f407xx.o(.text)
    OTG_HS_EP1_OUT_IRQHandler                0x08009257   Thumb Code     0  startup_stm32f407xx.o(.text)
    OTG_HS_IRQHandler                        0x08009257   Thumb Code     0  startup_stm32f407xx.o(.text)
    OTG_HS_WKUP_IRQHandler                   0x08009257   Thumb Code     0  startup_stm32f407xx.o(.text)
    PVD_IRQHandler                           0x08009257   Thumb Code     0  startup_stm32f407xx.o(.text)
    RCC_IRQHandler                           0x08009257   Thumb Code     0  startup_stm32f407xx.o(.text)
    RTC_Alarm_IRQHandler                     0x08009257   Thumb Code     0  startup_stm32f407xx.o(.text)
    RTC_WKUP_IRQHandler                      0x08009257   Thumb Code     0  startup_stm32f407xx.o(.text)
    SDIO_IRQHandler                          0x08009257   Thumb Code     0  startup_stm32f407xx.o(.text)
    SPI1_IRQHandler                          0x08009257   Thumb Code     0  startup_stm32f407xx.o(.text)
    SPI2_IRQHandler                          0x08009257   Thumb Code     0  startup_stm32f407xx.o(.text)
    SPI3_IRQHandler                          0x08009257   Thumb Code     0  startup_stm32f407xx.o(.text)
    TAMP_STAMP_IRQHandler                    0x08009257   Thumb Code     0  startup_stm32f407xx.o(.text)
    TIM1_BRK_TIM9_IRQHandler                 0x08009257   Thumb Code     0  startup_stm32f407xx.o(.text)
    TIM1_CC_IRQHandler                       0x08009257   Thumb Code     0  startup_stm32f407xx.o(.text)
    TIM1_TRG_COM_TIM11_IRQHandler            0x08009257   Thumb Code     0  startup_stm32f407xx.o(.text)
    TIM1_UP_TIM10_IRQHandler                 0x08009257   Thumb Code     0  startup_stm32f407xx.o(.text)
    TIM4_IRQHandler                          0x08009257   Thumb Code     0  startup_stm32f407xx.o(.text)
    TIM5_IRQHandler                          0x08009257   Thumb Code     0  startup_stm32f407xx.o(.text)
    TIM6_DAC_IRQHandler                      0x08009257   Thumb Code     0  startup_stm32f407xx.o(.text)
    TIM7_IRQHandler                          0x08009257   Thumb Code     0  startup_stm32f407xx.o(.text)
    TIM8_BRK_TIM12_IRQHandler                0x08009257   Thumb Code     0  startup_stm32f407xx.o(.text)
    TIM8_CC_IRQHandler                       0x08009257   Thumb Code     0  startup_stm32f407xx.o(.text)
    TIM8_TRG_COM_TIM14_IRQHandler            0x08009257   Thumb Code     0  startup_stm32f407xx.o(.text)
    TIM8_UP_TIM13_IRQHandler                 0x08009257   Thumb Code     0  startup_stm32f407xx.o(.text)
    UART4_IRQHandler                         0x08009257   Thumb Code     0  startup_stm32f407xx.o(.text)
    UART5_IRQHandler                         0x08009257   Thumb Code     0  startup_stm32f407xx.o(.text)
    USART1_IRQHandler                        0x08009257   Thumb Code     0  startup_stm32f407xx.o(.text)
    USART2_IRQHandler                        0x08009257   Thumb Code     0  startup_stm32f407xx.o(.text)
    USART3_IRQHandler                        0x08009257   Thumb Code     0  startup_stm32f407xx.o(.text)
    USART6_IRQHandler                        0x08009257   Thumb Code     0  startup_stm32f407xx.o(.text)
    WWDG_IRQHandler                          0x08009257   Thumb Code     0  startup_stm32f407xx.o(.text)
    SystemInit                               0x08009261   Thumb Code    82  system_stm32f4xx.o(.text)
    SystemCoreClockUpdate                    0x080092b3   Thumb Code   174  system_stm32f4xx.o(.text)
    __aeabi_memcpy                           0x08009381   Thumb Code    36  memcpya.o(.text)
    __aeabi_memcpy4                          0x08009381   Thumb Code     0  memcpya.o(.text)
    __aeabi_memcpy8                          0x08009381   Thumb Code     0  memcpya.o(.text)
    __aeabi_dmul                             0x080093a5   Thumb Code   228  dmul.o(.text)
    __aeabi_ddiv                             0x08009489   Thumb Code   222  ddiv.o(.text)
    __aeabi_i2d                              0x08009567   Thumb Code    34  dflti.o(.text)
    __aeabi_d2iz                             0x08009589   Thumb Code    62  dfixi.o(.text)
    __aeabi_f2d                              0x080095c7   Thumb Code    38  f2d.o(.text)
    __aeabi_d2f                              0x080095ed   Thumb Code    56  d2f.o(.text)
    __aeabi_llsl                             0x08009625   Thumb Code    30  llshl.o(.text)
    _ll_shift_l                              0x08009625   Thumb Code     0  llshl.o(.text)
    __aeabi_llsr                             0x08009643   Thumb Code    32  llushr.o(.text)
    _ll_ushift_r                             0x08009643   Thumb Code     0  llushr.o(.text)
    __I$use$fp                               0x08009663   Thumb Code     0  iusefp.o(.text)
    _float_round                             0x08009663   Thumb Code    18  fepilogue.o(.text)
    _float_epilogue                          0x08009675   Thumb Code    92  fepilogue.o(.text)
    _double_round                            0x080096d1   Thumb Code    30  depilogue.o(.text)
    _double_epilogue                         0x080096ef   Thumb Code   156  depilogue.o(.text)
    __aeabi_dadd                             0x0800978b   Thumb Code   322  dadd.o(.text)
    __aeabi_dsub                             0x080098cd   Thumb Code     6  dadd.o(.text)
    __aeabi_drsub                            0x080098d3   Thumb Code     6  dadd.o(.text)
    _dsqrt                                   0x080098d9   Thumb Code   162  dsqrt.o(.text)
    __aeabi_cdrcmple                         0x0800997d   Thumb Code    48  cdrcmple.o(.text)
    __scatterload                            0x080099ad   Thumb Code    28  init.o(.text)
    __scatterload_rt2                        0x080099ad   Thumb Code     0  init.o(.text)
    __aeabi_lasr                             0x080099d1   Thumb Code    36  llsshr.o(.text)
    _ll_sshift_r                             0x080099d1   Thumb Code     0  llsshr.o(.text)
    SVC_Count                                0x080099f4   Data           4  svc_table.o(SVC_TABLE)
    SVC_Table                                0x080099f8   Data           0  svc_table.o(SVC_TABLE)
    __0printf$bare                           0x080099f9   Thumb Code     8  printfb.o(i.__0printf$bare)
    __1printf$bare                           0x080099f9   Thumb Code     0  printfb.o(i.__0printf$bare)
    __2printf                                0x080099f9   Thumb Code     0  printfb.o(i.__0printf$bare)
    __ARM_fpclassify                         0x08009a09   Thumb Code    48  fpclassify.o(i.__ARM_fpclassify)
    __hardfp_atan                            0x08009a39   Thumb Code   622  atan.o(i.__hardfp_atan)
    __hardfp_atan2                           0x08009d11   Thumb Code   432  atan2.o(i.__hardfp_atan2)
    __hardfp_floor                           0x08009f01   Thumb Code   252  floor.o(i.__hardfp_floor)
    __hardfp_sqrt                            0x0800a019   Thumb Code   122  sqrt.o(i.__hardfp_sqrt)
    __kernel_poly                            0x0800a093   Thumb Code   248  poly.o(i.__kernel_poly)
    __mathlib_dbl_infnan                     0x0800a18b   Thumb Code    20  dunder.o(i.__mathlib_dbl_infnan)
    __mathlib_dbl_infnan2                    0x0800a19f   Thumb Code    20  dunder.o(i.__mathlib_dbl_infnan2)
    __mathlib_dbl_underflow                  0x0800a1b9   Thumb Code    24  dunder.o(i.__mathlib_dbl_underflow)
    __scatterload_copy                       0x0800a1d9   Thumb Code    14  handlers.o(i.__scatterload_copy)
    __scatterload_null                       0x0800a1e7   Thumb Code     2  handlers.o(i.__scatterload_null)
    __scatterload_zeroinit                   0x0800a1e9   Thumb Code    14  handlers.o(i.__scatterload_zeroinit)
    __set_errno                              0x0800a1f9   Thumb Code     6  errno.o(i.__set_errno)
    _init_box                                0x0800a205   Thumb Code    70  rt_membox.o(i._init_box)
    atan                                     0x0800a26d   Thumb Code    16  atan.o(i.atan)
    dbg_init                                 0x0800a27d   Thumb Code    34  hal_cm.o(i.dbg_init)
    dbg_task_notify                          0x0800a2ad   Thumb Code    32  hal_cm.o(i.dbg_task_notify)
    dbg_task_switch                          0x0800a2cd   Thumb Code    16  hal_cm.o(i.dbg_task_switch)
    fabs                                     0x0800a2dd   Thumb Code    24  fabs.o(i.fabs)
    isrMessageGet                            0x0800a2f5   Thumb Code    42  rt_cmsis.o(i.isrMessageGet)
    isrMessagePut                            0x0800a31f   Thumb Code    44  rt_cmsis.o(i.isrMessagePut)
    isrSemaphoreRelease                      0x0800a34b   Thumb Code    40  rt_cmsis.o(i.isrSemaphoreRelease)
    isr_mbx_receive                          0x0800a375   Thumb Code    82  rt_mailbox.o(i.isr_mbx_receive)
    isr_mbx_send                             0x0800a3c7   Thumb Code    14  rt_mailbox.o(i.isr_mbx_send)
    isr_sem_send                             0x0800a3d5   Thumb Code    16  rt_semaphore.o(i.isr_sem_send)
    osKernelInitialize                       0x0800a3e5   Thumb Code    30  rt_cmsis.o(i.osKernelInitialize)
    osKernelStart                            0x0800a409   Thumb Code    98  rt_cmsis.o(i.osKernelStart)
    osMessageGet                             0x0800a475   Thumb Code    18  rt_cmsis.o(i.osMessageGet)
    osMutexCreate                            0x0800a48d   Thumb Code    38  rt_cmsis.o(i.osMutexCreate)
    osMutexRelease                           0x0800a4bd   Thumb Code    18  rt_cmsis.o(i.osMutexRelease)
    osMutexWait                              0x0800a4d5   Thumb Code    18  rt_cmsis.o(i.osMutexWait)
    osSemaphoreCreate                        0x0800a4ed   Thumb Code    38  rt_cmsis.o(i.osSemaphoreCreate)
    osSemaphoreRelease                       0x0800a51d   Thumb Code    18  rt_cmsis.o(i.osSemaphoreRelease)
    osSemaphoreWait                          0x0800a535   Thumb Code    20  rt_cmsis.o(i.osSemaphoreWait)
    osThreadCreate                           0x0800a54d   Thumb Code    38  rt_cmsis.o(i.osThreadCreate)
    osThreadExit                             0x0800a57d   Thumb Code    14  rt_cmsis.o(i.osThreadExit)
    osTimerCall                              0x0800a595   Thumb Code     8  rt_cmsis.o(i.osTimerCall)
    osTimerThread                            0x0800a5a1   Thumb Code    38  rt_cmsis.o(i.osTimerThread)
    os_tick_init                             0x0800a5cd   Thumb Code    32  rt_system.o(i.os_tick_init)
    os_tick_irqack                           0x0800a5f5   Thumb Code     2  rt_system.o(i.os_tick_irqack)
    rt_alloc_box                             0x0800a5f7   Thumb Code    26  rt_membox.o(i.rt_alloc_box)
    rt_alloc_mem                             0x0800a611   Thumb Code    62  rt_memory.o(i.rt_alloc_mem)
    rt_block                                 0x0800a651   Thumb Code    48  rt_task.o(i.rt_block)
    rt_chk_robin                             0x0800a689   Thumb Code    60  rt_robin.o(i.rt_chk_robin)
    rt_dec_dly                               0x0800a6d1   Thumb Code   102  rt_list.o(i.rt_dec_dly)
    rt_dispatch                              0x0800a741   Thumb Code    60  rt_task.o(i.rt_dispatch)
    rt_evt_psh                               0x0800a785   Thumb Code    76  rt_event.o(i.rt_evt_psh)
    rt_free_box                              0x0800a7d5   Thumb Code    44  rt_membox.o(i.rt_free_box)
    rt_free_mem                              0x0800a801   Thumb Code    40  rt_memory.o(i.rt_free_mem)
    rt_get_first                             0x0800a829   Thumb Code    40  rt_list.o(i.rt_get_first)
    rt_init_mem                              0x0800a8a1   Thumb Code    26  rt_memory.o(i.rt_init_mem)
    rt_init_robin                            0x0800a8bd   Thumb Code    14  rt_robin.o(i.rt_init_robin)
    rt_init_stack                            0x0800a8d5   Thumb Code   118  hal_cm.o(i.rt_init_stack)
    rt_mbx_check                             0x0800a955   Thumb Code     8  rt_mailbox.o(i.rt_mbx_check)
    rt_mbx_init                              0x0800a95d   Thumb Code    26  rt_mailbox.o(i.rt_mbx_init)
    rt_mbx_psh                               0x0800a979   Thumb Code   236  rt_mailbox.o(i.rt_mbx_psh)
    rt_mbx_wait                              0x0800aa69   Thumb Code   174  rt_mailbox.o(i.rt_mbx_wait)
    rt_mut_init                              0x0800ab61   Thumb Code    16  rt_mutex.o(i.rt_mut_init)
    rt_mut_release                           0x0800ab71   Thumb Code   208  rt_mutex.o(i.rt_mut_release)
    rt_mut_wait                              0x0800ac49   Thumb Code   100  rt_mutex.o(i.rt_mut_wait)
    rt_pop_req                               0x0800acb1   Thumb Code   112  rt_system.o(i.rt_pop_req)
    rt_psh_req                               0x0800ad2d   Thumb Code    22  rt_system.o(i.rt_psh_req)
    rt_psq_enq                               0x0800ad4d   Thumb Code    88  rt_list.o(i.rt_psq_enq)
    rt_put_dly                               0x0800ada9   Thumb Code    68  rt_list.o(i.rt_put_dly)
    rt_put_prio                              0x0800adf1   Thumb Code    54  rt_list.o(i.rt_put_prio)
    rt_put_rdy_first                         0x0800ae29   Thumb Code    14  rt_list.o(i.rt_put_rdy_first)
    rt_resort_prio                           0x0800ae3d   Thumb Code    46  rt_list.o(i.rt_resort_prio)
    rt_ret_val                               0x0800ae81   Thumb Code    12  hal_cm.o(i.rt_ret_val)
    rt_ret_val2                              0x0800ae8d   Thumb Code    16  hal_cm.o(i.rt_ret_val2)
    rt_rmv_dly                               0x0800ae9d   Thumb Code    40  rt_list.o(i.rt_rmv_dly)
    rt_rmv_list                              0x0800aec5   Thumb Code    44  rt_list.o(i.rt_rmv_list)
    rt_sem_init                              0x0800aef5   Thumb Code    12  rt_semaphore.o(i.rt_sem_init)
    rt_sem_psh                               0x0800af01   Thumb Code    48  rt_semaphore.o(i.rt_sem_psh)
    rt_sem_send                              0x0800af35   Thumb Code    42  rt_semaphore.o(i.rt_sem_send)
    rt_sem_wait                              0x0800af61   Thumb Code    58  rt_semaphore.o(i.rt_sem_wait)
    rt_stk_check                             0x0800afa1   Thumb Code    28  rt_system.o(i.rt_stk_check)
    rt_switch_req                            0x0800afc5   Thumb Code    30  rt_task.o(i.rt_switch_req)
    rt_sys_init                              0x0800afed   Thumb Code   138  rt_task.o(i.rt_sys_init)
    rt_sys_start                             0x0800b0b9   Thumb Code   110  rt_task.o(i.rt_sys_start)
    rt_systick                               0x0800b131   Thumb Code    50  rt_system.o(i.rt_systick)
    rt_tsk_create                            0x0800b1b9   Thumb Code   118  rt_task.o(i.rt_tsk_create)
    rt_tsk_delete                            0x0800b241   Thumb Code   352  rt_task.o(i.rt_tsk_delete)
    rt_tsk_prio                              0x0800b3bd   Thumb Code   108  rt_task.o(i.rt_tsk_prio)
    rt_tsk_self                              0x0800b439   Thumb Code    12  rt_task.o(i.rt_tsk_self)
    svcKernelInitialize                      0x0800b449   Thumb Code    80  rt_cmsis.o(i.svcKernelInitialize)
    svcKernelStart                           0x0800b4b9   Thumb Code    62  rt_cmsis.o(i.svcKernelStart)
    svcMessageCreate                         0x0800b501   Thumb Code    36  rt_cmsis.o(i.svcMessageCreate)
    svcMessageGet                            0x0800b525   Thumb Code    58  rt_cmsis.o(i.svcMessageGet)
    svcMutexCreate                           0x0800b55f   Thumb Code    28  rt_cmsis.o(i.svcMutexCreate)
    svcMutexRelease                          0x0800b57b   Thumb Code    34  rt_cmsis.o(i.svcMutexRelease)
    svcMutexWait                             0x0800b59d   Thumb Code    54  rt_cmsis.o(i.svcMutexWait)
    svcSemaphoreCreate                       0x0800b5d3   Thumb Code    36  rt_cmsis.o(i.svcSemaphoreCreate)
    svcSemaphoreRelease                      0x0800b5f7   Thumb Code    40  rt_cmsis.o(i.svcSemaphoreRelease)
    svcSemaphoreWait                         0x0800b61f   Thumb Code    50  rt_cmsis.o(i.svcSemaphoreWait)
    svcThreadCreate                          0x0800b651   Thumb Code   100  rt_cmsis.o(i.svcThreadCreate)
    svcThreadGetId                           0x0800b6c1   Thumb Code    22  rt_cmsis.o(i.svcThreadGetId)
    svcThreadTerminate                       0x0800b6dd   Thumb Code    50  rt_cmsis.o(i.svcThreadTerminate)
    svcTimerCall                             0x0800b715   Thumb Code    24  rt_cmsis.o(i.svcTimerCall)
    sysTimerTick                             0x0800b72d   Thumb Code    84  rt_cmsis.o(i.sysTimerTick)
    os_mutex_def_display_flag_mutex          0x0800b788   Data           4  main.o(.constdata)
    os_semaphore_def_keypad_select           0x0800b78c   Data           4  main.o(.constdata)
    os_semaphore_def_accelerometer_select    0x0800b790   Data           4  main.o(.constdata)
    os_semaphore_def_temperature_select      0x0800b794   Data           4  main.o(.constdata)
    os_thread_def_Thread_Keypad              0x0800b798   Data          16  thread.o(.constdata)
    os_thread_def_Thread_Accelerometer       0x0800b7a8   Data          16  thread.o(.constdata)
    os_thread_def_Thread_Temperature_Sensor  0x0800b7b8   Data          16  thread.o(.constdata)
    os_maxtaskrun                            0x0800b7c8   Data           2  rtx_conf_cm.o(.constdata)
    os_stackinfo                             0x0800b7cc   Data           4  rtx_conf_cm.o(.constdata)
    os_rrobin                                0x0800b7d0   Data           4  rtx_conf_cm.o(.constdata)
    os_tickfreq                              0x0800b7d4   Data           4  rtx_conf_cm.o(.constdata)
    os_tickus_i                              0x0800b7d8   Data           2  rtx_conf_cm.o(.constdata)
    os_tickus_f                              0x0800b7da   Data           2  rtx_conf_cm.o(.constdata)
    os_trv                                   0x0800b7dc   Data           4  rtx_conf_cm.o(.constdata)
    os_flags                                 0x0800b7e0   Data           1  rtx_conf_cm.o(.constdata)
    CMSIS_RTOS_API_Version                   0x0800b7e4   Data           4  rtx_conf_cm.o(.constdata)
    CMSIS_RTOS_RTX_Version                   0x0800b7e8   Data           4  rtx_conf_cm.o(.constdata)
    os_clockrate                             0x0800b7ec   Data           4  rtx_conf_cm.o(.constdata)
    os_timernum                              0x0800b7f0   Data           4  rtx_conf_cm.o(.constdata)
    mp_tcb_size                              0x0800b7f4   Data           2  rtx_conf_cm.o(.constdata)
    mp_stk_size                              0x0800b7f8   Data           4  rtx_conf_cm.o(.constdata)
    os_stack_sz                              0x0800b7fc   Data           4  rtx_conf_cm.o(.constdata)
    os_fifo_size                             0x0800b800   Data           1  rtx_conf_cm.o(.constdata)
    os_thread_def_osTimerThread              0x0800b804   Data          16  rtx_conf_cm.o(.constdata)
    os_messageQ_def_osTimerMessageQ          0x0800b814   Data           8  rtx_conf_cm.o(.constdata)
    mp_tmr_size                              0x0800b81c   Data           2  rtx_conf_cm.o(.constdata)
    APBAHBPrescTable                         0x0800b826   Data          16  stm32f4xx_hal_rcc.o(.constdata)
    AHBPrescTable                            0x0800b836   Data          16  system_stm32f4xx.o(.constdata)
    __mathlib_zero                           0x0800b8e0   Data           8  qnan.o(.constdata)
    Region$$Table$$Base                      0x0800b8e8   Number         0  anon$$obj.o(Region$$Table)
    Region$$Table$$Limit                     0x0800b908   Number         0  anon$$obj.o(Region$$Table)
    DISPLAY_ACC                              0x20000000   Data           4  main.o(.data)
    DISPLAY_TEMP                             0x20000004   Data           4  main.o(.data)
    ACC_PITCH                                0x20000008   Data           4  main.o(.data)
    ACC_ROLL                                 0x2000000c   Data           4  main.o(.data)
    tmp_temperature                          0x20000010   Data           8  main.o(.data)
    temp                                     0x20000018   Data           4  main.o(.data)
    digit                                    0x2000001c   Data           4  main.o(.data)
    down                                     0x20000020   Data           1  main.o(.data)
    up                                       0x20000021   Data           1  main.o(.data)
    display_flag                             0x20000024   Data           4  main.o(.data)
    in_range                                 0x20000028   Data           4  main.o(.data)
    upper_bound                              0x20000030   Data           8  main.o(.data)
    lower_bound                              0x20000038   Data           8  main.o(.data)
    display_flag_mutex                       0x20000040   Data           4  main.o(.data)
    keypad_select                            0x20000044   Data           4  main.o(.data)
    os_semaphore_cb_keypad_select            0x20000048   Data           8  main.o(.data)
    accelerometer_select                     0x20000050   Data           4  main.o(.data)
    os_semaphore_cb_accelerometer_select     0x20000054   Data           8  main.o(.data)
    temperature_select                       0x2000005c   Data           4  main.o(.data)
    os_semaphore_cb_temperature_select       0x20000060   Data           8  main.o(.data)
    key_number                               0x20000068   Data           4  keypad_interface.o(.data)
    keypad_semaphore                         0x2000006c   Data           4  keypad_interface.o(.data)
    tid_Thread_Keypad                        0x20000070   Data           4  thread.o(.data)
    tid_Thread_Accelerometer                 0x20000074   Data           4  thread.o(.data)
    tid_Temperature_Sensor                   0x20000078   Data           4  thread.o(.data)
    tmp_pitch                                0x20000080   Data           8  accelerometer_interface.o(.data)
    pitch                                    0x20000088   Data           4  accelerometer_interface.o(.data)
    semaphore                                0x2000008c   Data           4  accelerometer_interface.o(.data)
    misalignment_and_offset_matrix           0x20000090   Data          48  accelerometer_interface.o(.data)
    temperature_reading                      0x200000c0   Data           4  temperature_interface.o(.data)
    temp_semaphore                           0x200000c4   Data           4  temperature_interface.o(.data)
    LIS3DSHTimeout                           0x200000c8   Data           4  lis3dsh.o(.data)
    osThreadId_osTimerThread                 0x200000cc   Data           4  rtx_conf_cm.o(.data)
    osMessageQId_osTimerMessageQ             0x200000d0   Data           4  rtx_conf_cm.o(.data)
    os_tmr                                   0x200000d4   Data           4  rtx_conf_cm.o(.data)
    m_tmr                                    0x200000d8   Data           4  rtx_conf_cm.o(.data)
    os_thread_def_main                       0x200000dc   Data          16  rtx_conf_cm.o(.data)
    SystemCoreClock                          0x200000f0   Data           4  system_stm32f4xx.o(.data)
    os_initialized                           0x200000f4   Data           1  rt_cmsis.o(.data)
    os_running                               0x200000f5   Data           1  rt_cmsis.o(.data)
    os_timer_head                            0x200000f8   Data           4  rt_cmsis.o(.data)
    os_time                                  0x200000fc   Data           4  rt_time.o(.data)
    os_tsk                                   0x20000100   Data           8  rt_task.o(.data)
    os_tick_irqn                             0x2000010c   Data           4  rt_system.o(.data)
    dbg_msg                                  0x20000110   Data           1  hal_cm.o(.data)
    os_robin                                 0x20000114   Data           8  rt_robin.o(.data)
    __stdout                                 0x2000011c   Data           4  stdout.o(.data)
    readings                                 0x20000124   Data          12  main.o(.bss)
    os_mutex_cb_display_flag_mutex           0x20000130   Data          16  main.o(.bss)
    ADC1_Handle                              0x20000140   Data          68  config.o(.bss)
    GPIO_Struct                              0x20000184   Data          20  config.o(.bss)
    Degree_Struct                            0x20000198   Data          20  config.o(.bss)
    TIM2_Handle                              0x200001ac   Data          60  config.o(.bss)
    TIM3_Handle                              0x200001e8   Data          60  config.o(.bss)
    Rows_Struct                              0x20000224   Data          20  keypad_interface.o(.bss)
    Columns_Struct                           0x20000238   Data          20  keypad_interface.o(.bss)
    acc_ks_x                                 0x2000024c   Data          20  accelerometer_interface.o(.bss)
    acc_ks_y                                 0x20000260   Data          20  accelerometer_interface.o(.bss)
    acc_ks_z                                 0x20000274   Data          20  accelerometer_interface.o(.bss)
    temp_ks                                  0x20000288   Data          20  temperature_interface.o(.bss)
    SpiHandle                                0x2000029c   Data          88  lis3dsh.o(.bss)
    mp_tcb                                   0x200002f8   Data         376  rtx_conf_cm.o(.bss)
    mp_stk                                   0x20000470   Data        4816  rtx_conf_cm.o(.bss)
    os_stack_mem                             0x20001740   Data        1256  rtx_conf_cm.o(.bss)
    os_fifo                                  0x20001c28   Data         132  rtx_conf_cm.o(.bss)
    os_active_TCB                            0x20001cac   Data          28  rtx_conf_cm.o(.bss)
    os_messageQ_q_osTimerMessageQ            0x20001cc8   Data          32  rtx_conf_cm.o(.bss)
    os_idle_TCB                              0x20001ce8   Data          52  rt_task.o(.bss)
    os_rdy                                   0x20001d1c   Data          24  rt_list.o(.bss)
    os_dly                                   0x20001d34   Data          24  rt_list.o(.bss)
    __initial_sp                             0x20002150   Data           0  startup_stm32f407xx.o(STACK)



==============================================================================

Memory Map of the image

  Image Entry point : 0x08000189

  Load Region LR_IROM1 (Base: 0x08000000, Size: 0x0000ba2c, Max: 0x00100000, ABSOLUTE)

    Execution Region ER_IROM1 (Base: 0x08000000, Size: 0x0000b908, Max: 0x00100000, ABSOLUTE)

    Base Addr    Size         Type   Attr      Idx    E Section Name        Object

    0x08000000   0x00000188   Data   RO          903    RESET               startup_stm32f407xx.o
    0x08000188   0x00000000   Code   RO         2188  * .ARM.Collect$$$$00000000  mc_w.l(entry.o)
    0x08000188   0x00000004   Code   RO         2504    .ARM.Collect$$$$00000001  mc_w.l(entry2.o)
    0x0800018c   0x00000004   Code   RO         2507    .ARM.Collect$$$$00000004  mc_w.l(entry5.o)
    0x08000190   0x00000000   Code   RO         2509    .ARM.Collect$$$$00000008  mc_w.l(entry7b.o)
    0x08000190   0x00000000   Code   RO         2511    .ARM.Collect$$$$0000000A  mc_w.l(entry8b.o)
    0x08000190   0x00000000   Code   RO         2512    .ARM.Collect$$$$0000000D  mc_w.l(entry10a.o)
    0x08000190   0x00000000   Code   RO         2514    .ARM.Collect$$$$0000000F  mc_w.l(entry11a.o)
    0x08000190   0x00000018   Code   RO          478    .ARM.Collect$$$$000000FF  rtx_conf_cm.o
    0x080001a8   0x00000004   Code   RO         2505    .ARM.Collect$$$$00002712  mc_w.l(entry2.o)
    0x080001ac   0x00000198   Code   RO         2145    .emb_text           RTX_CM4.lib(hal_cm4.o)
    0x08000344   0x000002a4   Code   RO            4    .text               main.o
    0x080005e8   0x00000180   Code   RO          213    .text               supporting_functions.o
    0x08000768   0x000002d8   Code   RO          228    .text               config.o
    0x08000a40   0x00000084   Code   RO          252    .text               kalman_filter.o
    0x08000ac4   0x000001f4   Code   RO          273    .text               keypad_interface.o
    0x08000cb8   0x00000378   Code   RO          301    .text               seven_segment.o
    0x08001030   0x000002a8   Code   RO          323    .text               utils.o
    0x080012d8   0x0000008c   Code   RO          339    .text               thread.o
    0x08001364   0x00000038   Code   RO          367    .text               fput_debug.o
    0x0800139c   0x000002d4   Code   RO          395    .text               accelerometer_interface.o
    0x08001670   0x00000104   Code   RO          424    .text               temperature_interface.o
    0x08001774   0x000005c0   Code   RO          453    .text               lis3dsh.o
    0x08001d34   0x00000026   Code   RO          479    .text               rtx_conf_cm.o
    0x08001d5a   0x00000002   PAD
    0x08001d5c   0x000001b0   Code   RO          510    .text               stm32f4xx_hal.o
    0x08001f0c   0x0000099c   Code   RO          536    .text               stm32f4xx_hal_adc.o
    0x080028a8   0x00000720   Code   RO          560    .text               stm32f4xx_hal_adc_ex.o
    0x08002fc8   0x00000324   Code   RO          584    .text               stm32f4xx_hal_cortex.o
    0x080032ec   0x00000618   Code   RO          612    .text               stm32f4xx_hal_dma.o
    0x08003904   0x000003cc   Code   RO          661    .text               stm32f4xx_hal_gpio.o
    0x08003cd0   0x00000a4c   Code   RO          733    .text               stm32f4xx_hal_rcc.o
    0x0800471c   0x00001598   Code   RO          784    .text               stm32f4xx_hal_spi.o
    0x08005cb4   0x00002800   Code   RO          808    .text               stm32f4xx_hal_tim.o
    0x080084b4   0x00000d88   Code   RO          832    .text               stm32f4xx_hal_tim_ex.o
    0x0800923c   0x00000024   Code   RO          904    .text               startup_stm32f407xx.o
    0x08009260   0x00000120   Code   RO          911    .text               system_stm32f4xx.o
    0x08009380   0x00000024   Code   RO         2193    .text               mc_w.l(memcpya.o)
    0x080093a4   0x000000e4   Code   RO         2457    .text               mf_w.l(dmul.o)
    0x08009488   0x000000de   Code   RO         2459    .text               mf_w.l(ddiv.o)
    0x08009566   0x00000022   Code   RO         2461    .text               mf_w.l(dflti.o)
    0x08009588   0x0000003e   Code   RO         2463    .text               mf_w.l(dfixi.o)
    0x080095c6   0x00000026   Code   RO         2465    .text               mf_w.l(f2d.o)
    0x080095ec   0x00000038   Code   RO         2467    .text               mf_w.l(d2f.o)
    0x08009624   0x0000001e   Code   RO         2519    .text               mc_w.l(llshl.o)
    0x08009642   0x00000020   Code   RO         2521    .text               mc_w.l(llushr.o)
    0x08009662   0x00000000   Code   RO         2530    .text               mc_w.l(iusefp.o)
    0x08009662   0x0000006e   Code   RO         2531    .text               mf_w.l(fepilogue.o)
    0x080096d0   0x000000ba   Code   RO         2533    .text               mf_w.l(depilogue.o)
    0x0800978a   0x0000014e   Code   RO         2535    .text               mf_w.l(dadd.o)
    0x080098d8   0x000000a2   Code   RO         2539    .text               mf_w.l(dsqrt.o)
    0x0800997a   0x00000002   PAD
    0x0800997c   0x00000030   Code   RO         2545    .text               mf_w.l(cdrcmple.o)
    0x080099ac   0x00000024   Code   RO         2551    .text               mc_w.l(init.o)
    0x080099d0   0x00000024   Code   RO         2553    .text               mc_w.l(llsshr.o)
    0x080099f4   0x00000004   Code   RO         2155    SVC_TABLE           RTX_CM4.lib(svc_table.o)
    0x080099f8   0x00000010   Code   RO         2198    i.__0printf$bare    mc_w.l(printfb.o)
    0x08009a08   0x00000030   Code   RO         2547    i.__ARM_fpclassify  m_wm.l(fpclassify.o)
    0x08009a38   0x000002d8   Code   RO         2469    i.__hardfp_atan     m_wm.l(atan.o)
    0x08009d10   0x000001f0   Code   RO         2158    i.__hardfp_atan2    m_wm.l(atan2.o)
    0x08009f00   0x00000118   Code   RO         2170    i.__hardfp_floor    m_wm.l(floor.o)
    0x0800a018   0x0000007a   Code   RO         2176    i.__hardfp_sqrt     m_wm.l(sqrt.o)
    0x0800a092   0x000000f8   Code   RO         2549    i.__kernel_poly     m_wm.l(poly.o)
    0x0800a18a   0x00000014   Code   RO         2484    i.__mathlib_dbl_infnan  m_wm.l(dunder.o)
    0x0800a19e   0x00000014   Code   RO         2485    i.__mathlib_dbl_infnan2  m_wm.l(dunder.o)
    0x0800a1b2   0x00000006   PAD
    0x0800a1b8   0x00000020   Code   RO         2489    i.__mathlib_dbl_underflow  m_wm.l(dunder.o)
    0x0800a1d8   0x0000000e   Code   RO         2557    i.__scatterload_copy  mc_w.l(handlers.o)
    0x0800a1e6   0x00000002   Code   RO         2558    i.__scatterload_null  mc_w.l(handlers.o)
    0x0800a1e8   0x0000000e   Code   RO         2559    i.__scatterload_zeroinit  mc_w.l(handlers.o)
    0x0800a1f6   0x00000002   PAD
    0x0800a1f8   0x0000000c   Code   RO         2525    i.__set_errno       mc_w.l(errno.o)
    0x0800a204   0x00000046   Code   RO         2018    i._init_box         RTX_CM4.lib(rt_membox.o)
    0x0800a24a   0x00000022   Code   RO         2205    i._printf_core      mc_w.l(printfb.o)
    0x0800a26c   0x00000010   Code   RO         2471    i.atan              m_wm.l(atan.o)
    0x0800a27c   0x00000030   Code   RO         2071    i.dbg_init          RTX_CM4.lib(hal_cm.o)
    0x0800a2ac   0x00000020   Code   RO         2072    i.dbg_task_notify   RTX_CM4.lib(hal_cm.o)
    0x0800a2cc   0x00000010   Code   RO         2073    i.dbg_task_switch   RTX_CM4.lib(hal_cm.o)
    0x0800a2dc   0x00000018   Code   RO         2499    i.fabs              m_wm.l(fabs.o)
    0x0800a2f4   0x0000002a   Code   RO          942    i.isrMessageGet     RTX_CM4.lib(rt_cmsis.o)
    0x0800a31e   0x0000002c   Code   RO          943    i.isrMessagePut     RTX_CM4.lib(rt_cmsis.o)
    0x0800a34a   0x00000028   Code   RO          944    i.isrSemaphoreRelease  RTX_CM4.lib(rt_cmsis.o)
    0x0800a372   0x00000002   PAD
    0x0800a374   0x00000052   Code   RO         1897    i.isr_mbx_receive   RTX_CM4.lib(rt_mailbox.o)
    0x0800a3c6   0x0000000e   Code   RO         1898    i.isr_mbx_send      RTX_CM4.lib(rt_mailbox.o)
    0x0800a3d4   0x00000010   Code   RO         1945    i.isr_sem_send      RTX_CM4.lib(rt_semaphore.o)
    0x0800a3e4   0x00000024   Code   RO          947    i.osKernelInitialize  RTX_CM4.lib(rt_cmsis.o)
    0x0800a408   0x0000006c   Code   RO          949    i.osKernelStart     RTX_CM4.lib(rt_cmsis.o)
    0x0800a474   0x00000018   Code   RO          958    i.osMessageGet      RTX_CM4.lib(rt_cmsis.o)
    0x0800a48c   0x00000030   Code   RO          960    i.osMutexCreate     RTX_CM4.lib(rt_cmsis.o)
    0x0800a4bc   0x00000018   Code   RO          962    i.osMutexRelease    RTX_CM4.lib(rt_cmsis.o)
    0x0800a4d4   0x00000018   Code   RO          963    i.osMutexWait       RTX_CM4.lib(rt_cmsis.o)
    0x0800a4ec   0x00000030   Code   RO          968    i.osSemaphoreCreate  RTX_CM4.lib(rt_cmsis.o)
    0x0800a51c   0x00000018   Code   RO          970    i.osSemaphoreRelease  RTX_CM4.lib(rt_cmsis.o)
    0x0800a534   0x00000018   Code   RO          971    i.osSemaphoreWait   RTX_CM4.lib(rt_cmsis.o)
    0x0800a54c   0x00000030   Code   RO          975    i.osThreadCreate    RTX_CM4.lib(rt_cmsis.o)
    0x0800a57c   0x00000018   Code   RO          976    i.osThreadExit      RTX_CM4.lib(rt_cmsis.o)
    0x0800a594   0x0000000c   Code   RO          982    i.osTimerCall       RTX_CM4.lib(rt_cmsis.o)
    0x0800a5a0   0x0000002c   Code   RO          987    i.osTimerThread     RTX_CM4.lib(rt_cmsis.o)
    0x0800a5cc   0x00000028   Code   RO         1685    i.os_tick_init      RTX_CM4.lib(rt_system.o)
    0x0800a5f4   0x00000002   Code   RO         1686    i.os_tick_irqack    RTX_CM4.lib(rt_system.o)
    0x0800a5f6   0x0000001a   Code   RO         2019    i.rt_alloc_box      RTX_CM4.lib(rt_membox.o)
    0x0800a610   0x0000003e   Code   RO         2047    i.rt_alloc_mem      RTX_CM4.lib(rt_memory.o)
    0x0800a64e   0x00000002   PAD
    0x0800a650   0x00000038   Code   RO         1600    i.rt_block          RTX_CM4.lib(rt_task.o)
    0x0800a688   0x00000048   Code   RO         2124    i.rt_chk_robin      RTX_CM4.lib(rt_robin.o)
    0x0800a6d0   0x00000070   Code   RO         1821    i.rt_dec_dly        RTX_CM4.lib(rt_list.o)
    0x0800a740   0x00000044   Code   RO         1601    i.rt_dispatch       RTX_CM4.lib(rt_task.o)
    0x0800a784   0x00000050   Code   RO         1778    i.rt_evt_psh        RTX_CM4.lib(rt_event.o)
    0x0800a7d4   0x0000002c   Code   RO         2020    i.rt_free_box       RTX_CM4.lib(rt_membox.o)
    0x0800a800   0x00000028   Code   RO         2048    i.rt_free_mem       RTX_CM4.lib(rt_memory.o)
    0x0800a828   0x00000028   Code   RO         1822    i.rt_get_first      RTX_CM4.lib(rt_list.o)
    0x0800a850   0x00000008   Code   RO          992    i.rt_id2obj         RTX_CM4.lib(rt_cmsis.o)
    0x0800a858   0x00000048   Code   RO         1602    i.rt_init_context   RTX_CM4.lib(rt_task.o)
    0x0800a8a0   0x0000001a   Code   RO         2049    i.rt_init_mem       RTX_CM4.lib(rt_memory.o)
    0x0800a8ba   0x00000002   PAD
    0x0800a8bc   0x00000018   Code   RO         2125    i.rt_init_robin     RTX_CM4.lib(rt_robin.o)
    0x0800a8d4   0x00000080   Code   RO         2074    i.rt_init_stack     RTX_CM4.lib(hal_cm.o)
    0x0800a954   0x00000008   Code   RO         1899    i.rt_mbx_check      RTX_CM4.lib(rt_mailbox.o)
    0x0800a95c   0x0000001a   Code   RO         1900    i.rt_mbx_init       RTX_CM4.lib(rt_mailbox.o)
    0x0800a976   0x00000002   PAD
    0x0800a978   0x000000f0   Code   RO         1901    i.rt_mbx_psh        RTX_CM4.lib(rt_mailbox.o)
    0x0800aa68   0x000000b4   Code   RO         1903    i.rt_mbx_wait       RTX_CM4.lib(rt_mailbox.o)
    0x0800ab1c   0x00000044   Code   RO          993    i.rt_ms2tick        RTX_CM4.lib(rt_cmsis.o)
    0x0800ab60   0x00000010   Code   RO         1988    i.rt_mut_init       RTX_CM4.lib(rt_mutex.o)
    0x0800ab70   0x000000d8   Code   RO         1989    i.rt_mut_release    RTX_CM4.lib(rt_mutex.o)
    0x0800ac48   0x00000068   Code   RO         1990    i.rt_mut_wait       RTX_CM4.lib(rt_mutex.o)
    0x0800acb0   0x0000007c   Code   RO         1689    i.rt_pop_req        RTX_CM4.lib(rt_system.o)
    0x0800ad2c   0x00000020   Code   RO         1690    i.rt_psh_req        RTX_CM4.lib(rt_system.o)
    0x0800ad4c   0x0000005c   Code   RO         1824    i.rt_psq_enq        RTX_CM4.lib(rt_list.o)
    0x0800ada8   0x00000048   Code   RO         1825    i.rt_put_dly        RTX_CM4.lib(rt_list.o)
    0x0800adf0   0x00000036   Code   RO         1826    i.rt_put_prio       RTX_CM4.lib(rt_list.o)
    0x0800ae26   0x00000002   PAD
    0x0800ae28   0x00000014   Code   RO         1827    i.rt_put_rdy_first  RTX_CM4.lib(rt_list.o)
    0x0800ae3c   0x00000034   Code   RO         1828    i.rt_resort_prio    RTX_CM4.lib(rt_list.o)
    0x0800ae70   0x00000010   Code   RO         2075    i.rt_ret_regs       RTX_CM4.lib(hal_cm.o)
    0x0800ae80   0x0000000c   Code   RO         2076    i.rt_ret_val        RTX_CM4.lib(hal_cm.o)
    0x0800ae8c   0x00000010   Code   RO         2077    i.rt_ret_val2       RTX_CM4.lib(hal_cm.o)
    0x0800ae9c   0x00000028   Code   RO         1829    i.rt_rmv_dly        RTX_CM4.lib(rt_list.o)
    0x0800aec4   0x00000030   Code   RO         1830    i.rt_rmv_list       RTX_CM4.lib(rt_list.o)
    0x0800aef4   0x0000000c   Code   RO         1947    i.rt_sem_init       RTX_CM4.lib(rt_semaphore.o)
    0x0800af00   0x00000034   Code   RO         1948    i.rt_sem_psh        RTX_CM4.lib(rt_semaphore.o)
    0x0800af34   0x0000002a   Code   RO         1949    i.rt_sem_send       RTX_CM4.lib(rt_semaphore.o)
    0x0800af5e   0x00000002   PAD
    0x0800af60   0x00000040   Code   RO         1950    i.rt_sem_wait       RTX_CM4.lib(rt_semaphore.o)
    0x0800afa0   0x00000024   Code   RO         1692    i.rt_stk_check      RTX_CM4.lib(rt_system.o)
    0x0800afc4   0x00000028   Code   RO         1603    i.rt_switch_req     RTX_CM4.lib(rt_task.o)
    0x0800afec   0x000000cc   Code   RO         1604    i.rt_sys_init       RTX_CM4.lib(rt_task.o)
    0x0800b0b8   0x00000078   Code   RO         1605    i.rt_sys_start      RTX_CM4.lib(rt_task.o)
    0x0800b130   0x00000040   Code   RO         1694    i.rt_systick        RTX_CM4.lib(rt_system.o)
    0x0800b170   0x00000012   Code   RO          994    i.rt_tid2ptcb       RTX_CM4.lib(rt_cmsis.o)
    0x0800b182   0x00000002   PAD
    0x0800b184   0x00000034   Code   RO          995    i.rt_timer_insert   RTX_CM4.lib(rt_cmsis.o)
    0x0800b1b8   0x00000088   Code   RO         1606    i.rt_tsk_create     RTX_CM4.lib(rt_task.o)
    0x0800b240   0x0000017c   Code   RO         1607    i.rt_tsk_delete     RTX_CM4.lib(rt_task.o)
    0x0800b3bc   0x0000007c   Code   RO         1609    i.rt_tsk_prio       RTX_CM4.lib(rt_task.o)
    0x0800b438   0x00000010   Code   RO         1610    i.rt_tsk_self       RTX_CM4.lib(rt_task.o)
    0x0800b448   0x00000070   Code   RO          998    i.svcKernelInitialize  RTX_CM4.lib(rt_cmsis.o)
    0x0800b4b8   0x00000048   Code   RO         1000    i.svcKernelStart    RTX_CM4.lib(rt_cmsis.o)
    0x0800b500   0x00000024   Code   RO         1003    i.svcMessageCreate  RTX_CM4.lib(rt_cmsis.o)
    0x0800b524   0x0000003a   Code   RO         1004    i.svcMessageGet     RTX_CM4.lib(rt_cmsis.o)
    0x0800b55e   0x0000001c   Code   RO         1006    i.svcMutexCreate    RTX_CM4.lib(rt_cmsis.o)
    0x0800b57a   0x00000022   Code   RO         1008    i.svcMutexRelease   RTX_CM4.lib(rt_cmsis.o)
    0x0800b59c   0x00000036   Code   RO         1009    i.svcMutexWait      RTX_CM4.lib(rt_cmsis.o)
    0x0800b5d2   0x00000024   Code   RO         1011    i.svcSemaphoreCreate  RTX_CM4.lib(rt_cmsis.o)
    0x0800b5f6   0x00000028   Code   RO         1013    i.svcSemaphoreRelease  RTX_CM4.lib(rt_cmsis.o)
    0x0800b61e   0x00000032   Code   RO         1014    i.svcSemaphoreWait  RTX_CM4.lib(rt_cmsis.o)
    0x0800b650   0x00000070   Code   RO         1018    i.svcThreadCreate   RTX_CM4.lib(rt_cmsis.o)
    0x0800b6c0   0x0000001c   Code   RO         1019    i.svcThreadGetId    RTX_CM4.lib(rt_cmsis.o)
    0x0800b6dc   0x00000038   Code   RO         1022    i.svcThreadTerminate  RTX_CM4.lib(rt_cmsis.o)
    0x0800b714   0x00000018   Code   RO         1024    i.svcTimerCall      RTX_CM4.lib(rt_cmsis.o)
    0x0800b72c   0x0000005c   Code   RO         1033    i.sysTimerTick      RTX_CM4.lib(rt_cmsis.o)
    0x0800b788   0x00000010   Data   RO            6    .constdata          main.o
    0x0800b798   0x00000030   Data   RO          340    .constdata          thread.o
    0x0800b7c8   0x00000056   Data   RO          481    .constdata          rtx_conf_cm.o
    0x0800b81e   0x00000008   Data   RO          613    .constdata          stm32f4xx_hal_dma.o
    0x0800b826   0x00000010   Data   RO          734    .constdata          stm32f4xx_hal_rcc.o
    0x0800b836   0x00000010   Data   RO          912    .constdata          system_stm32f4xx.o
    0x0800b846   0x00000002   PAD
    0x0800b848   0x00000098   Data   RO         2472    .constdata          m_wm.l(atan.o)
    0x0800b8e0   0x00000008   Data   RO         2503    .constdata          m_wm.l(qnan.o)
    0x0800b8e8   0x00000020   Data   RO         2555    Region$$Table       anon$$obj.o


    Execution Region RW_IRAM1 (Base: 0x20000000, Size: 0x00002150, Max: 0x00020000, ABSOLUTE)

    Base Addr    Size         Type   Attr      Idx    E Section Name        Object

    0x20000000   0x00000068   Data   RW            7    .data               main.o
    0x20000068   0x00000008   Data   RW          275    .data               keypad_interface.o
    0x20000070   0x0000000c   Data   RW          341    .data               thread.o
    0x2000007c   0x00000004   PAD
    0x20000080   0x00000040   Data   RW          397    .data               accelerometer_interface.o
    0x200000c0   0x00000008   Data   RW          426    .data               temperature_interface.o
    0x200000c8   0x00000004   Data   RW          455    .data               lis3dsh.o
    0x200000cc   0x00000020   Data   RW          482    .data               rtx_conf_cm.o
    0x200000ec   0x00000004   Data   RW          511    .data               stm32f4xx_hal.o
    0x200000f0   0x00000004   Data   RW          913    .data               system_stm32f4xx.o
    0x200000f4   0x00000008   Data   RW         1036    .data               RTX_CM4.lib(rt_cmsis.o)
    0x200000fc   0x00000004   Data   RW         1571    .data               RTX_CM4.lib(rt_time.o)
    0x20000100   0x00000008   Data   RW         1612    .data               RTX_CM4.lib(rt_task.o)
    0x20000108   0x00000008   Data   RW         1697    .data               RTX_CM4.lib(rt_system.o)
    0x20000110   0x00000001   Data   RW         2078    .data               RTX_CM4.lib(hal_cm.o)
    0x20000111   0x00000003   PAD
    0x20000114   0x00000008   Data   RW         2126    .data               RTX_CM4.lib(rt_robin.o)
    0x2000011c   0x00000004   Data   RW         2516    .data               mc_w.l(stdout.o)
    0x20000120   0x00000004   Data   RW         2526    .data               mc_w.l(errno.o)
    0x20000124   0x0000001c   Zero   RW            5    .bss                main.o
    0x20000140   0x000000e4   Zero   RW          229    .bss                config.o
    0x20000224   0x00000028   Zero   RW          274    .bss                keypad_interface.o
    0x2000024c   0x0000003c   Zero   RW          396    .bss                accelerometer_interface.o
    0x20000288   0x00000014   Zero   RW          425    .bss                temperature_interface.o
    0x2000029c   0x00000058   Zero   RW          454    .bss                lis3dsh.o
    0x200002f4   0x00000004   PAD
    0x200002f8   0x000019f0   Zero   RW          480    .bss                rtx_conf_cm.o
    0x20001ce8   0x00000034   Zero   RW         1611    .bss                RTX_CM4.lib(rt_task.o)
    0x20001d1c   0x00000030   Zero   RW         1831    .bss                RTX_CM4.lib(rt_list.o)
    0x20001d4c   0x00000004   PAD
    0x20001d50   0x00000400   Zero   RW          901    STACK               startup_stm32f407xx.o


==============================================================================

Image component sizes


      Code (inc. data)   RO Data    RW Data    ZI Data      Debug   Object Name

       724         86          0         64         60       3207   accelerometer_interface.o
       728         46          0          0        228       3147   config.o
        56          4          0          0          0      27371   fput_debug.o
       132          0          0          0          0       1491   kalman_filter.o
       500         48          0          8         40       2478   keypad_interface.o
      1472        120          0          4         88       5081   lis3dsh.o
       676         94         16        104         28     407251   main.o
        62          6         86         32       6640       7530   rtx_conf_cm.o
       888         22          0          0          0       1851   seven_segment.o
        36          8        392          0       1024        908   startup_stm32f407xx.o
       432         26          0          4          0       4990   stm32f4xx_hal.o
      2460         70          0          0          0       7575   stm32f4xx_hal_adc.o
      1824         40          0          0          0       5694   stm32f4xx_hal_adc_ex.o
       804         20          0          0          0      32311   stm32f4xx_hal_cortex.o
      1560         16          8          0          0       5016   stm32f4xx_hal_dma.o
       972         50          0          0          0       3835   stm32f4xx_hal_gpio.o
      2636         66         16          0          0       5742   stm32f4xx_hal_rcc.o
      5528         54          0          0          0      13284   stm32f4xx_hal_spi.o
     10240        152          0          0          0      31026   stm32f4xx_hal_tim.o
      3464         26          0          0          0      11826   stm32f4xx_hal_tim_ex.o
       384        312          0          0          0        636   supporting_functions.o
       288         32         16          4          0       1783   system_stm32f4xx.o
       260         62          0          8         20       1574   temperature_interface.o
       140         26         48         12          0       2857   thread.o
       680         10          0          0          0       1361   utils.o

    ----------------------------------------------------------------------
     36948       1396        616        244       8132     589825   Object Totals
         0          0         32          0          0          0   (incl. Generated)
         2          0          2          4          4          0   (incl. Padding)

    ----------------------------------------------------------------------

      Code (inc. data)   RO Data    RW Data    ZI Data      Debug   Library Member Name

       268         24          0          1          0       4452   hal_cm.o
       408         34          0          0          0        816   hal_cm4.o
      1592        182          0          8          0      42752   rt_cmsis.o
        80          4          0          0          0        701   rt_event.o
       530         34          0          0         48       8597   rt_list.o
       550         10          0          0          0       4185   rt_mailbox.o
       140          0          0          0          0       2045   rt_membox.o
       128          0          0          0          0       2419   rt_memory.o
       336         12          0          0          0       2201   rt_mutex.o
        96         22          0          8          0       1230   rt_robin.o
       186         10          0          0          0       3102   rt_semaphore.o
       298         52          0          8          0       6439   rt_system.o
      1216        174          0          8         52      10025   rt_task.o
         0          0          0          4          0        206   rt_time.o
         4          4          0          0          0        200   svc_table.o
       744        106        152          0          0        352   atan.o
       496         64          0          0          0        192   atan2.o
        72          8          0          0          0        372   dunder.o
        24          0          0          0          0        124   fabs.o
       280         28          0          0          0        156   floor.o
        48          0          0          0          0        124   fpclassify.o
       248          0          0          0          0        152   poly.o
         0          0          8          0          0          0   qnan.o
       122          0          0          0          0        148   sqrt.o
         0          0          0          0          0          0   entry.o
         0          0          0          0          0          0   entry10a.o
         0          0          0          0          0          0   entry11a.o
         8          4          0          0          0          0   entry2.o
         4          0          0          0          0          0   entry5.o
         0          0          0          0          0          0   entry7b.o
         0          0          0          0          0          0   entry8b.o
        12          6          0          4          0         68   errno.o
        30          0          0          0          0          0   handlers.o
        36          8          0          0          0         68   init.o
         0          0          0          0          0          0   iusefp.o
        30          0          0          0          0         68   llshl.o
        36          0          0          0          0         68   llsshr.o
        32          0          0          0          0         68   llushr.o
        36          0          0          0          0         68   memcpya.o
        50          8          0          0          0        152   printfb.o
         0          0          0          4          0          0   stdout.o
        48          0          0          0          0         68   cdrcmple.o
        56          0          0          0          0         88   d2f.o
       334          0          0          0          0        148   dadd.o
       222          0          0          0          0        100   ddiv.o
       186          0          0          0          0        176   depilogue.o
        62          0          0          0          0         80   dfixi.o
        34          0          0          0          0         76   dflti.o
       228          0          0          0          0         96   dmul.o
       162          0          0          0          0        100   dsqrt.o
        38          0          0          0          0         68   f2d.o
       110          0          0          0          0        168   fepilogue.o

    ----------------------------------------------------------------------
      9644        794        160         48        104      92718   Library Totals
        24          0          0          3          4          0   (incl. Padding)

    ----------------------------------------------------------------------

      Code (inc. data)   RO Data    RW Data    ZI Data      Debug   Library Name

      5832        562          0         37        100      89370   RTX_CM4.lib
      2034        206        160          0          0       1620   m_wm.l
       274         26          0          8          0        560   mc_w.l
      1480          0          0          0          0       1168   mf_w.l

    ----------------------------------------------------------------------
      9644        794        160         48        104      92718   Library Totals

    ----------------------------------------------------------------------

==============================================================================


      Code (inc. data)   RO Data    RW Data    ZI Data      Debug   

     46592       2190        776        292       8236     666715   Grand Totals
     46592       2190        776        292       8236     666715   ELF Image Totals
     46592       2190        776        292          0          0   ROM Totals

==============================================================================

    Total RO  Size (Code + RO Data)                47368 (  46.26kB)
    Total RW  Size (RW Data + ZI Data)              8528 (   8.33kB)
    Total ROM Size (Code + RO Data + RW Data)      47660 (  46.54kB)

==============================================================================

