Component: ARM Compiler 5.05 update 2 (build 169) Tool: armlink [4d0f33]

==============================================================================

Section Cross References

    main.o(.text) refers to stm32f4xx_hal_rcc.o(.text) for HAL_RCC_OscConfig
    main.o(.text) refers to lis3dsh.o(.text) for LIS3DSH_ReadACC
    main.o(.text) refers to stm32f4xx_hal_cortex.o(.text) for HAL_NVIC_ClearPendingIRQ
    main.o(.text) refers to rt_cmsis.o(i.osSemaphoreRelease) for osSemaphoreRelease
    main.o(.text) refers to d2f.o(.text) for __aeabi_d2f
    main.o(.text) refers to utils.o(.text) for display
    main.o(.text) refers to seven_segment.o(.text) for clear_all_segments
    main.o(.text) refers to rt_cmsis.o(i.osKernelInitialize) for osKernelInitialize
    main.o(.text) refers to stm32f4xx_hal.o(.text) for HAL_Init
    main.o(.text) refers to config.o(.text) for config_all
    main.o(.text) refers to accelerometer_interface.o(.text) for acc_kalmanState_Config
    main.o(.text) refers to rt_cmsis.o(i.osSemaphoreCreate) for osSemaphoreCreate
    main.o(.text) refers to temperature_interface.o(.text) for temp_kalmanState_Config
    main.o(.text) refers to keypad_interface.o(.text) for keypad_set_semaphore
    main.o(.text) refers to rt_cmsis.o(i.osMutexCreate) for osMutexCreate
    main.o(.text) refers to thread.o(.text) for start_Thread_Keypad
    main.o(.text) refers to rt_cmsis.o(i.osKernelStart) for osKernelStart
    main.o(.text) refers to rt_time.o(.data) for os_time
    main.o(.text) refers to main.o(.bss) for readings
    main.o(.text) refers to main.o(.data) for accelerometer_select
    main.o(.text) refers to temperature_interface.o(.data) for RAISE_ALARM
    main.o(.text) refers to accelerometer_interface.o(.data) for tmp_pitch
    main.o(.text) refers to main.o(.constdata) for os_semaphore_def_accelerometer_select
    main.o(.constdata) refers to main.o(.bss) for os_mutex_cb_kalman_filter_mutex
    main.o(.constdata) refers to main.o(.data) for os_semaphore_cb_keypad_select
    thread_led.o(.text) refers to rt_cmsis.o(i.osThreadCreate) for osThreadCreate
    thread_led.o(.text) refers to rt_cmsis.o(i.osDelay) for osDelay
    thread_led.o(.text) refers to stm32f4xx_hal_gpio.o(.text) for HAL_GPIO_TogglePin
    thread_led.o(.text) refers to thread_led.o(.constdata) for os_thread_def_Thread_LED
    thread_led.o(.text) refers to thread_led.o(.data) for tid_Thread_LED
    thread_led.o(.text) refers to thread_led.o(.bss) for LED_configuration
    thread_led.o(.constdata) refers to thread_led.o(.text) for Thread_LED
    supporting_functions.o(.text) refers to printf1.o(i.__0printf$1) for __2printf
    config.o(.text) refers to stm32f4xx_hal_gpio.o(.text) for HAL_GPIO_Init
    config.o(.text) refers to stm32f4xx_hal_adc.o(.text) for HAL_ADC_Init
    config.o(.text) refers to supporting_functions.o(.text) for Error_Handler
    config.o(.text) refers to stm32f4xx_hal_cortex.o(.text) for HAL_NVIC_EnableIRQ
    config.o(.text) refers to lis3dsh.o(.text) for LIS3DSH_Init
    config.o(.text) refers to memcpya.o(.text) for __aeabi_memcpy4
    config.o(.text) refers to stm32f4xx_hal_tim.o(.text) for HAL_TIM_Base_MspInit
    config.o(.text) refers to config.o(.bss) for GPIO_Struct
    kalman_filter.o(.text) refers to rt_cmsis.o(i.osMutexWait) for osMutexWait
    kalman_filter.o(.text) refers to rt_cmsis.o(i.osMutexRelease) for osMutexRelease
    kalman_filter.o(.text) refers to main.o(.data) for kalman_filter_mutex
    keypad_interface.o(.text) refers to stm32f4xx_hal_gpio.o(.text) for HAL_GPIO_Init
    keypad_interface.o(.text) refers to rt_cmsis.o(i.osSemaphoreWait) for osSemaphoreWait
    keypad_interface.o(.text) refers to printf1.o(i.__0printf$1) for __2printf
    keypad_interface.o(.text) refers to stm32f4xx_hal_tim.o(.text) for HAL_TIM_IRQHandler
    keypad_interface.o(.text) refers to keypad_interface.o(.data) for keypad_semaphore
    keypad_interface.o(.text) refers to keypad_interface.o(.bss) for Columns_Struct
    keypad_interface.o(.text) refers to main.o(.data) for DISPLAY_TEMP
    keypad_interface.o(.text) refers to config.o(.bss) for TIM4_Handle
    seven_segment.o(.text) refers to stm32f4xx_hal_gpio.o(.text) for HAL_GPIO_WritePin
    seven_segment.o(.text) refers to stm32f4xx_hal_tim.o(.text) for HAL_TIM_IRQHandler
    seven_segment.o(.text) refers to config.o(.bss) for TIM3_Handle
    utils.o(.text) refers to dflti.o(.text) for __aeabi_i2d
    utils.o(.text) refers to floor.o(i.__hardfp_floor) for __hardfp_floor
    utils.o(.text) refers to dfixi.o(.text) for __aeabi_d2iz
    utils.o(.text) refers to seven_segment.o(.text) for clear_all_segments
    utils.o(.text) refers to main.o(.data) for digit
    thread.o(.text) refers to rt_cmsis.o(i.osThreadCreate) for osThreadCreate
    thread.o(.text) refers to keypad_interface.o(.text) for keypad_mode
    thread.o(.text) refers to accelerometer_interface.o(.text) for accelerometer_mode
[...]
    __rt_final_exit                          0x08000191   Thumb Code     0  entry11a.o(.ARM.Collect$$$$0000000F)
    _main_clock                              0x08000191   Thumb Code     0  entry7b.o(.ARM.Collect$$$$00000008)
    _main_cpp_init                           0x08000191   Thumb Code     0  entry8b.o(.ARM.Collect$$$$0000000A)
    _main_init                               0x08000191   Thumb Code    18  rtx_conf_cm.o(.ARM.Collect$$$$000000FF)
    rt_set_PSP                               0x080001ad   Thumb Code     6  hal_cm4.o(.emb_text)
    rt_get_PSP                               0x080001b3   Thumb Code     6  hal_cm4.o(.emb_text)
    os_set_env                               0x080001b9   Thumb Code    24  hal_cm4.o(.emb_text)
    _alloc_box                               0x080001d5   Thumb Code    28  hal_cm4.o(.emb_text)
    _free_box                                0x080001f5   Thumb Code    28  hal_cm4.o(.emb_text)
    SVC_Handler                              0x08000215   Thumb Code   168  hal_cm4.o(.emb_text)
    PendSV_Handler                           0x080002cd   Thumb Code    96  hal_cm4.o(.emb_text)
    SysTick_Handler                          0x08000331   Thumb Code     8  hal_cm4.o(.emb_text)
    OS_Tick_Handler                          0x08000339   Thumb Code    12  hal_cm4.o(.emb_text)
    HAL_GetTick                              0x08000345   Thumb Code     6  main.o(.text)
    SystemClock_Config                       0x0800034b   Thumb Code   142  main.o(.text)
    HAL_GPIO_EXTI_Callback                   0x080003d9   Thumb Code    36  main.o(.text)
    HAL_TIM_PeriodElapsedCallback            0x080003fd   Thumb Code   314  main.o(.text)
    main                                     0x08000537   Thumb Code   126  main.o(.text)
    Error_Handler                            0x08000621   Thumb Code    78  supporting_functions.o(.text)
    GPIO_Config                              0x080007a1   Thumb Code   114  config.o(.text)
    ADC_Config                               0x08000813   Thumb Code   130  config.o(.text)
    LIS3DSH_Config                           0x08000895   Thumb Code   150  config.o(.text)
    Tim4_Config                              0x0800092b   Thumb Code   128  config.o(.text)
    Tim3_Config                              0x080009ab   Thumb Code   128  config.o(.text)
    Tim2_Config                              0x08000a2b   Thumb Code   130  config.o(.text)
    config_all                               0x08000aad   Thumb Code    28  config.o(.text)
    Kalmanfilter                             0x08000afd   Thumb Code   164  kalman_filter.o(.text)
    keypad_set_semaphore                     0x08000ba5   Thumb Code     6  keypad_interface.o(.text)
    init_columns                             0x08000bab   Thumb Code   136  keypad_interface.o(.text)
    rows_init                                0x08000c33   Thumb Code   118  keypad_interface.o(.text)
    keypad_mode                              0x08000ca9   Thumb Code   200  keypad_interface.o(.text)
    TIM4_IRQHandler                          0x08000d71   Thumb Code    10  keypad_interface.o(.text)
    show_seven_segment                       0x08000db9   Thumb Code   526  seven_segment.o(.text)
    clear_all_segments                       0x08000fc7   Thumb Code    92  seven_segment.o(.text)
    activate_digit                           0x08001023   Thumb Code    74  seven_segment.o(.text)
    deactivate_digit                         0x0800106d   Thumb Code    82  seven_segment.o(.text)
    activate_decimal                         0x080010bf   Thumb Code    14  seven_segment.o(.text)
    activate_degree                          0x080010cd   Thumb Code    52  seven_segment.o(.text)
    deactivate_degree                        0x08001101   Thumb Code    26  seven_segment.o(.text)
    TIM3_IRQHandler                          0x0800111b   Thumb Code    10  seven_segment.o(.text)
    get_digit_in_place                       0x08001131   Thumb Code    88  utils.o(.text)
    display                                  0x08001189   Thumb Code   582  utils.o(.text)
    start_Thread_Keypad                      0x080013d9   Thumb Code    30  thread.o(.text)
    Thread_Keypad                            0x080013f7   Thumb Code     8  thread.o(.text)
    start_Thread_Accelerometer               0x080013ff   Thumb Code    30  thread.o(.text)
    Thread_Accelerometer                     0x0800141d   Thumb Code     8  thread.o(.text)
    start_Thread_Temperature_Sensor          0x08001425   Thumb Code    30  thread.o(.text)
    Thread_Temperature_Sensor                0x08001443   Thumb Code     8  thread.o(.text)
    fputc                                    0x08001465   Thumb Code    52  fput_debug.o(.text)
    accelerometer_set_semaphore              0x0800149d   Thumb Code     6  accelerometer_interface.o(.text)
    acc_kalmanState_Config                   0x080014a3   Thumb Code   128  accelerometer_interface.o(.text)
    accelerometer_mode                       0x08001523   Thumb Code   972  accelerometer_interface.o(.text)
    EXTI0_IRQHandler                         0x080018ef   Thumb Code    10  accelerometer_interface.o(.text)
    temperature_set_semaphore                0x080018f9   Thumb Code     6  temperature_interface.o(.text)
    TIM2_IRQHandler                          0x080018ff   Thumb Code    10  temperature_interface.o(.text)
    temperature_mode                         0x08001909   Thumb Code   182  temperature_interface.o(.text)
    temp_kalmanState_Config                  0x080019bf   Thumb Code    44  temperature_interface.o(.text)
    SPI_ReceiveData                          0x08001a2d   Thumb Code    10  lis3dsh.o(.text)
    LIS3DSH_TIMEOUT_UserCallback             0x08001a37   Thumb Code     4  lis3dsh.o(.text)
    SPI_SendData                             0x08001a3b   Thumb Code     6  lis3dsh.o(.text)
    LIS3DSH_Write                            0x08001aad   Thumb Code    62  lis3dsh.o(.text)
    LIS3DSH_Init                             0x08001aeb   Thumb Code   170  lis3dsh.o(.text)
    LIS3DSH_Read                             0x08001b95   Thumb Code    70  lis3dsh.o(.text)
    LIS3DSH_DataReadyInterruptConfig         0x08001bdb   Thumb Code    42  lis3dsh.o(.text)
    LIS3DSH_LowpowerCmd                      0x08001c05   Thumb Code    40  lis3dsh.o(.text)
    LIS3DSH_DataRateCmd                      0x08001c2d   Thumb Code    44  lis3dsh.o(.text)
    LIS3DSH_FullScaleCmd                     0x08001c59   Thumb Code    44  lis3dsh.o(.text)
    LIS3DSH_ReadACC                          0x08001c85   Thumb Code   628  lis3dsh.o(.text)
    HAL_SPI_MspInit                          0x08001ef9   Thumb Code   218  lis3dsh.o(.text)
    os_idle_demon                            0x08001fed   Thumb Code     4  rtx_conf_cm.o(.text)
    os_error                                 0x08001ff1   Thumb Code    34  rtx_conf_cm.o(.text)
    HAL_MspInit                              0x08002015   Thumb Code    10  stm32f4xx_hal.o(.text)
    HAL_InitTick                             0x0800201f   Thumb Code    36  stm32f4xx_hal.o(.text)
    HAL_Init                                 0x08002043   Thumb Code    54  stm32f4xx_hal.o(.text)
    HAL_MspDeInit                            0x08002079   Thumb Code    10  stm32f4xx_hal.o(.text)
    HAL_DeInit                               0x08002083   Thumb Code    64  stm32f4xx_hal.o(.text)
    HAL_IncTick                              0x080020c3   Thumb Code    12  stm32f4xx_hal.o(.text)
    HAL_Delay                                0x080020d5   Thumb Code    26  stm32f4xx_hal.o(.text)
    HAL_SuspendTick                          0x080020ef   Thumb Code    18  stm32f4xx_hal.o(.text)
    HAL_ResumeTick                           0x08002101   Thumb Code    18  stm32f4xx_hal.o(.text)
    HAL_GetHalVersion                        0x08002113   Thumb Code     4  stm32f4xx_hal.o(.text)
    HAL_GetREVID                             0x08002117   Thumb Code     8  stm32f4xx_hal.o(.text)
    HAL_GetDEVID                             0x0800211f   Thumb Code    10  stm32f4xx_hal.o(.text)
    HAL_DBGMCU_EnableDBGSleepMode            0x08002129   Thumb Code    14  stm32f4xx_hal.o(.text)
    HAL_DBGMCU_DisableDBGSleepMode           0x08002137   Thumb Code    14  stm32f4xx_hal.o(.text)
    HAL_DBGMCU_EnableDBGStopMode             0x08002145   Thumb Code    14  stm32f4xx_hal.o(.text)
    HAL_DBGMCU_DisableDBGStopMode            0x08002153   Thumb Code    14  stm32f4xx_hal.o(.text)
    HAL_DBGMCU_EnableDBGStandbyMode          0x08002161   Thumb Code    14  stm32f4xx_hal.o(.text)
    HAL_DBGMCU_DisableDBGStandbyMode         0x0800216f   Thumb Code    14  stm32f4xx_hal.o(.text)
    HAL_EnableCompensationCell               0x0800217d   Thumb Code    22  stm32f4xx_hal.o(.text)
    HAL_DisableCompensationCell              0x08002193   Thumb Code    24  stm32f4xx_hal.o(.text)
    HAL_ADC_MspInit                          0x0800232f   Thumb Code     2  stm32f4xx_hal_adc.o(.text)
    HAL_ADC_Init                             0x08002331   Thumb Code    74  stm32f4xx_hal_adc.o(.text)
    HAL_ADC_MspDeInit                        0x0800237b   Thumb Code     2  stm32f4xx_hal_adc.o(.text)
    HAL_ADC_DeInit                           0x0800237d   Thumb Code    34  stm32f4xx_hal_adc.o(.text)
    HAL_ADC_Start                            0x0800239f   Thumb Code   182  stm32f4xx_hal_adc.o(.text)
    HAL_ADC_Stop                             0x08002455   Thumb Code    24  stm32f4xx_hal_adc.o(.text)
    HAL_ADC_PollForConversion                0x0800246d   Thumb Code   130  stm32f4xx_hal_adc.o(.text)
    HAL_ADC_PollForEvent                     0x080024ef   Thumb Code   104  stm32f4xx_hal_adc.o(.text)
    HAL_ADC_Start_IT                         0x08002557   Thumb Code   232  stm32f4xx_hal_adc.o(.text)
    HAL_ADC_Stop_IT                          0x0800263f   Thumb Code    48  stm32f4xx_hal_adc.o(.text)
    HAL_ADC_ErrorCallback                    0x0800266f   Thumb Code     2  stm32f4xx_hal_adc.o(.text)
    HAL_ADC_LevelOutOfWindowCallback         0x08002671   Thumb Code     2  stm32f4xx_hal_adc.o(.text)
    HAL_ADC_ConvCpltCallback                 0x08002673   Thumb Code     2  stm32f4xx_hal_adc.o(.text)
    HAL_ADC_IRQHandler                       0x08002675   Thumb Code   348  stm32f4xx_hal_adc.o(.text)
    HAL_ADC_ConvHalfCpltCallback             0x080027ed   Thumb Code     2  stm32f4xx_hal_adc.o(.text)
    HAL_ADC_Start_DMA                        0x08002821   Thumb Code   186  stm32f4xx_hal_adc.o(.text)
    HAL_ADC_Stop_DMA                         0x080028db   Thumb Code    56  stm32f4xx_hal_adc.o(.text)
    HAL_ADC_GetValue                         0x08002913   Thumb Code     8  stm32f4xx_hal_adc.o(.text)
    HAL_ADC_ConfigChannel                    0x0800291b   Thumb Code   416  stm32f4xx_hal_adc.o(.text)
    HAL_ADC_AnalogWDGConfig                  0x08002abb   Thumb Code   132  stm32f4xx_hal_adc.o(.text)
    HAL_ADC_GetState                         0x08002b3f   Thumb Code     8  stm32f4xx_hal_adc.o(.text)
    HAL_ADC_GetError                         0x08002b47   Thumb Code     6  stm32f4xx_hal_adc.o(.text)
    HAL_ADCEx_InjectedStart                  0x08002b61   Thumb Code   230  stm32f4xx_hal_adc_ex.o(.text)
    HAL_ADCEx_InjectedStart_IT               0x08002c47   Thumb Code   258  stm32f4xx_hal_adc_ex.o(.text)
    HAL_ADCEx_InjectedStop                   0x08002d49   Thumb Code    24  stm32f4xx_hal_adc_ex.o(.text)
    HAL_ADCEx_InjectedPollForConversion      0x08002d61   Thumb Code    90  stm32f4xx_hal_adc_ex.o(.text)
    HAL_ADCEx_InjectedStop_IT                0x08002dbb   Thumb Code    48  stm32f4xx_hal_adc_ex.o(.text)
    HAL_ADCEx_InjectedGetValue               0x08002deb   Thumb Code    70  stm32f4xx_hal_adc_ex.o(.text)
    HAL_ADCEx_MultiModeStart_DMA             0x08002e7f   Thumb Code   206  stm32f4xx_hal_adc_ex.o(.text)
    HAL_ADCEx_MultiModeStop_DMA              0x08002f4d   Thumb Code   116  stm32f4xx_hal_adc_ex.o(.text)
    HAL_ADCEx_MultiModeGetValue              0x08002fc1   Thumb Code     8  stm32f4xx_hal_adc_ex.o(.text)
    HAL_ADCEx_InjectedConvCpltCallback       0x08002fc9   Thumb Code     2  stm32f4xx_hal_adc_ex.o(.text)
    HAL_ADCEx_InjectedConfigChannel          0x08002fcb   Thumb Code   552  stm32f4xx_hal_adc_ex.o(.text)
    HAL_ADCEx_MultiModeConfigChannel         0x080031f3   Thumb Code   130  stm32f4xx_hal_adc_ex.o(.text)
    HAL_NVIC_SetPriorityGrouping             0x080032a1   Thumb Code    36  stm32f4xx_hal_cortex.o(.text)
    HAL_NVIC_SetPriority                     0x080032c5   Thumb Code   124  stm32f4xx_hal_cortex.o(.text)
    HAL_NVIC_EnableIRQ                       0x08003341   Thumb Code    26  stm32f4xx_hal_cortex.o(.text)
    HAL_NVIC_DisableIRQ                      0x0800335b   Thumb Code    22  stm32f4xx_hal_cortex.o(.text)
    HAL_NVIC_SystemReset                     0x08003371   Thumb Code    64  stm32f4xx_hal_cortex.o(.text)
    HAL_SYSTICK_Config                       0x080033b1   Thumb Code    52  stm32f4xx_hal_cortex.o(.text)
    HAL_MPU_ConfigRegion                     0x080033e5   Thumb Code    90  stm32f4xx_hal_cortex.o(.text)
    HAL_NVIC_GetPriorityGrouping             0x0800343f   Thumb Code     8  stm32f4xx_hal_cortex.o(.text)
    HAL_NVIC_GetPriority                     0x08003447   Thumb Code   138  stm32f4xx_hal_cortex.o(.text)
    HAL_NVIC_SetPendingIRQ                   0x080034d1   Thumb Code    24  stm32f4xx_hal_cortex.o(.text)
    HAL_NVIC_GetPendingIRQ                   0x080034e9   Thumb Code    38  stm32f4xx_hal_cortex.o(.text)
    HAL_NVIC_ClearPendingIRQ                 0x0800350f   Thumb Code    22  stm32f4xx_hal_cortex.o(.text)
    HAL_NVIC_GetActive                       0x08003525   Thumb Code    38  stm32f4xx_hal_cortex.o(.text)
    HAL_SYSTICK_CLKSourceConfig              0x0800354b   Thumb Code    40  stm32f4xx_hal_cortex.o(.text)
    HAL_SYSTICK_Callback                     0x08003573   Thumb Code    10  stm32f4xx_hal_cortex.o(.text)
    HAL_SYSTICK_IRQHandler                   0x0800357d   Thumb Code     8  stm32f4xx_hal_cortex.o(.text)
    HAL_DMA_Init                             0x080035d3   Thumb Code   128  stm32f4xx_hal_dma.o(.text)
    HAL_DMA_DeInit                           0x08003653   Thumb Code   100  stm32f4xx_hal_dma.o(.text)
    HAL_DMA_Start                            0x080036e3   Thumb Code    82  stm32f4xx_hal_dma.o(.text)
    HAL_DMA_Start_IT                         0x08003735   Thumb Code   106  stm32f4xx_hal_dma.o(.text)
    HAL_DMA_Abort                            0x0800379f   Thumb Code    94  stm32f4xx_hal_dma.o(.text)
    HAL_DMA_PollForTransfer                  0x080037fd   Thumb Code   412  stm32f4xx_hal_dma.o(.text)
    HAL_DMA_IRQHandler                       0x08003999   Thumb Code   530  stm32f4xx_hal_dma.o(.text)
    HAL_DMA_GetState                         0x08003bab   Thumb Code     8  stm32f4xx_hal_dma.o(.text)
    HAL_DMA_GetError                         0x08003bb3   Thumb Code     6  stm32f4xx_hal_dma.o(.text)
    HAL_GPIO_Init                            0x08003bbd   Thumb Code   476  stm32f4xx_hal_gpio.o(.text)
    HAL_GPIO_DeInit                          0x08003d99   Thumb Code   326  stm32f4xx_hal_gpio.o(.text)
    HAL_GPIO_ReadPin                         0x08003edf   Thumb Code    16  stm32f4xx_hal_gpio.o(.text)
    HAL_GPIO_WritePin                        0x08003eef   Thumb Code    12  stm32f4xx_hal_gpio.o(.text)
    HAL_GPIO_TogglePin                       0x08003efb   Thumb Code     8  stm32f4xx_hal_gpio.o(.text)
    HAL_GPIO_LockPin                         0x08003f03   Thumb Code    46  stm32f4xx_hal_gpio.o(.text)
    HAL_GPIO_EXTI_IRQHandler                 0x08003f3b   Thumb Code    28  stm32f4xx_hal_gpio.o(.text)
    HAL_RCC_OscConfig                        0x08003f8b   Thumb Code  1032  stm32f4xx_hal_rcc.o(.text)
    HAL_RCC_ClockConfig                      0x08004393   Thumb Code   680  stm32f4xx_hal_rcc.o(.text)
    HAL_RCC_MCOConfig                        0x0800463b   Thumb Code   178  stm32f4xx_hal_rcc.o(.text)
    HAL_RCC_EnableCSS                        0x080046ed   Thumb Code     8  stm32f4xx_hal_rcc.o(.text)
    HAL_RCC_DisableCSS                       0x080046f5   Thumb Code     8  stm32f4xx_hal_rcc.o(.text)
    HAL_RCC_GetSysClockFreq                  0x080046fd   Thumb Code   198  stm32f4xx_hal_rcc.o(.text)
    HAL_RCC_GetHCLKFreq                      0x080047c3   Thumb Code    42  stm32f4xx_hal_rcc.o(.text)
    HAL_RCC_GetPCLK1Freq                     0x080047ed   Thumb Code    36  stm32f4xx_hal_rcc.o(.text)
    HAL_RCC_GetPCLK2Freq                     0x08004811   Thumb Code    36  stm32f4xx_hal_rcc.o(.text)
    HAL_RCC_GetOscConfig                     0x08004835   Thumb Code   296  stm32f4xx_hal_rcc.o(.text)
    HAL_RCC_GetClockConfig                   0x0800495d   Thumb Code    58  stm32f4xx_hal_rcc.o(.text)
    HAL_RCC_CSSCallback                      0x08004997   Thumb Code    10  stm32f4xx_hal_rcc.o(.text)
    HAL_RCC_NMI_IRQHandler                   0x080049a1   Thumb Code    30  stm32f4xx_hal_rcc.o(.text)
    HAL_SPI_Init                             0x080049d7   Thumb Code   136  stm32f4xx_hal_spi.o(.text)
    HAL_SPI_MspDeInit                        0x08004a5f   Thumb Code     2  stm32f4xx_hal_spi.o(.text)
    HAL_SPI_DeInit                           0x08004a61   Thumb Code    48  stm32f4xx_hal_spi.o(.text)
    HAL_SPI_Transmit                         0x08004ba5   Thumb Code   450  stm32f4xx_hal_spi.o(.text)
    HAL_SPI_TransmitReceive                  0x08004d67   Thumb Code   850  stm32f4xx_hal_spi.o(.text)
    HAL_SPI_Receive                          0x080050b9   Thumb Code   572  stm32f4xx_hal_spi.o(.text)
    HAL_SPI_ErrorCallback                    0x080052f5   Thumb Code     2  stm32f4xx_hal_spi.o(.text)
    HAL_SPI_TxCpltCallback                   0x080052f7   Thumb Code     2  stm32f4xx_hal_spi.o(.text)
    HAL_SPI_TxRxCpltCallback                 0x080052f9   Thumb Code     2  stm32f4xx_hal_spi.o(.text)
    HAL_SPI_Transmit_IT                      0x080053e9   Thumb Code   198  stm32f4xx_hal_spi.o(.text)
    HAL_SPI_RxCpltCallback                   0x080054af   Thumb Code     2  stm32f4xx_hal_spi.o(.text)
    HAL_SPI_TransmitReceive_IT               0x080055d7   Thumb Code   192  stm32f4xx_hal_spi.o(.text)
    HAL_SPI_Receive_IT                       0x080056e9   Thumb Code   222  stm32f4xx_hal_spi.o(.text)
    HAL_SPI_TxHalfCpltCallback               0x08005877   Thumb Code     2  stm32f4xx_hal_spi.o(.text)
    HAL_SPI_Transmit_DMA                     0x08005887   Thumb Code   218  stm32f4xx_hal_spi.o(.text)
    HAL_SPI_RxHalfCpltCallback               0x08005ad9   Thumb Code     2  stm32f4xx_hal_spi.o(.text)
    HAL_SPI_TxRxHalfCpltCallback             0x08005b21   Thumb Code     2  stm32f4xx_hal_spi.o(.text)
    HAL_SPI_TransmitReceive_DMA              0x08005b31   Thumb Code   324  stm32f4xx_hal_spi.o(.text)
    HAL_SPI_Receive_DMA                      0x08005c75   Thumb Code   288  stm32f4xx_hal_spi.o(.text)
    HAL_SPI_DMAPause                         0x08005d95   Thumb Code    62  stm32f4xx_hal_spi.o(.text)
    HAL_SPI_DMAResume                        0x08005dd3   Thumb Code    62  stm32f4xx_hal_spi.o(.text)
    HAL_SPI_DMAStop                          0x08005e11   Thumb Code    58  stm32f4xx_hal_spi.o(.text)
    HAL_SPI_IRQHandler                       0x08005e4b   Thumb Code   262  stm32f4xx_hal_spi.o(.text)
    HAL_SPI_GetState                         0x08005f51   Thumb Code     8  stm32f4xx_hal_spi.o(.text)
    HAL_SPI_GetError                         0x08005f59   Thumb Code     6  stm32f4xx_hal_spi.o(.text)
    TIM_Base_SetConfig                       0x08005f6d   Thumb Code   184  stm32f4xx_hal_tim.o(.text)
    HAL_TIM_Base_MspInit                     0x08006025   Thumb Code     2  stm32f4xx_hal_tim.o(.text)
    HAL_TIM_Base_Init                        0x08006027   Thumb Code    52  stm32f4xx_hal_tim.o(.text)
    HAL_TIM_Base_MspDeInit                   0x0800605b   Thumb Code     2  stm32f4xx_hal_tim.o(.text)
    HAL_TIM_Base_DeInit                      0x0800605d   Thumb Code    70  stm32f4xx_hal_tim.o(.text)
    HAL_TIM_Base_Start                       0x080060a3   Thumb Code    30  stm32f4xx_hal_tim.o(.text)
    HAL_TIM_Base_Stop                        0x080060c1   Thumb Code    56  stm32f4xx_hal_tim.o(.text)
    HAL_TIM_Base_Start_IT                    0x080060f9   Thumb Code    30  stm32f4xx_hal_tim.o(.text)
    HAL_TIM_Base_Stop_IT                     0x08006117   Thumb Code    56  stm32f4xx_hal_tim.o(.text)
    HAL_TIM_ErrorCallback                    0x0800614f   Thumb Code     2  stm32f4xx_hal_tim.o(.text)
    TIM_DMAError                             0x08006151   Thumb Code    20  stm32f4xx_hal_tim.o(.text)
    HAL_TIM_Base_Start_DMA                   0x0800617b   Thumb Code    98  stm32f4xx_hal_tim.o(.text)
    HAL_TIM_Base_Stop_DMA                    0x080061dd   Thumb Code    62  stm32f4xx_hal_tim.o(.text)
    HAL_TIM_OC_MspInit                       0x0800621b   Thumb Code     2  stm32f4xx_hal_tim.o(.text)
    HAL_TIM_OC_Init                          0x0800621d   Thumb Code    52  stm32f4xx_hal_tim.o(.text)
    HAL_TIM_OC_MspDeInit                     0x08006251   Thumb Code     2  stm32f4xx_hal_tim.o(.text)
    HAL_TIM_OC_DeInit                        0x08006253   Thumb Code    70  stm32f4xx_hal_tim.o(.text)
    TIM_CCxChannelCmd                        0x08006299   Thumb Code    28  stm32f4xx_hal_tim.o(.text)
    HAL_TIM_OC_Start                         0x080062b5   Thumb Code    68  stm32f4xx_hal_tim.o(.text)
    HAL_TIM_OC_Stop                          0x080062f9   Thumb Code   170  stm32f4xx_hal_tim.o(.text)
    HAL_TIM_OC_Start_IT                      0x080063a3   Thumb Code   144  stm32f4xx_hal_tim.o(.text)
    HAL_TIM_OC_Stop_IT                       0x08006433   Thumb Code   196  stm32f4xx_hal_tim.o(.text)
    HAL_TIM_PWM_PulseFinishedCallback        0x080064f7   Thumb Code     2  stm32f4xx_hal_tim.o(.text)
    TIM_DMADelayPulseCplt                    0x080064f9   Thumb Code    70  stm32f4xx_hal_tim.o(.text)
    HAL_TIM_OC_Start_DMA                     0x0800653f   Thumb Code   312  stm32f4xx_hal_tim.o(.text)
    HAL_TIM_OC_Stop_DMA                      0x08006677   Thumb Code   202  stm32f4xx_hal_tim.o(.text)
    HAL_TIM_PWM_MspInit                      0x08006741   Thumb Code     2  stm32f4xx_hal_tim.o(.text)
    HAL_TIM_PWM_Init                         0x08006743   Thumb Code    52  stm32f4xx_hal_tim.o(.text)
    HAL_TIM_PWM_MspDeInit                    0x08006777   Thumb Code     2  stm32f4xx_hal_tim.o(.text)
    HAL_TIM_PWM_DeInit                       0x08006779   Thumb Code    70  stm32f4xx_hal_tim.o(.text)
    HAL_TIM_PWM_Start                        0x080067bf   Thumb Code    78  stm32f4xx_hal_tim.o(.text)
    HAL_TIM_PWM_Stop                         0x0800680d   Thumb Code   126  stm32f4xx_hal_tim.o(.text)
    HAL_TIM_PWM_Start_IT                     0x0800688b   Thumb Code   144  stm32f4xx_hal_tim.o(.text)
    HAL_TIM_PWM_Stop_IT                      0x0800691b   Thumb Code   196  stm32f4xx_hal_tim.o(.text)
    HAL_TIM_PWM_Start_DMA                    0x080069df   Thumb Code   312  stm32f4xx_hal_tim.o(.text)
    HAL_TIM_PWM_Stop_DMA                     0x08006b17   Thumb Code   202  stm32f4xx_hal_tim.o(.text)
    HAL_TIM_IC_MspInit                       0x08006be1   Thumb Code     2  stm32f4xx_hal_tim.o(.text)
    HAL_TIM_IC_Init                          0x08006be3   Thumb Code    62  stm32f4xx_hal_tim.o(.text)
    HAL_TIM_IC_MspDeInit                     0x08006c21   Thumb Code     2  stm32f4xx_hal_tim.o(.text)
    HAL_TIM_IC_DeInit                        0x08006c23   Thumb Code    70  stm32f4xx_hal_tim.o(.text)
    HAL_TIM_IC_Start                         0x08006c69   Thumb Code    32  stm32f4xx_hal_tim.o(.text)
    HAL_TIM_IC_Stop                          0x08006c89   Thumb Code    58  stm32f4xx_hal_tim.o(.text)
    HAL_TIM_IC_Start_IT                      0x08006cc3   Thumb Code   108  stm32f4xx_hal_tim.o(.text)
    HAL_TIM_IC_Stop_IT                       0x08006d2f   Thumb Code   134  stm32f4xx_hal_tim.o(.text)
    HAL_TIM_IC_CaptureCallback               0x08006db5   Thumb Code     2  stm32f4xx_hal_tim.o(.text)
    TIM_DMACaptureCplt                       0x08006db7   Thumb Code    70  stm32f4xx_hal_tim.o(.text)
    HAL_TIM_IC_Start_DMA                     0x08006dfd   Thumb Code   276  stm32f4xx_hal_tim.o(.text)
    HAL_TIM_IC_Stop_DMA                      0x08006f11   Thumb Code   140  stm32f4xx_hal_tim.o(.text)
    HAL_TIM_OnePulse_MspInit                 0x08006f9d   Thumb Code     2  stm32f4xx_hal_tim.o(.text)
    HAL_TIM_OnePulse_Init                    0x08006f9f   Thumb Code    76  stm32f4xx_hal_tim.o(.text)
    HAL_TIM_OnePulse_MspDeInit               0x08006feb   Thumb Code     2  stm32f4xx_hal_tim.o(.text)
    HAL_TIM_OnePulse_DeInit                  0x08006fed   Thumb Code    70  stm32f4xx_hal_tim.o(.text)
    HAL_TIM_OnePulse_Start                   0x08007033   Thumb Code    66  stm32f4xx_hal_tim.o(.text)
    HAL_TIM_OnePulse_Stop                    0x08007075   Thumb Code   130  stm32f4xx_hal_tim.o(.text)
    HAL_TIM_OnePulse_Start_IT                0x080070f7   Thumb Code    90  stm32f4xx_hal_tim.o(.text)
    HAL_TIM_OnePulse_Stop_IT                 0x08007151   Thumb Code   154  stm32f4xx_hal_tim.o(.text)
    HAL_TIM_Encoder_MspInit                  0x080071eb   Thumb Code     2  stm32f4xx_hal_tim.o(.text)
    HAL_TIM_Encoder_Init                     0x080071ed   Thumb Code   180  stm32f4xx_hal_tim.o(.text)
    HAL_TIM_Encoder_MspDeInit                0x080072a1   Thumb Code     2  stm32f4xx_hal_tim.o(.text)
    HAL_TIM_Encoder_DeInit                   0x080072a3   Thumb Code    70  stm32f4xx_hal_tim.o(.text)
    HAL_TIM_Encoder_Start                    0x080072e9   Thumb Code    78  stm32f4xx_hal_tim.o(.text)
    HAL_TIM_Encoder_Stop                     0x08007337   Thumb Code   104  stm32f4xx_hal_tim.o(.text)
    HAL_TIM_Encoder_Start_IT                 0x0800739f   Thumb Code   126  stm32f4xx_hal_tim.o(.text)
    HAL_TIM_Encoder_Stop_IT                  0x0800741d   Thumb Code   160  stm32f4xx_hal_tim.o(.text)
    HAL_TIM_Encoder_Start_DMA                0x080074bd   Thumb Code   328  stm32f4xx_hal_tim.o(.text)
    HAL_TIM_Encoder_Stop_DMA                 0x08007605   Thumb Code   152  stm32f4xx_hal_tim.o(.text)
    HAL_TIM_TriggerCallback                  0x0800769d   Thumb Code     2  stm32f4xx_hal_tim.o(.text)
    HAL_TIM_OC_DelayElapsedCallback          0x0800769f   Thumb Code     2  stm32f4xx_hal_tim.o(.text)
    HAL_TIM_IRQHandler                       0x080076a1   Thumb Code   406  stm32f4xx_hal_tim.o(.text)
    TIM_OC2_SetConfig                        0x08007909   Thumb Code   112  stm32f4xx_hal_tim.o(.text)
    HAL_TIM_OC_ConfigChannel                 0x080079df   Thumb Code   116  stm32f4xx_hal_tim.o(.text)
    TIM_TI1_SetConfig                        0x08007b0d   Thumb Code   122  stm32f4xx_hal_tim.o(.text)
    HAL_TIM_IC_ConfigChannel                 0x08007b87   Thumb Code   224  stm32f4xx_hal_tim.o(.text)
    HAL_TIM_PWM_ConfigChannel                0x08007c67   Thumb Code   294  stm32f4xx_hal_tim.o(.text)
    HAL_TIM_OnePulse_ConfigChannel           0x08007d8d   Thumb Code   286  stm32f4xx_hal_tim.o(.text)
    HAL_TIM_DMABurst_WriteStart              0x08007ebf   Thumb Code   366  stm32f4xx_hal_tim.o(.text)
    HAL_TIM_DMABurst_WriteStop               0x0800802d   Thumb Code   128  stm32f4xx_hal_tim.o(.text)
    HAL_TIM_DMABurst_ReadStart               0x080080ad   Thumb Code   366  stm32f4xx_hal_tim.o(.text)
    HAL_TIM_DMABurst_ReadStop                0x0800821b   Thumb Code   128  stm32f4xx_hal_tim.o(.text)
    HAL_TIM_GenerateEvent                    0x0800829b   Thumb Code    54  stm32f4xx_hal_tim.o(.text)
    HAL_TIM_ConfigOCrefClear                 0x080082e9   Thumb Code   252  stm32f4xx_hal_tim.o(.text)
    HAL_TIM_ConfigClockSource                0x0800844f   Thumb Code   306  stm32f4xx_hal_tim.o(.text)
    HAL_TIM_ConfigTI1Input                   0x08008581   Thumb Code    24  stm32f4xx_hal_tim.o(.text)
    HAL_TIM_SlaveConfigSynchronization       0x0800863d   Thumb Code    86  stm32f4xx_hal_tim.o(.text)
    HAL_TIM_SlaveConfigSynchronization_IT    0x08008693   Thumb Code    86  stm32f4xx_hal_tim.o(.text)
    HAL_TIM_ReadCapturedValue                0x080086e9   Thumb Code    84  stm32f4xx_hal_tim.o(.text)
    HAL_TIM_Base_GetState                    0x0800873d   Thumb Code     8  stm32f4xx_hal_tim.o(.text)
    HAL_TIM_OC_GetState                      0x08008745   Thumb Code     8  stm32f4xx_hal_tim.o(.text)
    HAL_TIM_PWM_GetState                     0x0800874d   Thumb Code     8  stm32f4xx_hal_tim.o(.text)
    HAL_TIM_IC_GetState                      0x08008755   Thumb Code     8  stm32f4xx_hal_tim.o(.text)
    HAL_TIM_OnePulse_GetState                0x0800875d   Thumb Code     8  stm32f4xx_hal_tim.o(.text)
    HAL_TIM_Encoder_GetState                 0x08008765   Thumb Code     8  stm32f4xx_hal_tim.o(.text)
    HAL_TIMEx_HallSensor_MspInit             0x0800876d   Thumb Code     2  stm32f4xx_hal_tim_ex.o(.text)
    HAL_TIMEx_HallSensor_Init                0x0800876f   Thumb Code   196  stm32f4xx_hal_tim_ex.o(.text)
    HAL_TIMEx_HallSensor_MspDeInit           0x08008833   Thumb Code     2  stm32f4xx_hal_tim_ex.o(.text)
    HAL_TIMEx_HallSensor_DeInit              0x08008835   Thumb Code    70  stm32f4xx_hal_tim_ex.o(.text)
    HAL_TIMEx_HallSensor_Start               0x0800887b   Thumb Code    30  stm32f4xx_hal_tim_ex.o(.text)
    HAL_TIMEx_HallSensor_Stop                0x08008899   Thumb Code    56  stm32f4xx_hal_tim_ex.o(.text)
    HAL_TIMEx_HallSensor_Start_IT            0x080088d1   Thumb Code    42  stm32f4xx_hal_tim_ex.o(.text)
    HAL_TIMEx_HallSensor_Stop_IT             0x080088fb   Thumb Code    68  stm32f4xx_hal_tim_ex.o(.text)
    HAL_TIMEx_HallSensor_Start_DMA           0x0800893f   Thumb Code   106  stm32f4xx_hal_tim_ex.o(.text)
    HAL_TIMEx_HallSensor_Stop_DMA            0x080089a9   Thumb Code    68  stm32f4xx_hal_tim_ex.o(.text)
    HAL_TIMEx_OCN_Start                      0x08008a09   Thumb Code    44  stm32f4xx_hal_tim_ex.o(.text)
    HAL_TIMEx_OCN_Stop                       0x08008a35   Thumb Code    96  stm32f4xx_hal_tim_ex.o(.text)
    HAL_TIMEx_OCN_Start_IT                   0x08008a95   Thumb Code   132  stm32f4xx_hal_tim_ex.o(.text)
    HAL_TIMEx_OCN_Stop_IT                    0x08008b19   Thumb Code   196  stm32f4xx_hal_tim_ex.o(.text)
    HAL_TIMEx_OCN_Start_DMA                  0x08008bdd   Thumb Code   272  stm32f4xx_hal_tim_ex.o(.text)
    HAL_TIMEx_OCN_Stop_DMA                   0x08008ced   Thumb Code   192  stm32f4xx_hal_tim_ex.o(.text)
    HAL_TIMEx_PWMN_Start                     0x08008dad   Thumb Code    44  stm32f4xx_hal_tim_ex.o(.text)
    HAL_TIMEx_PWMN_Stop                      0x08008dd9   Thumb Code    96  stm32f4xx_hal_tim_ex.o(.text)
    HAL_TIMEx_PWMN_Start_IT                  0x08008e39   Thumb Code   132  stm32f4xx_hal_tim_ex.o(.text)
    HAL_TIMEx_PWMN_Stop_IT                   0x08008ebd   Thumb Code   196  stm32f4xx_hal_tim_ex.o(.text)
    HAL_TIMEx_PWMN_Start_DMA                 0x08008f81   Thumb Code   272  stm32f4xx_hal_tim_ex.o(.text)
    HAL_TIMEx_PWMN_Stop_DMA                  0x08009091   Thumb Code   178  stm32f4xx_hal_tim_ex.o(.text)
    HAL_TIMEx_OnePulseN_Start                0x08009143   Thumb Code    32  stm32f4xx_hal_tim_ex.o(.text)
    HAL_TIMEx_OnePulseN_Stop                 0x08009163   Thumb Code    96  stm32f4xx_hal_tim_ex.o(.text)
    HAL_TIMEx_OnePulseN_Start_IT             0x080091c3   Thumb Code    56  stm32f4xx_hal_tim_ex.o(.text)
    HAL_TIMEx_OnePulseN_Stop_IT              0x080091fb   Thumb Code   120  stm32f4xx_hal_tim_ex.o(.text)
    HAL_TIMEx_ConfigCommutationEvent         0x08009273   Thumb Code   110  stm32f4xx_hal_tim_ex.o(.text)
    HAL_TIMEx_ConfigCommutationEvent_IT      0x080092e1   Thumb Code   122  stm32f4xx_hal_tim_ex.o(.text)
    HAL_TIMEx_CommutationCallback            0x0800935b   Thumb Code     2  stm32f4xx_hal_tim_ex.o(.text)
    TIMEx_DMACommutationCplt                 0x0800935d   Thumb Code    20  stm32f4xx_hal_tim_ex.o(.text)
    HAL_TIMEx_ConfigCommutationEvent_DMA     0x08009371   Thumb Code   146  stm32f4xx_hal_tim_ex.o(.text)
    HAL_TIMEx_MasterConfigSynchronization    0x08009403   Thumb Code    98  stm32f4xx_hal_tim_ex.o(.text)
    HAL_TIMEx_ConfigBreakDeadTime            0x08009465   Thumb Code    80  stm32f4xx_hal_tim_ex.o(.text)
    HAL_TIMEx_RemapConfig                    0x080094b5   Thumb Code    48  stm32f4xx_hal_tim_ex.o(.text)
    HAL_TIMEx_BreakCallback                  0x080094e5   Thumb Code     2  stm32f4xx_hal_tim_ex.o(.text)
    HAL_TIMEx_HallSensor_GetState            0x080094e7   Thumb Code     8  stm32f4xx_hal_tim_ex.o(.text)
    Reset_Handler                            0x080094f5   Thumb Code     8  startup_stm32f407xx.o(.text)
    NMI_Handler                              0x080094fd   Thumb Code     2  startup_stm32f407xx.o(.text)
    HardFault_Handler                        0x080094ff   Thumb Code     2  startup_stm32f407xx.o(.text)
    MemManage_Handler                        0x08009501   Thumb Code     2  startup_stm32f407xx.o(.text)
    BusFault_Handler                         0x08009503   Thumb Code     2  startup_stm32f407xx.o(.text)
    UsageFault_Handler                       0x08009505   Thumb Code     2  startup_stm32f407xx.o(.text)
    DebugMon_Handler                         0x08009509   Thumb Code     2  startup_stm32f407xx.o(.text)
    ADC_IRQHandler                           0x0800950f   Thumb Code     0  startup_stm32f407xx.o(.text)
    CAN1_RX0_IRQHandler                      0x0800950f   Thumb Code     0  startup_stm32f407xx.o(.text)
    CAN1_RX1_IRQHandler                      0x0800950f   Thumb Code     0  startup_stm32f407xx.o(.text)
    CAN1_SCE_IRQHandler                      0x0800950f   Thumb Code     0  startup_stm32f407xx.o(.text)
    CAN1_TX_IRQHandler                       0x0800950f   Thumb Code     0  startup_stm32f407xx.o(.text)
    CAN2_RX0_IRQHandler                      0x0800950f   Thumb Code     0  startup_stm32f407xx.o(.text)
    CAN2_RX1_IRQHandler                      0x0800950f   Thumb Code     0  startup_stm32f407xx.o(.text)
    CAN2_SCE_IRQHandler                      0x0800950f   Thumb Code     0  startup_stm32f407xx.o(.text)
    CAN2_TX_IRQHandler                       0x0800950f   Thumb Code     0  startup_stm32f407xx.o(.text)
    DCMI_IRQHandler                          0x0800950f   Thumb Code     0  startup_stm32f407xx.o(.text)
    DMA1_Stream0_IRQHandler                  0x0800950f   Thumb Code     0  startup_stm32f407xx.o(.text)
    DMA1_Stream1_IRQHandler                  0x0800950f   Thumb Code     0  startup_stm32f407xx.o(.text)
    DMA1_Stream2_IRQHandler                  0x0800950f   Thumb Code     0  startup_stm32f407xx.o(.text)
    DMA1_Stream3_IRQHandler                  0x0800950f   Thumb Code     0  startup_stm32f407xx.o(.text)
    DMA1_Stream4_IRQHandler                  0x0800950f   Thumb Code     0  startup_stm32f407xx.o(.text)
    DMA1_Stream5_IRQHandler                  0x0800950f   Thumb Code     0  startup_stm32f407xx.o(.text)
    DMA1_Stream6_IRQHandler                  0x0800950f   Thumb Code     0  startup_stm32f407xx.o(.text)
    DMA1_Stream7_IRQHandler                  0x0800950f   Thumb Code     0  startup_stm32f407xx.o(.text)
    DMA2_Stream0_IRQHandler                  0x0800950f   Thumb Code     0  startup_stm32f407xx.o(.text)
    DMA2_Stream1_IRQHandler                  0x0800950f   Thumb Code     0  startup_stm32f407xx.o(.text)
    DMA2_Stream2_IRQHandler                  0x0800950f   Thumb Code     0  startup_stm32f407xx.o(.text)
    DMA2_Stream3_IRQHandler                  0x0800950f   Thumb Code     0  startup_stm32f407xx.o(.text)
    DMA2_Stream4_IRQHandler                  0x0800950f   Thumb Code     0  startup_stm32f407xx.o(.text)
    DMA2_Stream5_IRQHandler                  0x0800950f   Thumb Code     0  startup_stm32f407xx.o(.text)
    DMA2_Stream6_IRQHandler                  0x0800950f   Thumb Code     0  startup_stm32f407xx.o(.text)
    DMA2_Stream7_IRQHandler                  0x0800950f   Thumb Code     0  startup_stm32f407xx.o(.text)
    ETH_IRQHandler                           0x0800950f   Thumb Code     0  startup_stm32f407xx.o(.text)
    ETH_WKUP_IRQHandler                      0x0800950f   Thumb Code     0  startup_stm32f407xx.o(.text)
    EXTI15_10_IRQHandler                     0x0800950f   Thumb Code     0  startup_stm32f407xx.o(.text)
    EXTI1_IRQHandler                         0x0800950f   Thumb Code     0  startup_stm32f407xx.o(.text)
    EXTI2_IRQHandler                         0x0800950f   Thumb Code     0  startup_stm32f407xx.o(.text)
    EXTI3_IRQHandler                         0x0800950f   Thumb Code     0  startup_stm32f407xx.o(.text)
    EXTI4_IRQHandler                         0x0800950f   Thumb Code     0  startup_stm32f407xx.o(.text)
    EXTI9_5_IRQHandler                       0x0800950f   Thumb Code     0  startup_stm32f407xx.o(.text)
    FLASH_IRQHandler                         0x0800950f   Thumb Code     0  startup_stm32f407xx.o(.text)
    FMC_IRQHandler                           0x0800950f   Thumb Code     0  startup_stm32f407xx.o(.text)
    FPU_IRQHandler                           0x0800950f   Thumb Code     0  startup_stm32f407xx.o(.text)
    HASH_RNG_IRQHandler                      0x0800950f   Thumb Code     0  startup_stm32f407xx.o(.text)
    I2C1_ER_IRQHandler                       0x0800950f   Thumb Code     0  startup_stm32f407xx.o(.text)
    I2C1_EV_IRQHandler                       0x0800950f   Thumb Code     0  startup_stm32f407xx.o(.text)
    I2C2_ER_IRQHandler                       0x0800950f   Thumb Code     0  startup_stm32f407xx.o(.text)
    I2C2_EV_IRQHandler                       0x0800950f   Thumb Code     0  startup_stm32f407xx.o(.text)
    I2C3_ER_IRQHandler                       0x0800950f   Thumb Code     0  startup_stm32f407xx.o(.text)
    I2C3_EV_IRQHandler                       0x0800950f   Thumb Code     0  startup_stm32f407xx.o(.text)
    OTG_FS_IRQHandler                        0x0800950f   Thumb Code     0  startup_stm32f407xx.o(.text)
    OTG_FS_WKUP_IRQHandler                   0x0800950f   Thumb Code     0  startup_stm32f407xx.o(.text)
    OTG_HS_EP1_IN_IRQHandler                 0x0800950f   Thumb Code     0  startup_stm32f407xx.o(.text)
    OTG_HS_EP1_OUT_IRQHandler                0x0800950f   Thumb Code     0  startup_stm32f407xx.o(.text)
    OTG_HS_IRQHandler                        0x0800950f   Thumb Code     0  startup_stm32f407xx.o(.text)
    OTG_HS_WKUP_IRQHandler                   0x0800950f   Thumb Code     0  startup_stm32f407xx.o(.text)
    PVD_IRQHandler                           0x0800950f   Thumb Code     0  startup_stm32f407xx.o(.text)
    RCC_IRQHandler                           0x0800950f   Thumb Code     0  startup_stm32f407xx.o(.text)
    RTC_Alarm_IRQHandler                     0x0800950f   Thumb Code     0  startup_stm32f407xx.o(.text)
    RTC_WKUP_IRQHandler                      0x0800950f   Thumb Code     0  startup_stm32f407xx.o(.text)
    SDIO_IRQHandler                          0x0800950f   Thumb Code     0  startup_stm32f407xx.o(.text)
    SPI1_IRQHandler                          0x0800950f   Thumb Code     0  startup_stm32f407xx.o(.text)
    SPI2_IRQHandler                          0x0800950f   Thumb Code     0  startup_stm32f407xx.o(.text)
    SPI3_IRQHandler                          0x0800950f   Thumb Code     0  startup_stm32f407xx.o(.text)
    TAMP_STAMP_IRQHandler                    0x0800950f   Thumb Code     0  startup_stm32f407xx.o(.text)
    TIM1_BRK_TIM9_IRQHandler                 0x0800950f   Thumb Code     0  startup_stm32f407xx.o(.text)
    TIM1_CC_IRQHandler                       0x0800950f   Thumb Code     0  startup_stm32f407xx.o(.text)
    TIM1_TRG_COM_TIM11_IRQHandler            0x0800950f   Thumb Code     0  startup_stm32f407xx.o(.text)
    TIM1_UP_TIM10_IRQHandler                 0x0800950f   Thumb Code     0  startup_stm32f407xx.o(.text)
    TIM5_IRQHandler                          0x0800950f   Thumb Code     0  startup_stm32f407xx.o(.text)
    TIM6_DAC_IRQHandler                      0x0800950f   Thumb Code     0  startup_stm32f407xx.o(.text)
    TIM7_IRQHandler                          0x0800950f   Thumb Code     0  startup_stm32f407xx.o(.text)
    TIM8_BRK_TIM12_IRQHandler                0x0800950f   Thumb Code     0  startup_stm32f407xx.o(.text)
    TIM8_CC_IRQHandler                       0x0800950f   Thumb Code     0  startup_stm32f407xx.o(.text)
    TIM8_TRG_COM_TIM14_IRQHandler            0x0800950f   Thumb Code     0  startup_stm32f407xx.o(.text)
    TIM8_UP_TIM13_IRQHandler                 0x0800950f   Thumb Code     0  startup_stm32f407xx.o(.text)
    UART4_IRQHandler                         0x0800950f   Thumb Code     0  startup_stm32f407xx.o(.text)
    UART5_IRQHandler                         0x0800950f   Thumb Code     0  startup_stm32f407xx.o(.text)
    USART1_IRQHandler                        0x0800950f   Thumb Code     0  startup_stm32f407xx.o(.text)
    USART2_IRQHandler                        0x0800950f   Thumb Code     0  startup_stm32f407xx.o(.text)
    USART3_IRQHandler                        0x0800950f   Thumb Code     0  startup_stm32f407xx.o(.text)
    USART6_IRQHandler                        0x0800950f   Thumb Code     0  startup_stm32f407xx.o(.text)
    WWDG_IRQHandler                          0x0800950f   Thumb Code     0  startup_stm32f407xx.o(.text)
    SystemInit                               0x08009519   Thumb Code    82  system_stm32f4xx.o(.text)
    SystemCoreClockUpdate                    0x0800956b   Thumb Code   174  system_stm32f4xx.o(.text)
    __aeabi_memcpy                           0x08009639   Thumb Code    36  memcpya.o(.text)
    __aeabi_memcpy4                          0x08009639   Thumb Code     0  memcpya.o(.text)
    __aeabi_memcpy8                          0x08009639   Thumb Code     0  memcpya.o(.text)
    __aeabi_dmul                             0x0800965d   Thumb Code   228  dmul.o(.text)
    __aeabi_ddiv                             0x08009741   Thumb Code   222  ddiv.o(.text)
    __aeabi_i2d                              0x0800981f   Thumb Code    34  dflti.o(.text)
    __aeabi_d2iz                             0x08009841   Thumb Code    62  dfixi.o(.text)
    __aeabi_f2d                              0x0800987f   Thumb Code    38  f2d.o(.text)
    __aeabi_d2f                              0x080098a5   Thumb Code    56  d2f.o(.text)
    __aeabi_uidiv                            0x080098dd   Thumb Code     0  uidiv.o(.text)
    __aeabi_uidivmod                         0x080098dd   Thumb Code    44  uidiv.o(.text)
    __aeabi_llsl                             0x08009909   Thumb Code    30  llshl.o(.text)
    _ll_shift_l                              0x08009909   Thumb Code     0  llshl.o(.text)
    __aeabi_llsr                             0x08009927   Thumb Code    32  llushr.o(.text)
    _ll_ushift_r                             0x08009927   Thumb Code     0  llushr.o(.text)
    __I$use$fp                               0x08009947   Thumb Code     0  iusefp.o(.text)
    _float_round                             0x08009947   Thumb Code    18  fepilogue.o(.text)
    _float_epilogue                          0x08009959   Thumb Code    92  fepilogue.o(.text)
    _double_round                            0x080099b5   Thumb Code    30  depilogue.o(.text)
    _double_epilogue                         0x080099d3   Thumb Code   156  depilogue.o(.text)
    __aeabi_dadd                             0x08009a6f   Thumb Code   322  dadd.o(.text)
    __aeabi_dsub                             0x08009bb1   Thumb Code     6  dadd.o(.text)
    __aeabi_drsub                            0x08009bb7   Thumb Code     6  dadd.o(.text)
    _dsqrt                                   0x08009bbd   Thumb Code   162  dsqrt.o(.text)
    __aeabi_cdrcmple                         0x08009c61   Thumb Code    48  cdrcmple.o(.text)
    __scatterload                            0x08009c91   Thumb Code    28  init.o(.text)
    __scatterload_rt2                        0x08009c91   Thumb Code     0  init.o(.text)
    __aeabi_lasr                             0x08009cb5   Thumb Code    36  llsshr.o(.text)
    _ll_sshift_r                             0x08009cb5   Thumb Code     0  llsshr.o(.text)
    SVC_Count                                0x08009cd8   Data           4  svc_table.o(SVC_TABLE)
    SVC_Table                                0x08009cdc   Data           0  svc_table.o(SVC_TABLE)
    __0printf$1                              0x08009cdd   Thumb Code    22  printf1.o(i.__0printf$1)
    __1printf$1                              0x08009cdd   Thumb Code     0  printf1.o(i.__0printf$1)
    __2printf                                0x08009cdd   Thumb Code     0  printf1.o(i.__0printf$1)
    __ARM_fpclassify                         0x08009cfd   Thumb Code    48  fpclassify.o(i.__ARM_fpclassify)
    __hardfp_atan                            0x08009d31   Thumb Code   622  atan.o(i.__hardfp_atan)
    __hardfp_atan2                           0x0800a009   Thumb Code   432  atan2.o(i.__hardfp_atan2)
    __hardfp_fabs                            0x0800a1f9   Thumb Code    20  fabs.o(i.__hardfp_fabs)
    __hardfp_floor                           0x0800a211   Thumb Code   252  floor.o(i.__hardfp_floor)
    __hardfp_sqrt                            0x0800a329   Thumb Code   122  sqrt.o(i.__hardfp_sqrt)
    __kernel_poly                            0x0800a3a3   Thumb Code   248  poly.o(i.__kernel_poly)
    __mathlib_dbl_infnan                     0x0800a49b   Thumb Code    20  dunder.o(i.__mathlib_dbl_infnan)
    __mathlib_dbl_infnan2                    0x0800a4af   Thumb Code    20  dunder.o(i.__mathlib_dbl_infnan2)
    __mathlib_dbl_underflow                  0x0800a4c9   Thumb Code    24  dunder.o(i.__mathlib_dbl_underflow)
    __scatterload_copy                       0x0800a4e9   Thumb Code    14  handlers.o(i.__scatterload_copy)
    __scatterload_null                       0x0800a4f7   Thumb Code     2  handlers.o(i.__scatterload_null)
    __scatterload_zeroinit                   0x0800a4f9   Thumb Code    14  handlers.o(i.__scatterload_zeroinit)
    __set_errno                              0x0800a509   Thumb Code     6  errno.o(i.__set_errno)
    _init_box                                0x0800a515   Thumb Code    70  rt_membox.o(i._init_box)
    atan                                     0x0800a6b1   Thumb Code    16  atan.o(i.atan)
    dbg_init                                 0x0800a6c1   Thumb Code    34  hal_cm.o(i.dbg_init)
    dbg_task_notify                          0x0800a6f1   Thumb Code    32  hal_cm.o(i.dbg_task_notify)
    dbg_task_switch                          0x0800a711   Thumb Code    16  hal_cm.o(i.dbg_task_switch)
    fabs                                     0x0800a721   Thumb Code    24  fabs.o(i.fabs)
    isrMessageGet                            0x0800a739   Thumb Code    42  rt_cmsis.o(i.isrMessageGet)
    isrMessagePut                            0x0800a763   Thumb Code    44  rt_cmsis.o(i.isrMessagePut)
    isrSemaphoreRelease                      0x0800a78f   Thumb Code    40  rt_cmsis.o(i.isrSemaphoreRelease)
    isr_mbx_receive                          0x0800a7b9   Thumb Code    82  rt_mailbox.o(i.isr_mbx_receive)
    isr_mbx_send                             0x0800a80b   Thumb Code    14  rt_mailbox.o(i.isr_mbx_send)
    isr_sem_send                             0x0800a819   Thumb Code    16  rt_semaphore.o(i.isr_sem_send)
    osKernelInitialize                       0x0800a829   Thumb Code    30  rt_cmsis.o(i.osKernelInitialize)
    osKernelStart                            0x0800a84d   Thumb Code    98  rt_cmsis.o(i.osKernelStart)
    osMessageGet                             0x0800a8b9   Thumb Code    18  rt_cmsis.o(i.osMessageGet)
    osMutexCreate                            0x0800a8d1   Thumb Code    38  rt_cmsis.o(i.osMutexCreate)
    osMutexRelease                           0x0800a901   Thumb Code    18  rt_cmsis.o(i.osMutexRelease)
    osMutexWait                              0x0800a919   Thumb Code    18  rt_cmsis.o(i.osMutexWait)
    osSemaphoreCreate                        0x0800a931   Thumb Code    38  rt_cmsis.o(i.osSemaphoreCreate)
    osSemaphoreRelease                       0x0800a961   Thumb Code    18  rt_cmsis.o(i.osSemaphoreRelease)
    osSemaphoreWait                          0x0800a979   Thumb Code    20  rt_cmsis.o(i.osSemaphoreWait)
    osThreadCreate                           0x0800a991   Thumb Code    38  rt_cmsis.o(i.osThreadCreate)
    osThreadExit                             0x0800a9c1   Thumb Code    14  rt_cmsis.o(i.osThreadExit)
    osTimerCall                              0x0800a9d9   Thumb Code     8  rt_cmsis.o(i.osTimerCall)
    osTimerThread                            0x0800a9e5   Thumb Code    38  rt_cmsis.o(i.osTimerThread)
    os_tick_init                             0x0800aa11   Thumb Code    32  rt_system.o(i.os_tick_init)
    os_tick_irqack                           0x0800aa39   Thumb Code     2  rt_system.o(i.os_tick_irqack)
    rt_alloc_box                             0x0800aa3b   Thumb Code    26  rt_membox.o(i.rt_alloc_box)
    rt_alloc_mem                             0x0800aa55   Thumb Code    62  rt_memory.o(i.rt_alloc_mem)
    rt_block                                 0x0800aa95   Thumb Code    48  rt_task.o(i.rt_block)
    rt_chk_robin                             0x0800aacd   Thumb Code    60  rt_robin.o(i.rt_chk_robin)
    rt_dec_dly                               0x0800ab15   Thumb Code   102  rt_list.o(i.rt_dec_dly)
    rt_dispatch                              0x0800ab85   Thumb Code    60  rt_task.o(i.rt_dispatch)
    rt_evt_psh                               0x0800abc9   Thumb Code    76  rt_event.o(i.rt_evt_psh)
    rt_free_box                              0x0800ac19   Thumb Code    44  rt_membox.o(i.rt_free_box)
    rt_free_mem                              0x0800ac45   Thumb Code    40  rt_memory.o(i.rt_free_mem)
    rt_get_first                             0x0800ac6d   Thumb Code    40  rt_list.o(i.rt_get_first)
    rt_init_mem                              0x0800ace5   Thumb Code    26  rt_memory.o(i.rt_init_mem)
    rt_init_robin                            0x0800ad01   Thumb Code    14  rt_robin.o(i.rt_init_robin)
    rt_init_stack                            0x0800ad19   Thumb Code   118  hal_cm.o(i.rt_init_stack)
    rt_mbx_check                             0x0800ad99   Thumb Code     8  rt_mailbox.o(i.rt_mbx_check)
    rt_mbx_init                              0x0800ada1   Thumb Code    26  rt_mailbox.o(i.rt_mbx_init)
    rt_mbx_psh                               0x0800adbd   Thumb Code   236  rt_mailbox.o(i.rt_mbx_psh)
    rt_mbx_wait                              0x0800aead   Thumb Code   174  rt_mailbox.o(i.rt_mbx_wait)
    rt_mut_init                              0x0800afa5   Thumb Code    16  rt_mutex.o(i.rt_mut_init)
    rt_mut_release                           0x0800afb5   Thumb Code   208  rt_mutex.o(i.rt_mut_release)
    rt_mut_wait                              0x0800b08d   Thumb Code   100  rt_mutex.o(i.rt_mut_wait)
    rt_pop_req                               0x0800b0f5   Thumb Code   112  rt_system.o(i.rt_pop_req)
    rt_psh_req                               0x0800b171   Thumb Code    22  rt_system.o(i.rt_psh_req)
    rt_psq_enq                               0x0800b191   Thumb Code    88  rt_list.o(i.rt_psq_enq)
    rt_put_dly                               0x0800b1ed   Thumb Code    68  rt_list.o(i.rt_put_dly)
    rt_put_prio                              0x0800b235   Thumb Code    54  rt_list.o(i.rt_put_prio)
    rt_put_rdy_first                         0x0800b26d   Thumb Code    14  rt_list.o(i.rt_put_rdy_first)
    rt_resort_prio                           0x0800b281   Thumb Code    46  rt_list.o(i.rt_resort_prio)
    rt_ret_val                               0x0800b2c5   Thumb Code    12  hal_cm.o(i.rt_ret_val)
    rt_ret_val2                              0x0800b2d1   Thumb Code    16  hal_cm.o(i.rt_ret_val2)
    rt_rmv_dly                               0x0800b2e1   Thumb Code    40  rt_list.o(i.rt_rmv_dly)
    rt_rmv_list                              0x0800b309   Thumb Code    44  rt_list.o(i.rt_rmv_list)
    rt_sem_init                              0x0800b339   Thumb Code    12  rt_semaphore.o(i.rt_sem_init)
    rt_sem_psh                               0x0800b345   Thumb Code    48  rt_semaphore.o(i.rt_sem_psh)
    rt_sem_send                              0x0800b379   Thumb Code    42  rt_semaphore.o(i.rt_sem_send)
    rt_sem_wait                              0x0800b3a5   Thumb Code    58  rt_semaphore.o(i.rt_sem_wait)
    rt_stk_check                             0x0800b3e5   Thumb Code    28  rt_system.o(i.rt_stk_check)
    rt_switch_req                            0x0800b409   Thumb Code    30  rt_task.o(i.rt_switch_req)
    rt_sys_init                              0x0800b431   Thumb Code   138  rt_task.o(i.rt_sys_init)
    rt_sys_start                             0x0800b4fd   Thumb Code   110  rt_task.o(i.rt_sys_start)
    rt_systick                               0x0800b575   Thumb Code    50  rt_system.o(i.rt_systick)
    rt_tsk_create                            0x0800b5fd   Thumb Code   118  rt_task.o(i.rt_tsk_create)
    rt_tsk_delete                            0x0800b685   Thumb Code   352  rt_task.o(i.rt_tsk_delete)
    rt_tsk_prio                              0x0800b801   Thumb Code   108  rt_task.o(i.rt_tsk_prio)
    rt_tsk_self                              0x0800b87d   Thumb Code    12  rt_task.o(i.rt_tsk_self)
    svcKernelInitialize                      0x0800b88d   Thumb Code    80  rt_cmsis.o(i.svcKernelInitialize)
    svcKernelStart                           0x0800b8fd   Thumb Code    62  rt_cmsis.o(i.svcKernelStart)
    svcMessageCreate                         0x0800b945   Thumb Code    36  rt_cmsis.o(i.svcMessageCreate)
    svcMessageGet                            0x0800b969   Thumb Code    58  rt_cmsis.o(i.svcMessageGet)
    svcMutexCreate                           0x0800b9a3   Thumb Code    28  rt_cmsis.o(i.svcMutexCreate)
    svcMutexRelease                          0x0800b9bf   Thumb Code    34  rt_cmsis.o(i.svcMutexRelease)
    svcMutexWait                             0x0800b9e1   Thumb Code    54  rt_cmsis.o(i.svcMutexWait)
    svcSemaphoreCreate                       0x0800ba17   Thumb Code    36  rt_cmsis.o(i.svcSemaphoreCreate)
    svcSemaphoreRelease                      0x0800ba3b   Thumb Code    40  rt_cmsis.o(i.svcSemaphoreRelease)
    svcSemaphoreWait                         0x0800ba63   Thumb Code    50  rt_cmsis.o(i.svcSemaphoreWait)
    svcThreadCreate                          0x0800ba95   Thumb Code   100  rt_cmsis.o(i.svcThreadCreate)
    svcThreadGetId                           0x0800bb05   Thumb Code    22  rt_cmsis.o(i.svcThreadGetId)
    svcThreadTerminate                       0x0800bb21   Thumb Code    50  rt_cmsis.o(i.svcThreadTerminate)
    svcTimerCall                             0x0800bb59   Thumb Code    24  rt_cmsis.o(i.svcTimerCall)
    sysTimerTick                             0x0800bb71   Thumb Code    84  rt_cmsis.o(i.sysTimerTick)
    os_mutex_def_kalman_filter_mutex         0x0800bbcc   Data           4  main.o(.constdata)
    os_mutex_def_display_flag_mutex          0x0800bbd0   Data           4  main.o(.constdata)
    os_semaphore_def_keypad_select           0x0800bbd4   Data           4  main.o(.constdata)
    os_semaphore_def_accelerometer_select    0x0800bbd8   Data           4  main.o(.constdata)
    os_semaphore_def_temperature_select      0x0800bbdc   Data           4  main.o(.constdata)
    os_thread_def_Thread_Keypad              0x0800bbe0   Data          16  thread.o(.constdata)
    os_thread_def_Thread_Accelerometer       0x0800bbf0   Data          16  thread.o(.constdata)
    os_thread_def_Thread_Temperature_Sensor  0x0800bc00   Data          16  thread.o(.constdata)
    os_maxtaskrun                            0x0800bc10   Data           2  rtx_conf_cm.o(.constdata)
    os_stackinfo                             0x0800bc14   Data           4  rtx_conf_cm.o(.constdata)
    os_rrobin                                0x0800bc18   Data           4  rtx_conf_cm.o(.constdata)
    os_tickfreq                              0x0800bc1c   Data           4  rtx_conf_cm.o(.constdata)
    os_tickus_i                              0x0800bc20   Data           2  rtx_conf_cm.o(.constdata)
    os_tickus_f                              0x0800bc22   Data           2  rtx_conf_cm.o(.constdata)
    os_trv                                   0x0800bc24   Data           4  rtx_conf_cm.o(.constdata)
    os_flags                                 0x0800bc28   Data           1  rtx_conf_cm.o(.constdata)
    CMSIS_RTOS_API_Version                   0x0800bc2c   Data           4  rtx_conf_cm.o(.constdata)
    CMSIS_RTOS_RTX_Version                   0x0800bc30   Data           4  rtx_conf_cm.o(.constdata)
    os_clockrate                             0x0800bc34   Data           4  rtx_conf_cm.o(.constdata)
    os_timernum                              0x0800bc38   Data           4  rtx_conf_cm.o(.constdata)
    mp_tcb_size                              0x0800bc3c   Data           2  rtx_conf_cm.o(.constdata)
    mp_stk_size                              0x0800bc40   Data           4  rtx_conf_cm.o(.constdata)
    os_stack_sz                              0x0800bc44   Data           4  rtx_conf_cm.o(.constdata)
    os_fifo_size                             0x0800bc48   Data           1  rtx_conf_cm.o(.constdata)
    os_thread_def_osTimerThread              0x0800bc4c   Data          16  rtx_conf_cm.o(.constdata)
    os_messageQ_def_osTimerMessageQ          0x0800bc5c   Data           8  rtx_conf_cm.o(.constdata)
    mp_tmr_size                              0x0800bc64   Data           2  rtx_conf_cm.o(.constdata)
    APBAHBPrescTable                         0x0800bc6e   Data          16  stm32f4xx_hal_rcc.o(.constdata)
    AHBPrescTable                            0x0800bc7e   Data          16  system_stm32f4xx.o(.constdata)
    __mathlib_zero                           0x0800bd28   Data           8  qnan.o(.constdata)
    Region$$Table$$Base                      0x0800bd30   Number         0  anon$$obj.o(Region$$Table)
    Region$$Table$$Limit                     0x0800bd50   Number         0  anon$$obj.o(Region$$Table)
    DISPLAY_ACC                              0x20000000   Data           4  main.o(.data)
    DISPLAY_TEMP                             0x20000004   Data           4  main.o(.data)
    ACC_PITCH                                0x20000008   Data           4  main.o(.data)
    ACC_ROLL                                 0x2000000c   Data           4  main.o(.data)
    toggle_on                                0x20000010   Data           4  main.o(.data)
    digit                                    0x20000014   Data           4  main.o(.data)
    display_flag                             0x20000018   Data           4  main.o(.data)
    tmp_temperature                          0x20000020   Data           8  main.o(.data)
    temp                                     0x20000028   Data           4  main.o(.data)
    kalman_filter_mutex                      0x2000002c   Data           4  main.o(.data)
    display_flag_mutex                       0x20000030   Data           4  main.o(.data)
    keypad_select                            0x20000034   Data           4  main.o(.data)
    os_semaphore_cb_keypad_select            0x20000038   Data           8  main.o(.data)
    accelerometer_select                     0x20000040   Data           4  main.o(.data)
    os_semaphore_cb_accelerometer_select     0x20000044   Data           8  main.o(.data)
    temperature_select                       0x2000004c   Data           4  main.o(.data)
    os_semaphore_cb_temperature_select       0x20000050   Data           8  main.o(.data)
    key_number                               0x20000058   Data           4  keypad_interface.o(.data)
    keypad_semaphore                         0x2000005c   Data           4  keypad_interface.o(.data)
    tid_Thread_Keypad                        0x20000060   Data           4  thread.o(.data)
    tid_Thread_Accelerometer                 0x20000064   Data           4  thread.o(.data)
    tid_Temperature_Sensor                   0x20000068   Data           4  thread.o(.data)
    tmp_pitch                                0x20000070   Data           8  accelerometer_interface.o(.data)
    tmp_roll                                 0x20000078   Data           8  accelerometer_interface.o(.data)
    pitch                                    0x20000080   Data           4  accelerometer_interface.o(.data)
    roll                                     0x20000084   Data           4  accelerometer_interface.o(.data)
    semaphore                                0x20000088   Data           4  accelerometer_interface.o(.data)
    misalignment_and_offset_matrix           0x2000008c   Data          48  accelerometer_interface.o(.data)
    temperature_reading                      0x200000bc   Data           4  temperature_interface.o(.data)
    RAISE_ALARM                              0x200000c0   Data           4  temperature_interface.o(.data)
    temp_semaphore                           0x200000c4   Data           4  temperature_interface.o(.data)
    LIS3DSHTimeout                           0x200000c8   Data           4  lis3dsh.o(.data)
    osThreadId_osTimerThread                 0x200000cc   Data           4  rtx_conf_cm.o(.data)
    osMessageQId_osTimerMessageQ             0x200000d0   Data           4  rtx_conf_cm.o(.data)
    os_tmr                                   0x200000d4   Data           4  rtx_conf_cm.o(.data)
    m_tmr                                    0x200000d8   Data           4  rtx_conf_cm.o(.data)
    os_thread_def_main                       0x200000dc   Data          16  rtx_conf_cm.o(.data)
    SystemCoreClock                          0x200000f0   Data           4  system_stm32f4xx.o(.data)
    os_initialized                           0x200000f4   Data           1  rt_cmsis.o(.data)
    os_running                               0x200000f5   Data           1  rt_cmsis.o(.data)
    os_timer_head                            0x200000f8   Data           4  rt_cmsis.o(.data)
    os_time                                  0x200000fc   Data           4  rt_time.o(.data)
    os_tsk                                   0x20000100   Data           8  rt_task.o(.data)
    os_tick_irqn                             0x2000010c   Data           4  rt_system.o(.data)
    dbg_msg                                  0x20000110   Data           1  hal_cm.o(.data)
    os_robin                                 0x20000114   Data           8  rt_robin.o(.data)
    __stdout                                 0x2000011c   Data           4  stdout.o(.data)
    readings                                 0x20000124   Data          12  main.o(.bss)
    os_mutex_cb_kalman_filter_mutex          0x20000130   Data          16  main.o(.bss)
    os_mutex_cb_display_flag_mutex           0x20000140   Data          16  main.o(.bss)
    ADC1_Handle                              0x20000150   Data          68  config.o(.bss)
    GPIO_Struct                              0x20000194   Data          20  config.o(.bss)
    Degree_Struct                            0x200001a8   Data          20  config.o(.bss)
    TIM2_Handle                              0x200001bc   Data          60  config.o(.bss)
    TIM3_Handle                              0x200001f8   Data          60  config.o(.bss)
    TIM4_Handle                              0x20000234   Data          60  config.o(.bss)
    Rows_Struct                              0x20000270   Data          20  keypad_interface.o(.bss)
    Columns_Struct                           0x20000284   Data          20  keypad_interface.o(.bss)
    acc_ks_x                                 0x20000298   Data          20  accelerometer_interface.o(.bss)
    acc_ks_y                                 0x200002ac   Data          20  accelerometer_interface.o(.bss)
    acc_ks_z                                 0x200002c0   Data          20  accelerometer_interface.o(.bss)
    temp_ks                                  0x200002d4   Data          20  temperature_interface.o(.bss)
    SpiHandle                                0x200002e8   Data          88  lis3dsh.o(.bss)
    mp_tcb                                   0x20000340   Data         376  rtx_conf_cm.o(.bss)
    mp_stk                                   0x200004b8   Data        4816  rtx_conf_cm.o(.bss)
    os_stack_mem                             0x20001788   Data        1256  rtx_conf_cm.o(.bss)
    os_fifo                                  0x20001c70   Data         132  rtx_conf_cm.o(.bss)
    os_active_TCB                            0x20001cf4   Data          28  rtx_conf_cm.o(.bss)
    os_messageQ_q_osTimerMessageQ            0x20001d10   Data          32  rtx_conf_cm.o(.bss)
    os_idle_TCB                              0x20001d30   Data          52  rt_task.o(.bss)
    os_rdy                                   0x20001d64   Data          24  rt_list.o(.bss)
    os_dly                                   0x20001d7c   Data          24  rt_list.o(.bss)
    __initial_sp                             0x20002198   Data           0  startup_stm32f407xx.o(STACK)



==============================================================================

Memory Map of the image

  Image Entry point : 0x08000189

  Load Region LR_IROM1 (Base: 0x08000000, Size: 0x0000be74, Max: 0x00100000, ABSOLUTE)

    Execution Region ER_IROM1 (Base: 0x08000000, Size: 0x0000bd50, Max: 0x00100000, ABSOLUTE)

    Base Addr    Size         Type   Attr      Idx    E Section Name        Object

    0x08000000   0x00000188   Data   RO          908    RESET               startup_stm32f407xx.o
    0x08000188   0x00000000   Code   RO         2199  * .ARM.Collect$$$$00000000  mc_w.l(entry.o)
    0x08000188   0x00000004   Code   RO         2510    .ARM.Collect$$$$00000001  mc_w.l(entry2.o)
    0x0800018c   0x00000004   Code   RO         2513    .ARM.Collect$$$$00000004  mc_w.l(entry5.o)
    0x08000190   0x00000000   Code   RO         2515    .ARM.Collect$$$$00000008  mc_w.l(entry7b.o)
    0x08000190   0x00000000   Code   RO         2517    .ARM.Collect$$$$0000000A  mc_w.l(entry8b.o)
    0x08000190   0x00000000   Code   RO         2518    .ARM.Collect$$$$0000000D  mc_w.l(entry10a.o)
    0x08000190   0x00000000   Code   RO         2520    .ARM.Collect$$$$0000000F  mc_w.l(entry11a.o)
    0x08000190   0x00000018   Code   RO          483    .ARM.Collect$$$$000000FF  rtx_conf_cm.o
    0x080001a8   0x00000004   Code   RO         2511    .ARM.Collect$$$$00002712  mc_w.l(entry2.o)
    0x080001ac   0x00000198   Code   RO         2150    .emb_text           RTX_CM4.lib(hal_cm4.o)
    0x08000344   0x000002dc   Code   RO            4    .text               main.o
    0x08000620   0x00000180   Code   RO          213    .text               supporting_functions.o
    0x080007a0   0x0000035c   Code   RO          228    .text               config.o
    0x08000afc   0x000000a8   Code   RO          252    .text               kalman_filter.o
    0x08000ba4   0x00000214   Code   RO          277    .text               keypad_interface.o
    0x08000db8   0x00000378   Code   RO          306    .text               seven_segment.o
    0x08001130   0x000002a8   Code   RO          328    .text               utils.o
    0x080013d8   0x0000008c   Code   RO          344    .text               thread.o
    0x08001464   0x00000038   Code   RO          372    .text               fput_debug.o
    0x0800149c   0x0000045c   Code   RO          400    .text               accelerometer_interface.o
    0x080018f8   0x00000134   Code   RO          429    .text               temperature_interface.o
    0x08001a2c   0x000005c0   Code   RO          458    .text               lis3dsh.o
    0x08001fec   0x00000026   Code   RO          484    .text               rtx_conf_cm.o
    0x08002012   0x00000002   PAD
    0x08002014   0x000001b0   Code   RO          515    .text               stm32f4xx_hal.o
    0x080021c4   0x0000099c   Code   RO          541    .text               stm32f4xx_hal_adc.o
    0x08002b60   0x00000720   Code   RO          565    .text               stm32f4xx_hal_adc_ex.o
    0x08003280   0x00000324   Code   RO          589    .text               stm32f4xx_hal_cortex.o
    0x080035a4   0x00000618   Code   RO          617    .text               stm32f4xx_hal_dma.o
    0x08003bbc   0x000003cc   Code   RO          666    .text               stm32f4xx_hal_gpio.o
    0x08003f88   0x00000a4c   Code   RO          738    .text               stm32f4xx_hal_rcc.o
    0x080049d4   0x00001598   Code   RO          789    .text               stm32f4xx_hal_spi.o
    0x08005f6c   0x00002800   Code   RO          813    .text               stm32f4xx_hal_tim.o
    0x0800876c   0x00000d88   Code   RO          837    .text               stm32f4xx_hal_tim_ex.o
    0x080094f4   0x00000024   Code   RO          909    .text               startup_stm32f407xx.o
    0x08009518   0x00000120   Code   RO          916    .text               system_stm32f4xx.o
    0x08009638   0x00000024   Code   RO         2204    .text               mc_w.l(memcpya.o)
    0x0800965c   0x000000e4   Code   RO         2469    .text               mf_w.l(dmul.o)
    0x08009740   0x000000de   Code   RO         2471    .text               mf_w.l(ddiv.o)
    0x0800981e   0x00000022   Code   RO         2473    .text               mf_w.l(dflti.o)
    0x08009840   0x0000003e   Code   RO         2475    .text               mf_w.l(dfixi.o)
    0x0800987e   0x00000026   Code   RO         2477    .text               mf_w.l(f2d.o)
    0x080098a4   0x00000038   Code   RO         2479    .text               mf_w.l(d2f.o)
    0x080098dc   0x0000002c   Code   RO         2523    .text               mc_w.l(uidiv.o)
    0x08009908   0x0000001e   Code   RO         2525    .text               mc_w.l(llshl.o)
    0x08009926   0x00000020   Code   RO         2527    .text               mc_w.l(llushr.o)
    0x08009946   0x00000000   Code   RO         2536    .text               mc_w.l(iusefp.o)
    0x08009946   0x0000006e   Code   RO         2537    .text               mf_w.l(fepilogue.o)
    0x080099b4   0x000000ba   Code   RO         2539    .text               mf_w.l(depilogue.o)
    0x08009a6e   0x0000014e   Code   RO         2541    .text               mf_w.l(dadd.o)
    0x08009bbc   0x000000a2   Code   RO         2545    .text               mf_w.l(dsqrt.o)
    0x08009c5e   0x00000002   PAD
    0x08009c60   0x00000030   Code   RO         2551    .text               mf_w.l(cdrcmple.o)
    0x08009c90   0x00000024   Code   RO         2557    .text               mc_w.l(init.o)
    0x08009cb4   0x00000024   Code   RO         2559    .text               mc_w.l(llsshr.o)
    0x08009cd8   0x00000004   Code   RO         2160    SVC_TABLE           RTX_CM4.lib(svc_table.o)
    0x08009cdc   0x00000020   Code   RO         2253    i.__0printf$1       mc_w.l(printf1.o)
    0x08009cfc   0x00000030   Code   RO         2553    i.__ARM_fpclassify  m_wm.l(fpclassify.o)
    0x08009d2c   0x00000004   PAD
    0x08009d30   0x000002d8   Code   RO         2481    i.__hardfp_atan     m_wm.l(atan.o)
    0x0800a008   0x000001f0   Code   RO         2163    i.__hardfp_atan2    m_wm.l(atan2.o)
    0x0800a1f8   0x00000014   Code   RO         2175    i.__hardfp_fabs     m_wm.l(fabs.o)
    0x0800a20c   0x00000004   PAD
    0x0800a210   0x00000118   Code   RO         2181    i.__hardfp_floor    m_wm.l(floor.o)
    0x0800a328   0x0000007a   Code   RO         2187    i.__hardfp_sqrt     m_wm.l(sqrt.o)
    0x0800a3a2   0x000000f8   Code   RO         2555    i.__kernel_poly     m_wm.l(poly.o)
    0x0800a49a   0x00000014   Code   RO         2496    i.__mathlib_dbl_infnan  m_wm.l(dunder.o)
    0x0800a4ae   0x00000014   Code   RO         2497    i.__mathlib_dbl_infnan2  m_wm.l(dunder.o)
    0x0800a4c2   0x00000006   PAD
    0x0800a4c8   0x00000020   Code   RO         2501    i.__mathlib_dbl_underflow  m_wm.l(dunder.o)
    0x0800a4e8   0x0000000e   Code   RO         2563    i.__scatterload_copy  mc_w.l(handlers.o)
    0x0800a4f6   0x00000002   Code   RO         2564    i.__scatterload_null  mc_w.l(handlers.o)
    0x0800a4f8   0x0000000e   Code   RO         2565    i.__scatterload_zeroinit  mc_w.l(handlers.o)
    0x0800a506   0x00000002   PAD
    0x0800a508   0x0000000c   Code   RO         2531    i.__set_errno       mc_w.l(errno.o)
    0x0800a514   0x00000046   Code   RO         2023    i._init_box         RTX_CM4.lib(rt_membox.o)
    0x0800a55a   0x00000002   PAD
    0x0800a55c   0x00000154   Code   RO         2260    i._printf_core      mc_w.l(printf1.o)
    0x0800a6b0   0x00000010   Code   RO         2483    i.atan              m_wm.l(atan.o)
    0x0800a6c0   0x00000030   Code   RO         2076    i.dbg_init          RTX_CM4.lib(hal_cm.o)
    0x0800a6f0   0x00000020   Code   RO         2077    i.dbg_task_notify   RTX_CM4.lib(hal_cm.o)
    0x0800a710   0x00000010   Code   RO         2078    i.dbg_task_switch   RTX_CM4.lib(hal_cm.o)
    0x0800a720   0x00000018   Code   RO         2177    i.fabs              m_wm.l(fabs.o)
    0x0800a738   0x0000002a   Code   RO          947    i.isrMessageGet     RTX_CM4.lib(rt_cmsis.o)
    0x0800a762   0x0000002c   Code   RO          948    i.isrMessagePut     RTX_CM4.lib(rt_cmsis.o)
    0x0800a78e   0x00000028   Code   RO          949    i.isrSemaphoreRelease  RTX_CM4.lib(rt_cmsis.o)
    0x0800a7b6   0x00000002   PAD
    0x0800a7b8   0x00000052   Code   RO         1902    i.isr_mbx_receive   RTX_CM4.lib(rt_mailbox.o)
    0x0800a80a   0x0000000e   Code   RO         1903    i.isr_mbx_send      RTX_CM4.lib(rt_mailbox.o)
    0x0800a818   0x00000010   Code   RO         1950    i.isr_sem_send      RTX_CM4.lib(rt_semaphore.o)
    0x0800a828   0x00000024   Code   RO          952    i.osKernelInitialize  RTX_CM4.lib(rt_cmsis.o)
    0x0800a84c   0x0000006c   Code   RO          954    i.osKernelStart     RTX_CM4.lib(rt_cmsis.o)
    0x0800a8b8   0x00000018   Code   RO          963    i.osMessageGet      RTX_CM4.lib(rt_cmsis.o)
    0x0800a8d0   0x00000030   Code   RO          965    i.osMutexCreate     RTX_CM4.lib(rt_cmsis.o)
    0x0800a900   0x00000018   Code   RO          967    i.osMutexRelease    RTX_CM4.lib(rt_cmsis.o)
    0x0800a918   0x00000018   Code   RO          968    i.osMutexWait       RTX_CM4.lib(rt_cmsis.o)
    0x0800a930   0x00000030   Code   RO          973    i.osSemaphoreCreate  RTX_CM4.lib(rt_cmsis.o)
    0x0800a960   0x00000018   Code   RO          975    i.osSemaphoreRelease  RTX_CM4.lib(rt_cmsis.o)
    0x0800a978   0x00000018   Code   RO          976    i.osSemaphoreWait   RTX_CM4.lib(rt_cmsis.o)
    0x0800a990   0x00000030   Code   RO          980    i.osThreadCreate    RTX_CM4.lib(rt_cmsis.o)
    0x0800a9c0   0x00000018   Code   RO          981    i.osThreadExit      RTX_CM4.lib(rt_cmsis.o)
    0x0800a9d8   0x0000000c   Code   RO          987    i.osTimerCall       RTX_CM4.lib(rt_cmsis.o)
    0x0800a9e4   0x0000002c   Code   RO          992    i.osTimerThread     RTX_CM4.lib(rt_cmsis.o)
    0x0800aa10   0x00000028   Code   RO         1690    i.os_tick_init      RTX_CM4.lib(rt_system.o)
    0x0800aa38   0x00000002   Code   RO         1691    i.os_tick_irqack    RTX_CM4.lib(rt_system.o)
    0x0800aa3a   0x0000001a   Code   RO         2024    i.rt_alloc_box      RTX_CM4.lib(rt_membox.o)
    0x0800aa54   0x0000003e   Code   RO         2052    i.rt_alloc_mem      RTX_CM4.lib(rt_memory.o)
    0x0800aa92   0x00000002   PAD
    0x0800aa94   0x00000038   Code   RO         1605    i.rt_block          RTX_CM4.lib(rt_task.o)
    0x0800aacc   0x00000048   Code   RO         2129    i.rt_chk_robin      RTX_CM4.lib(rt_robin.o)
    0x0800ab14   0x00000070   Code   RO         1826    i.rt_dec_dly        RTX_CM4.lib(rt_list.o)
    0x0800ab84   0x00000044   Code   RO         1606    i.rt_dispatch       RTX_CM4.lib(rt_task.o)
    0x0800abc8   0x00000050   Code   RO         1783    i.rt_evt_psh        RTX_CM4.lib(rt_event.o)
    0x0800ac18   0x0000002c   Code   RO         2025    i.rt_free_box       RTX_CM4.lib(rt_membox.o)
    0x0800ac44   0x00000028   Code   RO         2053    i.rt_free_mem       RTX_CM4.lib(rt_memory.o)
    0x0800ac6c   0x00000028   Code   RO         1827    i.rt_get_first      RTX_CM4.lib(rt_list.o)
    0x0800ac94   0x00000008   Code   RO          997    i.rt_id2obj         RTX_CM4.lib(rt_cmsis.o)
    0x0800ac9c   0x00000048   Code   RO         1607    i.rt_init_context   RTX_CM4.lib(rt_task.o)
    0x0800ace4   0x0000001a   Code   RO         2054    i.rt_init_mem       RTX_CM4.lib(rt_memory.o)
    0x0800acfe   0x00000002   PAD
    0x0800ad00   0x00000018   Code   RO         2130    i.rt_init_robin     RTX_CM4.lib(rt_robin.o)
    0x0800ad18   0x00000080   Code   RO         2079    i.rt_init_stack     RTX_CM4.lib(hal_cm.o)
    0x0800ad98   0x00000008   Code   RO         1904    i.rt_mbx_check      RTX_CM4.lib(rt_mailbox.o)
    0x0800ada0   0x0000001a   Code   RO         1905    i.rt_mbx_init       RTX_CM4.lib(rt_mailbox.o)
    0x0800adba   0x00000002   PAD
    0x0800adbc   0x000000f0   Code   RO         1906    i.rt_mbx_psh        RTX_CM4.lib(rt_mailbox.o)
    0x0800aeac   0x000000b4   Code   RO         1908    i.rt_mbx_wait       RTX_CM4.lib(rt_mailbox.o)
    0x0800af60   0x00000044   Code   RO          998    i.rt_ms2tick        RTX_CM4.lib(rt_cmsis.o)
    0x0800afa4   0x00000010   Code   RO         1993    i.rt_mut_init       RTX_CM4.lib(rt_mutex.o)
    0x0800afb4   0x000000d8   Code   RO         1994    i.rt_mut_release    RTX_CM4.lib(rt_mutex.o)
    0x0800b08c   0x00000068   Code   RO         1995    i.rt_mut_wait       RTX_CM4.lib(rt_mutex.o)
    0x0800b0f4   0x0000007c   Code   RO         1694    i.rt_pop_req        RTX_CM4.lib(rt_system.o)
    0x0800b170   0x00000020   Code   RO         1695    i.rt_psh_req        RTX_CM4.lib(rt_system.o)
    0x0800b190   0x0000005c   Code   RO         1829    i.rt_psq_enq        RTX_CM4.lib(rt_list.o)
    0x0800b1ec   0x00000048   Code   RO         1830    i.rt_put_dly        RTX_CM4.lib(rt_list.o)
    0x0800b234   0x00000036   Code   RO         1831    i.rt_put_prio       RTX_CM4.lib(rt_list.o)
    0x0800b26a   0x00000002   PAD
    0x0800b26c   0x00000014   Code   RO         1832    i.rt_put_rdy_first  RTX_CM4.lib(rt_list.o)
    0x0800b280   0x00000034   Code   RO         1833    i.rt_resort_prio    RTX_CM4.lib(rt_list.o)
    0x0800b2b4   0x00000010   Code   RO         2080    i.rt_ret_regs       RTX_CM4.lib(hal_cm.o)
    0x0800b2c4   0x0000000c   Code   RO         2081    i.rt_ret_val        RTX_CM4.lib(hal_cm.o)
    0x0800b2d0   0x00000010   Code   RO         2082    i.rt_ret_val2       RTX_CM4.lib(hal_cm.o)
    0x0800b2e0   0x00000028   Code   RO         1834    i.rt_rmv_dly        RTX_CM4.lib(rt_list.o)
    0x0800b308   0x00000030   Code   RO         1835    i.rt_rmv_list       RTX_CM4.lib(rt_list.o)
    0x0800b338   0x0000000c   Code   RO         1952    i.rt_sem_init       RTX_CM4.lib(rt_semaphore.o)
    0x0800b344   0x00000034   Code   RO         1953    i.rt_sem_psh        RTX_CM4.lib(rt_semaphore.o)
    0x0800b378   0x0000002a   Code   RO         1954    i.rt_sem_send       RTX_CM4.lib(rt_semaphore.o)
    0x0800b3a2   0x00000002   PAD
    0x0800b3a4   0x00000040   Code   RO         1955    i.rt_sem_wait       RTX_CM4.lib(rt_semaphore.o)
    0x0800b3e4   0x00000024   Code   RO         1697    i.rt_stk_check      RTX_CM4.lib(rt_system.o)
    0x0800b408   0x00000028   Code   RO         1608    i.rt_switch_req     RTX_CM4.lib(rt_task.o)
    0x0800b430   0x000000cc   Code   RO         1609    i.rt_sys_init       RTX_CM4.lib(rt_task.o)
    0x0800b4fc   0x00000078   Code   RO         1610    i.rt_sys_start      RTX_CM4.lib(rt_task.o)
    0x0800b574   0x00000040   Code   RO         1699    i.rt_systick        RTX_CM4.lib(rt_system.o)
    0x0800b5b4   0x00000012   Code   RO          999    i.rt_tid2ptcb       RTX_CM4.lib(rt_cmsis.o)
    0x0800b5c6   0x00000002   PAD
    0x0800b5c8   0x00000034   Code   RO         1000    i.rt_timer_insert   RTX_CM4.lib(rt_cmsis.o)
    0x0800b5fc   0x00000088   Code   RO         1611    i.rt_tsk_create     RTX_CM4.lib(rt_task.o)
    0x0800b684   0x0000017c   Code   RO         1612    i.rt_tsk_delete     RTX_CM4.lib(rt_task.o)
    0x0800b800   0x0000007c   Code   RO         1614    i.rt_tsk_prio       RTX_CM4.lib(rt_task.o)
    0x0800b87c   0x00000010   Code   RO         1615    i.rt_tsk_self       RTX_CM4.lib(rt_task.o)
    0x0800b88c   0x00000070   Code   RO         1003    i.svcKernelInitialize  RTX_CM4.lib(rt_cmsis.o)
    0x0800b8fc   0x00000048   Code   RO         1005    i.svcKernelStart    RTX_CM4.lib(rt_cmsis.o)
    0x0800b944   0x00000024   Code   RO         1008    i.svcMessageCreate  RTX_CM4.lib(rt_cmsis.o)
    0x0800b968   0x0000003a   Code   RO         1009    i.svcMessageGet     RTX_CM4.lib(rt_cmsis.o)
    0x0800b9a2   0x0000001c   Code   RO         1011    i.svcMutexCreate    RTX_CM4.lib(rt_cmsis.o)
    0x0800b9be   0x00000022   Code   RO         1013    i.svcMutexRelease   RTX_CM4.lib(rt_cmsis.o)
    0x0800b9e0   0x00000036   Code   RO         1014    i.svcMutexWait      RTX_CM4.lib(rt_cmsis.o)
    0x0800ba16   0x00000024   Code   RO         1016    i.svcSemaphoreCreate  RTX_CM4.lib(rt_cmsis.o)
    0x0800ba3a   0x00000028   Code   RO         1018    i.svcSemaphoreRelease  RTX_CM4.lib(rt_cmsis.o)
    0x0800ba62   0x00000032   Code   RO         1019    i.svcSemaphoreWait  RTX_CM4.lib(rt_cmsis.o)
    0x0800ba94   0x00000070   Code   RO         1023    i.svcThreadCreate   RTX_CM4.lib(rt_cmsis.o)
    0x0800bb04   0x0000001c   Code   RO         1024    i.svcThreadGetId    RTX_CM4.lib(rt_cmsis.o)
    0x0800bb20   0x00000038   Code   RO         1027    i.svcThreadTerminate  RTX_CM4.lib(rt_cmsis.o)
    0x0800bb58   0x00000018   Code   RO         1029    i.svcTimerCall      RTX_CM4.lib(rt_cmsis.o)
    0x0800bb70   0x0000005c   Code   RO         1038    i.sysTimerTick      RTX_CM4.lib(rt_cmsis.o)
    0x0800bbcc   0x00000014   Data   RO            6    .constdata          main.o
    0x0800bbe0   0x00000030   Data   RO          345    .constdata          thread.o
    0x0800bc10   0x00000056   Data   RO          486    .constdata          rtx_conf_cm.o
    0x0800bc66   0x00000008   Data   RO          618    .constdata          stm32f4xx_hal_dma.o
    0x0800bc6e   0x00000010   Data   RO          739    .constdata          stm32f4xx_hal_rcc.o
    0x0800bc7e   0x00000010   Data   RO          917    .constdata          system_stm32f4xx.o
    0x0800bc8e   0x00000002   PAD
    0x0800bc90   0x00000098   Data   RO         2484    .constdata          m_wm.l(atan.o)
    0x0800bd28   0x00000008   Data   RO         2509    .constdata          m_wm.l(qnan.o)
    0x0800bd30   0x00000020   Data   RO         2561    Region$$Table       anon$$obj.o


    Execution Region RW_IRAM1 (Base: 0x20000000, Size: 0x00002198, Max: 0x00020000, ABSOLUTE)

    Base Addr    Size         Type   Attr      Idx    E Section Name        Object

    0x20000000   0x00000058   Data   RW            7    .data               main.o
    0x20000058   0x00000008   Data   RW          279    .data               keypad_interface.o
    0x20000060   0x0000000c   Data   RW          346    .data               thread.o
    0x2000006c   0x00000004   PAD
    0x20000070   0x0000004c   Data   RW          402    .data               accelerometer_interface.o
    0x200000bc   0x0000000c   Data   RW          431    .data               temperature_interface.o
    0x200000c8   0x00000004   Data   RW          460    .data               lis3dsh.o
    0x200000cc   0x00000020   Data   RW          487    .data               rtx_conf_cm.o
    0x200000ec   0x00000004   Data   RW          516    .data               stm32f4xx_hal.o
    0x200000f0   0x00000004   Data   RW          918    .data               system_stm32f4xx.o
    0x200000f4   0x00000008   Data   RW         1041    .data               RTX_CM4.lib(rt_cmsis.o)
    0x200000fc   0x00000004   Data   RW         1576    .data               RTX_CM4.lib(rt_time.o)
    0x20000100   0x00000008   Data   RW         1617    .data               RTX_CM4.lib(rt_task.o)
    0x20000108   0x00000008   Data   RW         1702    .data               RTX_CM4.lib(rt_system.o)
    0x20000110   0x00000001   Data   RW         2083    .data               RTX_CM4.lib(hal_cm.o)
    0x20000111   0x00000003   PAD
    0x20000114   0x00000008   Data   RW         2131    .data               RTX_CM4.lib(rt_robin.o)
    0x2000011c   0x00000004   Data   RW         2522    .data               mc_w.l(stdout.o)
    0x20000120   0x00000004   Data   RW         2532    .data               mc_w.l(errno.o)
    0x20000124   0x0000002c   Zero   RW            5    .bss                main.o
    0x20000150   0x00000120   Zero   RW          229    .bss                config.o
    0x20000270   0x00000028   Zero   RW          278    .bss                keypad_interface.o
    0x20000298   0x0000003c   Zero   RW          401    .bss                accelerometer_interface.o
    0x200002d4   0x00000014   Zero   RW          430    .bss                temperature_interface.o
    0x200002e8   0x00000058   Zero   RW          459    .bss                lis3dsh.o
    0x20000340   0x000019f0   Zero   RW          485    .bss                rtx_conf_cm.o
    0x20001d30   0x00000034   Zero   RW         1616    .bss                RTX_CM4.lib(rt_task.o)
    0x20001d64   0x00000030   Zero   RW         1836    .bss                RTX_CM4.lib(rt_list.o)
    0x20001d94   0x00000004   PAD
    0x20001d98   0x00000400   Zero   RW          906    STACK               startup_stm32f407xx.o


==============================================================================

Image component sizes


      Code (inc. data)   RO Data    RW Data    ZI Data      Debug   Object Name

      1116         80          0         76         60       3245   accelerometer_interface.o
       860         52          0          0        288       3379   config.o
        56          4          0          0          0      27351   fput_debug.o
       168          4          0          0          0       1645   kalman_filter.o
       532         62          0          8         40       2605   keypad_interface.o
      1472        120          0          4         88       5009   lis3dsh.o
       732        108         20         88         44     407179   main.o
        62          6         86         32       6640       7462   rtx_conf_cm.o
       888         22          0          0          0       1831   seven_segment.o
        36          8        392          0       1024        884   startup_stm32f407xx.o
       432         26          0          4          0       4990   stm32f4xx_hal.o
      2460         70          0          0          0       7575   stm32f4xx_hal_adc.o
      1824         40          0          0          0       5694   stm32f4xx_hal_adc_ex.o
       804         20          0          0          0      32311   stm32f4xx_hal_cortex.o
      1560         16          8          0          0       5016   stm32f4xx_hal_dma.o
       972         50          0          0          0       3835   stm32f4xx_hal_gpio.o
      2636         66         16          0          0       5742   stm32f4xx_hal_rcc.o
      5528         54          0          0          0      13284   stm32f4xx_hal_spi.o
     10240        152          0          0          0      31026   stm32f4xx_hal_tim.o
      3464         26          0          0          0      11826   stm32f4xx_hal_tim_ex.o
       384        312          0          0          0        616   supporting_functions.o
       288         32         16          4          0       1711   system_stm32f4xx.o
       308         66          0         12         20       1590   temperature_interface.o
       140         26         48         12          0       2785   thread.o
       680         10          0          0          0       1341   utils.o

    ----------------------------------------------------------------------
     37644       1432        620        244       8204     589932   Object Totals
         0          0         32          0          0          0   (incl. Generated)
         2          0          2          4          0          0   (incl. Padding)

    ----------------------------------------------------------------------

      Code (inc. data)   RO Data    RW Data    ZI Data      Debug   Library Member Name

       268         24          0          1          0       4452   hal_cm.o
       408         34          0          0          0        816   hal_cm4.o
      1592        182          0          8          0      42752   rt_cmsis.o
        80          4          0          0          0        701   rt_event.o
       530         34          0          0         48       8597   rt_list.o
       550         10          0          0          0       4185   rt_mailbox.o
       140          0          0          0          0       2045   rt_membox.o
       128          0          0          0          0       2419   rt_memory.o
       336         12          0          0          0       2201   rt_mutex.o
        96         22          0          8          0       1230   rt_robin.o
       186         10          0          0          0       3102   rt_semaphore.o
       298         52          0          8          0       6439   rt_system.o
      1216        174          0          8         52      10025   rt_task.o
         0          0          0          4          0        206   rt_time.o
         4          4          0          0          0        200   svc_table.o
       744        106        152          0          0        352   atan.o
       496         64          0          0          0        192   atan2.o
        72          8          0          0          0        372   dunder.o
        44          0          0          0          0        248   fabs.o
       280         28          0          0          0        156   floor.o
        48          0          0          0          0        124   fpclassify.o
       248          0          0          0          0        152   poly.o
         0          0          8          0          0          0   qnan.o
       122          0          0          0          0        148   sqrt.o
         0          0          0          0          0          0   entry.o
         0          0          0          0          0          0   entry10a.o
         0          0          0          0          0          0   entry11a.o
         8          4          0          0          0          0   entry2.o
         4          0          0          0          0          0   entry5.o
         0          0          0          0          0          0   entry7b.o
         0          0          0          0          0          0   entry8b.o
        12          6          0          4          0         68   errno.o
        30          0          0          0          0          0   handlers.o
        36          8          0          0          0         68   init.o
         0          0          0          0          0          0   iusefp.o
        30          0          0          0          0         68   llshl.o
        36          0          0          0          0         68   llsshr.o
        32          0          0          0          0         68   llushr.o
        36          0          0          0          0         68   memcpya.o
       372         14          0          0          0        184   printf1.o
         0          0          0          4          0          0   stdout.o
        44          0          0          0          0         80   uidiv.o
        48          0          0          0          0         68   cdrcmple.o
        56          0          0          0          0         88   d2f.o
       334          0          0          0          0        148   dadd.o
       222          0          0          0          0        100   ddiv.o
       186          0          0          0          0        176   depilogue.o
        62          0          0          0          0         80   dfixi.o
        34          0          0          0          0         76   dflti.o
       228          0          0          0          0         96   dmul.o
       162          0          0          0          0        100   dsqrt.o
        38          0          0          0          0         68   f2d.o
       110          0          0          0          0        168   fepilogue.o

    ----------------------------------------------------------------------
     10040        800        160         48        104      92954   Library Totals
        34          0          0          3          4          0   (incl. Padding)

    ----------------------------------------------------------------------

      Code (inc. data)   RO Data    RW Data    ZI Data      Debug   Library Name

      5832        562          0         37        100      89370   RTX_CM4.lib
      2054        206        160          0          0       1744   m_wm.l
       640         32          0          8          0        672   mc_w.l
      1480          0          0          0          0       1168   mf_w.l

    ----------------------------------------------------------------------
     10040        800        160         48        104      92954   Library Totals

    ----------------------------------------------------------------------

==============================================================================


      Code (inc. data)   RO Data    RW Data    ZI Data      Debug   

     47684       2232        780        292       8308     666806   Grand Totals
     47684       2232        780        292       8308     666806   ELF Image Totals
     47684       2232        780        292          0          0   ROM Totals

==============================================================================

    Total RO  Size (Code + RO Data)                48464 (  47.33kB)
    Total RW  Size (RW Data + ZI Data)              8600 (   8.40kB)
    Total ROM Size (Code + RO Data + RW Data)      48756 (  47.61kB)

==============================================================================

