Component: ARM Compiler 5.05 update 2 (build 169) Tool: armlink [4d0f33]

==============================================================================

Section Cross References

    main.o(.text) refers to stm32f4xx_hal_rcc.o(.text) for HAL_RCC_OscConfig
    main.o(.text) refers to lis3dsh.o(.text) for LIS3DSH_ReadACC
    main.o(.text) refers to stm32f4xx_hal_cortex.o(.text) for HAL_NVIC_ClearPendingIRQ
    main.o(.text) refers to rt_cmsis.o(i.osSemaphoreRelease) for osSemaphoreRelease
    main.o(.text) refers to stm32f4xx_hal_adc.o(.text) for HAL_ADC_GetValue
    main.o(.text) refers to d2f.o(.text) for __aeabi_d2f
    main.o(.text) refers to utils.o(.text) for display
    main.o(.text) refers to rt_cmsis.o(i.osKernelInitialize) for osKernelInitialize
    main.o(.text) refers to stm32f4xx_hal.o(.text) for HAL_Init
    main.o(.text) refers to config.o(.text) for config_all
    main.o(.text) refers to thread_led.o(.text) for initializeLED_IO
    main.o(.text) refers to accelerometer_interface.o(.text) for acc_kalmanState_Config
    main.o(.text) refers to rt_cmsis.o(i.osSemaphoreCreate) for osSemaphoreCreate
    main.o(.text) refers to temperature_interface.o(.text) for temp_kalmanState_Config
    main.o(.text) refers to thread.o(.text) for start_Thread_Accelerometer
    main.o(.text) refers to rt_cmsis.o(i.osKernelStart) for osKernelStart
    main.o(.text) refers to rt_time.o(.data) for os_time
    main.o(.text) refers to main.o(.bss) for readings
    main.o(.text) refers to main.o(.data) for accelerometer_select
    main.o(.text) refers to config.o(.bss) for ADC1_Handle
    main.o(.text) refers to accelerometer_interface.o(.data) for tmp_pitch
    main.o(.text) refers to temperature_interface.o(.data) for tmp_temperature
    main.o(.text) refers to main.o(.constdata) for os_semaphore_def_accelerometer_select
    main.o(.constdata) refers to main.o(.data) for os_semaphore_cb_accelerometer_select
    thread_led.o(.text) refers to rt_cmsis.o(i.osThreadCreate) for osThreadCreate
    thread_led.o(.text) refers to rt_cmsis.o(i.osDelay) for osDelay
    thread_led.o(.text) refers to stm32f4xx_hal_gpio.o(.text) for HAL_GPIO_TogglePin
    thread_led.o(.text) refers to thread_led.o(.constdata) for os_thread_def_Thread_LED
    thread_led.o(.text) refers to thread_led.o(.data) for tid_Thread_LED
    thread_led.o(.text) refers to thread_led.o(.bss) for LED_configuration
    thread_led.o(.constdata) refers to thread_led.o(.text) for Thread_LED
    supporting_functions.o(.text) refers to printfa.o(i.__0printf) for __2printf
    config.o(.text) refers to stm32f4xx_hal_gpio.o(.text) for HAL_GPIO_Init
    config.o(.text) refers to stm32f4xx_hal_adc.o(.text) for HAL_ADC_Init
    config.o(.text) refers to supporting_functions.o(.text) for Error_Handler
    config.o(.text) refers to stm32f4xx_hal_cortex.o(.text) for HAL_NVIC_EnableIRQ
    config.o(.text) refers to lis3dsh.o(.text) for LIS3DSH_Init
    config.o(.text) refers to memcpya.o(.text) for __aeabi_memcpy4
    config.o(.text) refers to stm32f4xx_hal_tim.o(.text) for HAL_TIM_Base_MspInit
    config.o(.text) refers to config.o(.bss) for GPIO_Struct
    keypad_interface.o(.text) refers to stm32f4xx_hal_gpio.o(.text) for HAL_GPIO_Init
    keypad_interface.o(.text) refers to stm32f4xx_hal_cortex.o(.text) for HAL_NVIC_EnableIRQ
    keypad_interface.o(.text) refers to keypad_interface.o(.bss) for Rows_Struct
    seven_segment.o(.text) refers to stm32f4xx_hal_gpio.o(.text) for HAL_GPIO_WritePin
    seven_segment.o(.text) refers to stm32f4xx_hal_tim.o(.text) for HAL_TIM_IRQHandler
    seven_segment.o(.text) refers to config.o(.bss) for TIM3_Handle
    utils.o(.text) refers to dflti.o(.text) for __aeabi_i2d
    utils.o(.text) refers to floor.o(i.__hardfp_floor) for __hardfp_floor
    utils.o(.text) refers to dfixi.o(.text) for __aeabi_d2iz
    utils.o(.text) refers to seven_segment.o(.text) for clear_all_segments
    utils.o(.text) refers to main.o(.data) for digit
    thread.o(.text) refers to rt_cmsis.o(i.osThreadCreate) for osThreadCreate
    thread.o(.text) refers to accelerometer_interface.o(.text) for accelerometer_mode
    thread.o(.text) refers to temperature_interface.o(.text) for temperature_mode
    thread.o(.text) refers to thread.o(.constdata) for os_thread_def_Thread_Accelerometer
    thread.o(.text) refers to thread.o(.data) for tid_Thread_Accelerometer
    thread.o(.constdata) refers to thread.o(.text) for Thread_Accelerometer
    accelerometer_interface.o(.text) refers to rt_cmsis.o(i.osSemaphoreWait) for osSemaphoreWait
    accelerometer_interface.o(.text) refers to kalman_filter.o(.text) for Kalmanfilter
    accelerometer_interface.o(.text) refers to f2d.o(.text) for __aeabi_f2d
    accelerometer_interface.o(.text) refers to sqrt.o(i.__hardfp_sqrt) for __hardfp_sqrt
    accelerometer_interface.o(.text) refers to atan2.o(i.__hardfp_atan2) for __hardfp_atan2
    accelerometer_interface.o(.text) refers to dmul.o(.text) for __aeabi_dmul
[...]
    _printf_truncate_signed                  0x00000000   Number         0  stubs.o ABSOLUTE
    _printf_truncate_unsigned                0x00000000   Number         0  stubs.o ABSOLUTE
    _printf_u                                0x00000000   Number         0  stubs.o ABSOLUTE
    _printf_wc                               0x00000000   Number         0  stubs.o ABSOLUTE
    _printf_wctomb                           0x00000000   Number         0  stubs.o ABSOLUTE
    _printf_widthprec                        0x00000000   Number         0  stubs.o ABSOLUTE
    _printf_x                                0x00000000   Number         0  stubs.o ABSOLUTE
    __cpp_initialize__aeabi_                  - Undefined Weak Reference
    __cxa_finalize                            - Undefined Weak Reference
    __decompress                              - Undefined Weak Reference
    _clock_init                               - Undefined Weak Reference
    _microlib_exit                            - Undefined Weak Reference
    __Vectors_Size                           0x00000188   Number         0  startup_stm32f407xx.o ABSOLUTE
    __RL_RTX_VER                             0x00000480   Number         0  rt_system.o ABSOLUTE
    __Vectors                                0x08000000   Data           4  startup_stm32f407xx.o(RESET)
    __Vectors_End                            0x08000188   Data           0  startup_stm32f407xx.o(RESET)
    __main                                   0x08000189   Thumb Code     0  entry.o(.ARM.Collect$$$$00000000)
    _main_stk                                0x08000189   Thumb Code     0  entry2.o(.ARM.Collect$$$$00000001)
    _main_scatterload                        0x0800018d   Thumb Code     0  entry5.o(.ARM.Collect$$$$00000004)
    __main_after_scatterload                 0x08000191   Thumb Code     0  entry5.o(.ARM.Collect$$$$00000004)
    __rt_final_cpp                           0x08000191   Thumb Code     0  entry10a.o(.ARM.Collect$$$$0000000D)
    __rt_final_exit                          0x08000191   Thumb Code     0  entry11a.o(.ARM.Collect$$$$0000000F)
    _main_clock                              0x08000191   Thumb Code     0  entry7b.o(.ARM.Collect$$$$00000008)
    _main_cpp_init                           0x08000191   Thumb Code     0  entry8b.o(.ARM.Collect$$$$0000000A)
    _main_init                               0x08000191   Thumb Code    18  rtx_conf_cm.o(.ARM.Collect$$$$000000FF)
    rt_set_PSP                               0x080001ad   Thumb Code     6  hal_cm4.o(.emb_text)
    rt_get_PSP                               0x080001b3   Thumb Code     6  hal_cm4.o(.emb_text)
    os_set_env                               0x080001b9   Thumb Code    24  hal_cm4.o(.emb_text)
    _alloc_box                               0x080001d5   Thumb Code    28  hal_cm4.o(.emb_text)
    _free_box                                0x080001f5   Thumb Code    28  hal_cm4.o(.emb_text)
    SVC_Handler                              0x08000215   Thumb Code   168  hal_cm4.o(.emb_text)
    PendSV_Handler                           0x080002cd   Thumb Code    96  hal_cm4.o(.emb_text)
    SysTick_Handler                          0x08000331   Thumb Code     8  hal_cm4.o(.emb_text)
    OS_Tick_Handler                          0x08000339   Thumb Code    12  hal_cm4.o(.emb_text)
    HAL_GetTick                              0x08000345   Thumb Code     6  main.o(.text)
    SystemClock_Config                       0x0800034b   Thumb Code   142  main.o(.text)
    HAL_GPIO_EXTI_Callback                   0x080003d9   Thumb Code    36  main.o(.text)
    HAL_TIM_PeriodElapsedCallback            0x080003fd   Thumb Code   178  main.o(.text)
    main                                     0x080004af   Thumb Code    86  main.o(.text)
    start_Thread_LED                         0x08000549   Thumb Code    30  thread_led.o(.text)
    Thread_LED                               0x08000567   Thumb Code    22  thread_led.o(.text)
    initializeLED_IO                         0x0800057d   Thumb Code    62  thread_led.o(.text)
    Error_Handler                            0x080005d1   Thumb Code    78  supporting_functions.o(.text)
    GPIO_Config                              0x08000751   Thumb Code   114  config.o(.text)
    ADC_Config                               0x080007c3   Thumb Code   130  config.o(.text)
    LIS3DSH_Config                           0x08000845   Thumb Code   150  config.o(.text)
    Tim3_Config                              0x080008db   Thumb Code   130  config.o(.text)
    Tim2_Config                              0x0800095d   Thumb Code   134  config.o(.text)
    config_all                               0x080009e3   Thumb Code    24  config.o(.text)
    Kalmanfilter                             0x08000a29   Thumb Code   132  kalman_filter.o(.text)
    show_seven_segment                       0x08000aad   Thumb Code   526  seven_segment.o(.text)
    clear_all_segments                       0x08000cbb   Thumb Code    92  seven_segment.o(.text)
    activate_digit                           0x08000d17   Thumb Code    74  seven_segment.o(.text)
    deactivate_digit                         0x08000d61   Thumb Code    82  seven_segment.o(.text)
    activate_decimal                         0x08000db3   Thumb Code    14  seven_segment.o(.text)
    activate_degree                          0x08000dc1   Thumb Code    52  seven_segment.o(.text)
    deactivate_degree                        0x08000df5   Thumb Code    26  seven_segment.o(.text)
    TIM3_IRQHandler                          0x08000e0f   Thumb Code    10  seven_segment.o(.text)
    get_digit_in_place                       0x08000e25   Thumb Code    88  utils.o(.text)
    display                                  0x08000e7d   Thumb Code   582  utils.o(.text)
    start_Thread_Accelerometer               0x080010cd   Thumb Code    30  thread.o(.text)
    Thread_Accelerometer                     0x080010eb   Thumb Code     8  thread.o(.text)
    start_Thread_Temperature_Sensor          0x080010f3   Thumb Code    30  thread.o(.text)
    Thread_Temperature_Sensor                0x08001111   Thumb Code     8  thread.o(.text)
    fputc                                    0x08001129   Thumb Code    52  fput_debug.o(.text)
    accelerometer_set_semaphore              0x08001161   Thumb Code     6  accelerometer_interface.o(.text)
    acc_kalmanState_Config                   0x08001167   Thumb Code   128  accelerometer_interface.o(.text)
    accelerometer_mode                       0x080011e7   Thumb Code   386  accelerometer_interface.o(.text)
    EXTI0_IRQHandler                         0x08001369   Thumb Code    10  accelerometer_interface.o(.text)
    temperature_set_semaphore                0x080013c9   Thumb Code     6  temperature_interface.o(.text)
    TIM2_IRQHandler                          0x080013cf   Thumb Code    10  temperature_interface.o(.text)
    temperature_mode                         0x080013d9   Thumb Code   166  temperature_interface.o(.text)
    temp_kalmanState_Config                  0x0800147f   Thumb Code    44  temperature_interface.o(.text)
    SPI_ReceiveData                          0x080014f5   Thumb Code    10  lis3dsh.o(.text)
    LIS3DSH_TIMEOUT_UserCallback             0x080014ff   Thumb Code     4  lis3dsh.o(.text)
    SPI_SendData                             0x08001503   Thumb Code     6  lis3dsh.o(.text)
    LIS3DSH_Write                            0x08001575   Thumb Code    62  lis3dsh.o(.text)
    LIS3DSH_Init                             0x080015b3   Thumb Code   170  lis3dsh.o(.text)
    LIS3DSH_Read                             0x0800165d   Thumb Code    70  lis3dsh.o(.text)
    LIS3DSH_DataReadyInterruptConfig         0x080016a3   Thumb Code    42  lis3dsh.o(.text)
    LIS3DSH_LowpowerCmd                      0x080016cd   Thumb Code    40  lis3dsh.o(.text)
    LIS3DSH_DataRateCmd                      0x080016f5   Thumb Code    44  lis3dsh.o(.text)
    LIS3DSH_FullScaleCmd                     0x08001721   Thumb Code    44  lis3dsh.o(.text)
    LIS3DSH_ReadACC                          0x0800174d   Thumb Code   628  lis3dsh.o(.text)
    HAL_SPI_MspInit                          0x080019c1   Thumb Code   218  lis3dsh.o(.text)
    os_idle_demon                            0x08001ab5   Thumb Code     4  rtx_conf_cm.o(.text)
    os_error                                 0x08001ab9   Thumb Code    34  rtx_conf_cm.o(.text)
    HAL_MspInit                              0x08001add   Thumb Code    10  stm32f4xx_hal.o(.text)
    HAL_InitTick                             0x08001ae7   Thumb Code    36  stm32f4xx_hal.o(.text)
    HAL_Init                                 0x08001b0b   Thumb Code    54  stm32f4xx_hal.o(.text)
    HAL_MspDeInit                            0x08001b41   Thumb Code    10  stm32f4xx_hal.o(.text)
    HAL_DeInit                               0x08001b4b   Thumb Code    64  stm32f4xx_hal.o(.text)
    HAL_IncTick                              0x08001b8b   Thumb Code    12  stm32f4xx_hal.o(.text)
    HAL_Delay                                0x08001b9d   Thumb Code    26  stm32f4xx_hal.o(.text)
    HAL_SuspendTick                          0x08001bb7   Thumb Code    18  stm32f4xx_hal.o(.text)
    HAL_ResumeTick                           0x08001bc9   Thumb Code    18  stm32f4xx_hal.o(.text)
    HAL_GetHalVersion                        0x08001bdb   Thumb Code     4  stm32f4xx_hal.o(.text)
    HAL_GetREVID                             0x08001bdf   Thumb Code     8  stm32f4xx_hal.o(.text)
    HAL_GetDEVID                             0x08001be7   Thumb Code    10  stm32f4xx_hal.o(.text)
    HAL_DBGMCU_EnableDBGSleepMode            0x08001bf1   Thumb Code    14  stm32f4xx_hal.o(.text)
    HAL_DBGMCU_DisableDBGSleepMode           0x08001bff   Thumb Code    14  stm32f4xx_hal.o(.text)
    HAL_DBGMCU_EnableDBGStopMode             0x08001c0d   Thumb Code    14  stm32f4xx_hal.o(.text)
    HAL_DBGMCU_DisableDBGStopMode            0x08001c1b   Thumb Code    14  stm32f4xx_hal.o(.text)
    HAL_DBGMCU_EnableDBGStandbyMode          0x08001c29   Thumb Code    14  stm32f4xx_hal.o(.text)
    HAL_DBGMCU_DisableDBGStandbyMode         0x08001c37   Thumb Code    14  stm32f4xx_hal.o(.text)
    HAL_EnableCompensationCell               0x08001c45   Thumb Code    22  stm32f4xx_hal.o(.text)
    HAL_DisableCompensationCell              0x08001c5b   Thumb Code    24  stm32f4xx_hal.o(.text)
    HAL_ADC_MspInit                          0x08001df7   Thumb Code     2  stm32f4xx_hal_adc.o(.text)
    HAL_ADC_Init                             0x08001df9   Thumb Code    74  stm32f4xx_hal_adc.o(.text)
    HAL_ADC_MspDeInit                        0x08001e43   Thumb Code     2  stm32f4xx_hal_adc.o(.text)
    HAL_ADC_DeInit                           0x08001e45   Thumb Code    34  stm32f4xx_hal_adc.o(.text)
    HAL_ADC_Start                            0x08001e67   Thumb Code   182  stm32f4xx_hal_adc.o(.text)
    HAL_ADC_Stop                             0x08001f1d   Thumb Code    24  stm32f4xx_hal_adc.o(.text)
    HAL_ADC_PollForConversion                0x08001f35   Thumb Code   130  stm32f4xx_hal_adc.o(.text)
    HAL_ADC_PollForEvent                     0x08001fb7   Thumb Code   104  stm32f4xx_hal_adc.o(.text)
    HAL_ADC_Start_IT                         0x0800201f   Thumb Code   232  stm32f4xx_hal_adc.o(.text)
    HAL_ADC_Stop_IT                          0x08002107   Thumb Code    48  stm32f4xx_hal_adc.o(.text)
    HAL_ADC_ErrorCallback                    0x08002137   Thumb Code     2  stm32f4xx_hal_adc.o(.text)
    HAL_ADC_LevelOutOfWindowCallback         0x08002139   Thumb Code     2  stm32f4xx_hal_adc.o(.text)
    HAL_ADC_ConvCpltCallback                 0x0800213b   Thumb Code     2  stm32f4xx_hal_adc.o(.text)
    HAL_ADC_IRQHandler                       0x0800213d   Thumb Code   348  stm32f4xx_hal_adc.o(.text)
    HAL_ADC_ConvHalfCpltCallback             0x080022b5   Thumb Code     2  stm32f4xx_hal_adc.o(.text)
    HAL_ADC_Start_DMA                        0x080022e9   Thumb Code   186  stm32f4xx_hal_adc.o(.text)
    HAL_ADC_Stop_DMA                         0x080023a3   Thumb Code    56  stm32f4xx_hal_adc.o(.text)
    HAL_ADC_GetValue                         0x080023db   Thumb Code     8  stm32f4xx_hal_adc.o(.text)
    HAL_ADC_ConfigChannel                    0x080023e3   Thumb Code   416  stm32f4xx_hal_adc.o(.text)
    HAL_ADC_AnalogWDGConfig                  0x08002583   Thumb Code   132  stm32f4xx_hal_adc.o(.text)
    HAL_ADC_GetState                         0x08002607   Thumb Code     8  stm32f4xx_hal_adc.o(.text)
    HAL_ADC_GetError                         0x0800260f   Thumb Code     6  stm32f4xx_hal_adc.o(.text)
    HAL_ADCEx_InjectedStart                  0x08002629   Thumb Code   230  stm32f4xx_hal_adc_ex.o(.text)
    HAL_ADCEx_InjectedStart_IT               0x0800270f   Thumb Code   258  stm32f4xx_hal_adc_ex.o(.text)
    HAL_ADCEx_InjectedStop                   0x08002811   Thumb Code    24  stm32f4xx_hal_adc_ex.o(.text)
    HAL_ADCEx_InjectedPollForConversion      0x08002829   Thumb Code    90  stm32f4xx_hal_adc_ex.o(.text)
    HAL_ADCEx_InjectedStop_IT                0x08002883   Thumb Code    48  stm32f4xx_hal_adc_ex.o(.text)
    HAL_ADCEx_InjectedGetValue               0x080028b3   Thumb Code    70  stm32f4xx_hal_adc_ex.o(.text)
    HAL_ADCEx_MultiModeStart_DMA             0x08002947   Thumb Code   206  stm32f4xx_hal_adc_ex.o(.text)
    HAL_ADCEx_MultiModeStop_DMA              0x08002a15   Thumb Code   116  stm32f4xx_hal_adc_ex.o(.text)
    HAL_ADCEx_MultiModeGetValue              0x08002a89   Thumb Code     8  stm32f4xx_hal_adc_ex.o(.text)
    HAL_ADCEx_InjectedConvCpltCallback       0x08002a91   Thumb Code     2  stm32f4xx_hal_adc_ex.o(.text)
    HAL_ADCEx_InjectedConfigChannel          0x08002a93   Thumb Code   552  stm32f4xx_hal_adc_ex.o(.text)
    HAL_ADCEx_MultiModeConfigChannel         0x08002cbb   Thumb Code   130  stm32f4xx_hal_adc_ex.o(.text)
    HAL_NVIC_SetPriorityGrouping             0x08002d69   Thumb Code    36  stm32f4xx_hal_cortex.o(.text)
    HAL_NVIC_SetPriority                     0x08002d8d   Thumb Code   124  stm32f4xx_hal_cortex.o(.text)
    HAL_NVIC_EnableIRQ                       0x08002e09   Thumb Code    26  stm32f4xx_hal_cortex.o(.text)
    HAL_NVIC_DisableIRQ                      0x08002e23   Thumb Code    22  stm32f4xx_hal_cortex.o(.text)
    HAL_NVIC_SystemReset                     0x08002e39   Thumb Code    64  stm32f4xx_hal_cortex.o(.text)
    HAL_SYSTICK_Config                       0x08002e79   Thumb Code    52  stm32f4xx_hal_cortex.o(.text)
    HAL_MPU_ConfigRegion                     0x08002ead   Thumb Code    90  stm32f4xx_hal_cortex.o(.text)
    HAL_NVIC_GetPriorityGrouping             0x08002f07   Thumb Code     8  stm32f4xx_hal_cortex.o(.text)
    HAL_NVIC_GetPriority                     0x08002f0f   Thumb Code   138  stm32f4xx_hal_cortex.o(.text)
    HAL_NVIC_SetPendingIRQ                   0x08002f99   Thumb Code    24  stm32f4xx_hal_cortex.o(.text)
    HAL_NVIC_GetPendingIRQ                   0x08002fb1   Thumb Code    38  stm32f4xx_hal_cortex.o(.text)
    HAL_NVIC_ClearPendingIRQ                 0x08002fd7   Thumb Code    22  stm32f4xx_hal_cortex.o(.text)
    HAL_NVIC_GetActive                       0x08002fed   Thumb Code    38  stm32f4xx_hal_cortex.o(.text)
    HAL_SYSTICK_CLKSourceConfig              0x08003013   Thumb Code    40  stm32f4xx_hal_cortex.o(.text)
    HAL_SYSTICK_Callback                     0x0800303b   Thumb Code    10  stm32f4xx_hal_cortex.o(.text)
    HAL_SYSTICK_IRQHandler                   0x08003045   Thumb Code     8  stm32f4xx_hal_cortex.o(.text)
    HAL_DMA_Init                             0x0800309b   Thumb Code   128  stm32f4xx_hal_dma.o(.text)
    HAL_DMA_DeInit                           0x0800311b   Thumb Code   100  stm32f4xx_hal_dma.o(.text)
    HAL_DMA_Start                            0x080031ab   Thumb Code    82  stm32f4xx_hal_dma.o(.text)
    HAL_DMA_Start_IT                         0x080031fd   Thumb Code   106  stm32f4xx_hal_dma.o(.text)
    HAL_DMA_Abort                            0x08003267   Thumb Code    94  stm32f4xx_hal_dma.o(.text)
    HAL_DMA_PollForTransfer                  0x080032c5   Thumb Code   412  stm32f4xx_hal_dma.o(.text)
    HAL_DMA_IRQHandler                       0x08003461   Thumb Code   530  stm32f4xx_hal_dma.o(.text)
    HAL_DMA_GetState                         0x08003673   Thumb Code     8  stm32f4xx_hal_dma.o(.text)
    HAL_DMA_GetError                         0x0800367b   Thumb Code     6  stm32f4xx_hal_dma.o(.text)
    HAL_GPIO_Init                            0x08003685   Thumb Code   476  stm32f4xx_hal_gpio.o(.text)
    HAL_GPIO_DeInit                          0x08003861   Thumb Code   326  stm32f4xx_hal_gpio.o(.text)
    HAL_GPIO_ReadPin                         0x080039a7   Thumb Code    16  stm32f4xx_hal_gpio.o(.text)
    HAL_GPIO_WritePin                        0x080039b7   Thumb Code    12  stm32f4xx_hal_gpio.o(.text)
    HAL_GPIO_TogglePin                       0x080039c3   Thumb Code     8  stm32f4xx_hal_gpio.o(.text)
    HAL_GPIO_LockPin                         0x080039cb   Thumb Code    46  stm32f4xx_hal_gpio.o(.text)
    HAL_GPIO_EXTI_IRQHandler                 0x08003a03   Thumb Code    28  stm32f4xx_hal_gpio.o(.text)
    HAL_RCC_OscConfig                        0x08003a53   Thumb Code  1032  stm32f4xx_hal_rcc.o(.text)
    HAL_RCC_ClockConfig                      0x08003e5b   Thumb Code   680  stm32f4xx_hal_rcc.o(.text)
    HAL_RCC_MCOConfig                        0x08004103   Thumb Code   178  stm32f4xx_hal_rcc.o(.text)
    HAL_RCC_EnableCSS                        0x080041b5   Thumb Code     8  stm32f4xx_hal_rcc.o(.text)
    HAL_RCC_DisableCSS                       0x080041bd   Thumb Code     8  stm32f4xx_hal_rcc.o(.text)
    HAL_RCC_GetSysClockFreq                  0x080041c5   Thumb Code   198  stm32f4xx_hal_rcc.o(.text)
    HAL_RCC_GetHCLKFreq                      0x0800428b   Thumb Code    42  stm32f4xx_hal_rcc.o(.text)
    HAL_RCC_GetPCLK1Freq                     0x080042b5   Thumb Code    36  stm32f4xx_hal_rcc.o(.text)
    HAL_RCC_GetPCLK2Freq                     0x080042d9   Thumb Code    36  stm32f4xx_hal_rcc.o(.text)
    HAL_RCC_GetOscConfig                     0x080042fd   Thumb Code   296  stm32f4xx_hal_rcc.o(.text)
    HAL_RCC_GetClockConfig                   0x08004425   Thumb Code    58  stm32f4xx_hal_rcc.o(.text)
    HAL_RCC_CSSCallback                      0x0800445f   Thumb Code    10  stm32f4xx_hal_rcc.o(.text)
    HAL_RCC_NMI_IRQHandler                   0x08004469   Thumb Code    30  stm32f4xx_hal_rcc.o(.text)
    HAL_SPI_Init                             0x0800449f   Thumb Code   136  stm32f4xx_hal_spi.o(.text)
    HAL_SPI_MspDeInit                        0x08004527   Thumb Code     2  stm32f4xx_hal_spi.o(.text)
    HAL_SPI_DeInit                           0x08004529   Thumb Code    48  stm32f4xx_hal_spi.o(.text)
    HAL_SPI_Transmit                         0x0800466d   Thumb Code   450  stm32f4xx_hal_spi.o(.text)
    HAL_SPI_TransmitReceive                  0x0800482f   Thumb Code   850  stm32f4xx_hal_spi.o(.text)
    HAL_SPI_Receive                          0x08004b81   Thumb Code   572  stm32f4xx_hal_spi.o(.text)
    HAL_SPI_ErrorCallback                    0x08004dbd   Thumb Code     2  stm32f4xx_hal_spi.o(.text)
    HAL_SPI_TxCpltCallback                   0x08004dbf   Thumb Code     2  stm32f4xx_hal_spi.o(.text)
    HAL_SPI_TxRxCpltCallback                 0x08004dc1   Thumb Code     2  stm32f4xx_hal_spi.o(.text)
    HAL_SPI_Transmit_IT                      0x08004eb1   Thumb Code   198  stm32f4xx_hal_spi.o(.text)
    HAL_SPI_RxCpltCallback                   0x08004f77   Thumb Code     2  stm32f4xx_hal_spi.o(.text)
    HAL_SPI_TransmitReceive_IT               0x0800509f   Thumb Code   192  stm32f4xx_hal_spi.o(.text)
    HAL_SPI_Receive_IT                       0x080051b1   Thumb Code   222  stm32f4xx_hal_spi.o(.text)
    HAL_SPI_TxHalfCpltCallback               0x0800533f   Thumb Code     2  stm32f4xx_hal_spi.o(.text)
    HAL_SPI_Transmit_DMA                     0x0800534f   Thumb Code   218  stm32f4xx_hal_spi.o(.text)
    HAL_SPI_RxHalfCpltCallback               0x080055a1   Thumb Code     2  stm32f4xx_hal_spi.o(.text)
    HAL_SPI_TxRxHalfCpltCallback             0x080055e9   Thumb Code     2  stm32f4xx_hal_spi.o(.text)
    HAL_SPI_TransmitReceive_DMA              0x080055f9   Thumb Code   324  stm32f4xx_hal_spi.o(.text)
    HAL_SPI_Receive_DMA                      0x0800573d   Thumb Code   288  stm32f4xx_hal_spi.o(.text)
    HAL_SPI_DMAPause                         0x0800585d   Thumb Code    62  stm32f4xx_hal_spi.o(.text)
    HAL_SPI_DMAResume                        0x0800589b   Thumb Code    62  stm32f4xx_hal_spi.o(.text)
    HAL_SPI_DMAStop                          0x080058d9   Thumb Code    58  stm32f4xx_hal_spi.o(.text)
    HAL_SPI_IRQHandler                       0x08005913   Thumb Code   262  stm32f4xx_hal_spi.o(.text)
    HAL_SPI_GetState                         0x08005a19   Thumb Code     8  stm32f4xx_hal_spi.o(.text)
    HAL_SPI_GetError                         0x08005a21   Thumb Code     6  stm32f4xx_hal_spi.o(.text)
    TIM_Base_SetConfig                       0x08005a35   Thumb Code   184  stm32f4xx_hal_tim.o(.text)
    HAL_TIM_Base_MspInit                     0x08005aed   Thumb Code     2  stm32f4xx_hal_tim.o(.text)
    HAL_TIM_Base_Init                        0x08005aef   Thumb Code    52  stm32f4xx_hal_tim.o(.text)
    HAL_TIM_Base_MspDeInit                   0x08005b23   Thumb Code     2  stm32f4xx_hal_tim.o(.text)
    HAL_TIM_Base_DeInit                      0x08005b25   Thumb Code    70  stm32f4xx_hal_tim.o(.text)
    HAL_TIM_Base_Start                       0x08005b6b   Thumb Code    30  stm32f4xx_hal_tim.o(.text)
    HAL_TIM_Base_Stop                        0x08005b89   Thumb Code    56  stm32f4xx_hal_tim.o(.text)
    HAL_TIM_Base_Start_IT                    0x08005bc1   Thumb Code    30  stm32f4xx_hal_tim.o(.text)
    HAL_TIM_Base_Stop_IT                     0x08005bdf   Thumb Code    56  stm32f4xx_hal_tim.o(.text)
    HAL_TIM_ErrorCallback                    0x08005c17   Thumb Code     2  stm32f4xx_hal_tim.o(.text)
    TIM_DMAError                             0x08005c19   Thumb Code    20  stm32f4xx_hal_tim.o(.text)
    HAL_TIM_Base_Start_DMA                   0x08005c43   Thumb Code    98  stm32f4xx_hal_tim.o(.text)
    HAL_TIM_Base_Stop_DMA                    0x08005ca5   Thumb Code    62  stm32f4xx_hal_tim.o(.text)
    HAL_TIM_OC_MspInit                       0x08005ce3   Thumb Code     2  stm32f4xx_hal_tim.o(.text)
    HAL_TIM_OC_Init                          0x08005ce5   Thumb Code    52  stm32f4xx_hal_tim.o(.text)
    HAL_TIM_OC_MspDeInit                     0x08005d19   Thumb Code     2  stm32f4xx_hal_tim.o(.text)
    HAL_TIM_OC_DeInit                        0x08005d1b   Thumb Code    70  stm32f4xx_hal_tim.o(.text)
    TIM_CCxChannelCmd                        0x08005d61   Thumb Code    28  stm32f4xx_hal_tim.o(.text)
    HAL_TIM_OC_Start                         0x08005d7d   Thumb Code    68  stm32f4xx_hal_tim.o(.text)
    HAL_TIM_OC_Stop                          0x08005dc1   Thumb Code   170  stm32f4xx_hal_tim.o(.text)
    HAL_TIM_OC_Start_IT                      0x08005e6b   Thumb Code   144  stm32f4xx_hal_tim.o(.text)
    HAL_TIM_OC_Stop_IT                       0x08005efb   Thumb Code   196  stm32f4xx_hal_tim.o(.text)
    HAL_TIM_PWM_PulseFinishedCallback        0x08005fbf   Thumb Code     2  stm32f4xx_hal_tim.o(.text)
    TIM_DMADelayPulseCplt                    0x08005fc1   Thumb Code    70  stm32f4xx_hal_tim.o(.text)
    HAL_TIM_OC_Start_DMA                     0x08006007   Thumb Code   312  stm32f4xx_hal_tim.o(.text)
    HAL_TIM_OC_Stop_DMA                      0x0800613f   Thumb Code   202  stm32f4xx_hal_tim.o(.text)
    HAL_TIM_PWM_MspInit                      0x08006209   Thumb Code     2  stm32f4xx_hal_tim.o(.text)
    HAL_TIM_PWM_Init                         0x0800620b   Thumb Code    52  stm32f4xx_hal_tim.o(.text)
    HAL_TIM_PWM_MspDeInit                    0x0800623f   Thumb Code     2  stm32f4xx_hal_tim.o(.text)
    HAL_TIM_PWM_DeInit                       0x08006241   Thumb Code    70  stm32f4xx_hal_tim.o(.text)
    HAL_TIM_PWM_Start                        0x08006287   Thumb Code    78  stm32f4xx_hal_tim.o(.text)
    HAL_TIM_PWM_Stop                         0x080062d5   Thumb Code   126  stm32f4xx_hal_tim.o(.text)
    HAL_TIM_PWM_Start_IT                     0x08006353   Thumb Code   144  stm32f4xx_hal_tim.o(.text)
    HAL_TIM_PWM_Stop_IT                      0x080063e3   Thumb Code   196  stm32f4xx_hal_tim.o(.text)
    HAL_TIM_PWM_Start_DMA                    0x080064a7   Thumb Code   312  stm32f4xx_hal_tim.o(.text)
    HAL_TIM_PWM_Stop_DMA                     0x080065df   Thumb Code   202  stm32f4xx_hal_tim.o(.text)
    HAL_TIM_IC_MspInit                       0x080066a9   Thumb Code     2  stm32f4xx_hal_tim.o(.text)
    HAL_TIM_IC_Init                          0x080066ab   Thumb Code    62  stm32f4xx_hal_tim.o(.text)
    HAL_TIM_IC_MspDeInit                     0x080066e9   Thumb Code     2  stm32f4xx_hal_tim.o(.text)
    HAL_TIM_IC_DeInit                        0x080066eb   Thumb Code    70  stm32f4xx_hal_tim.o(.text)
    HAL_TIM_IC_Start                         0x08006731   Thumb Code    32  stm32f4xx_hal_tim.o(.text)
    HAL_TIM_IC_Stop                          0x08006751   Thumb Code    58  stm32f4xx_hal_tim.o(.text)
    HAL_TIM_IC_Start_IT                      0x0800678b   Thumb Code   108  stm32f4xx_hal_tim.o(.text)
    HAL_TIM_IC_Stop_IT                       0x080067f7   Thumb Code   134  stm32f4xx_hal_tim.o(.text)
    HAL_TIM_IC_CaptureCallback               0x0800687d   Thumb Code     2  stm32f4xx_hal_tim.o(.text)
    TIM_DMACaptureCplt                       0x0800687f   Thumb Code    70  stm32f4xx_hal_tim.o(.text)
    HAL_TIM_IC_Start_DMA                     0x080068c5   Thumb Code   276  stm32f4xx_hal_tim.o(.text)
    HAL_TIM_IC_Stop_DMA                      0x080069d9   Thumb Code   140  stm32f4xx_hal_tim.o(.text)
    HAL_TIM_OnePulse_MspInit                 0x08006a65   Thumb Code     2  stm32f4xx_hal_tim.o(.text)
    HAL_TIM_OnePulse_Init                    0x08006a67   Thumb Code    76  stm32f4xx_hal_tim.o(.text)
    HAL_TIM_OnePulse_MspDeInit               0x08006ab3   Thumb Code     2  stm32f4xx_hal_tim.o(.text)
    HAL_TIM_OnePulse_DeInit                  0x08006ab5   Thumb Code    70  stm32f4xx_hal_tim.o(.text)
    HAL_TIM_OnePulse_Start                   0x08006afb   Thumb Code    66  stm32f4xx_hal_tim.o(.text)
    HAL_TIM_OnePulse_Stop                    0x08006b3d   Thumb Code   130  stm32f4xx_hal_tim.o(.text)
    HAL_TIM_OnePulse_Start_IT                0x08006bbf   Thumb Code    90  stm32f4xx_hal_tim.o(.text)
    HAL_TIM_OnePulse_Stop_IT                 0x08006c19   Thumb Code   154  stm32f4xx_hal_tim.o(.text)
    HAL_TIM_Encoder_MspInit                  0x08006cb3   Thumb Code     2  stm32f4xx_hal_tim.o(.text)
    HAL_TIM_Encoder_Init                     0x08006cb5   Thumb Code   180  stm32f4xx_hal_tim.o(.text)
    HAL_TIM_Encoder_MspDeInit                0x08006d69   Thumb Code     2  stm32f4xx_hal_tim.o(.text)
    HAL_TIM_Encoder_DeInit                   0x08006d6b   Thumb Code    70  stm32f4xx_hal_tim.o(.text)
    HAL_TIM_Encoder_Start                    0x08006db1   Thumb Code    78  stm32f4xx_hal_tim.o(.text)
    HAL_TIM_Encoder_Stop                     0x08006dff   Thumb Code   104  stm32f4xx_hal_tim.o(.text)
    HAL_TIM_Encoder_Start_IT                 0x08006e67   Thumb Code   126  stm32f4xx_hal_tim.o(.text)
    HAL_TIM_Encoder_Stop_IT                  0x08006ee5   Thumb Code   160  stm32f4xx_hal_tim.o(.text)
    HAL_TIM_Encoder_Start_DMA                0x08006f85   Thumb Code   328  stm32f4xx_hal_tim.o(.text)
    HAL_TIM_Encoder_Stop_DMA                 0x080070cd   Thumb Code   152  stm32f4xx_hal_tim.o(.text)
    HAL_TIM_TriggerCallback                  0x08007165   Thumb Code     2  stm32f4xx_hal_tim.o(.text)
    HAL_TIM_OC_DelayElapsedCallback          0x08007167   Thumb Code     2  stm32f4xx_hal_tim.o(.text)
    HAL_TIM_IRQHandler                       0x08007169   Thumb Code   406  stm32f4xx_hal_tim.o(.text)
    TIM_OC2_SetConfig                        0x080073d1   Thumb Code   112  stm32f4xx_hal_tim.o(.text)
    HAL_TIM_OC_ConfigChannel                 0x080074a7   Thumb Code   116  stm32f4xx_hal_tim.o(.text)
    TIM_TI1_SetConfig                        0x080075d5   Thumb Code   122  stm32f4xx_hal_tim.o(.text)
    HAL_TIM_IC_ConfigChannel                 0x0800764f   Thumb Code   224  stm32f4xx_hal_tim.o(.text)
    HAL_TIM_PWM_ConfigChannel                0x0800772f   Thumb Code   294  stm32f4xx_hal_tim.o(.text)
    HAL_TIM_OnePulse_ConfigChannel           0x08007855   Thumb Code   286  stm32f4xx_hal_tim.o(.text)
    HAL_TIM_DMABurst_WriteStart              0x08007987   Thumb Code   366  stm32f4xx_hal_tim.o(.text)
    HAL_TIM_DMABurst_WriteStop               0x08007af5   Thumb Code   128  stm32f4xx_hal_tim.o(.text)
    HAL_TIM_DMABurst_ReadStart               0x08007b75   Thumb Code   366  stm32f4xx_hal_tim.o(.text)
    HAL_TIM_DMABurst_ReadStop                0x08007ce3   Thumb Code   128  stm32f4xx_hal_tim.o(.text)
    HAL_TIM_GenerateEvent                    0x08007d63   Thumb Code    54  stm32f4xx_hal_tim.o(.text)
    HAL_TIM_ConfigOCrefClear                 0x08007db1   Thumb Code   252  stm32f4xx_hal_tim.o(.text)
    HAL_TIM_ConfigClockSource                0x08007f17   Thumb Code   306  stm32f4xx_hal_tim.o(.text)
    HAL_TIM_ConfigTI1Input                   0x08008049   Thumb Code    24  stm32f4xx_hal_tim.o(.text)
    HAL_TIM_SlaveConfigSynchronization       0x08008105   Thumb Code    86  stm32f4xx_hal_tim.o(.text)
    HAL_TIM_SlaveConfigSynchronization_IT    0x0800815b   Thumb Code    86  stm32f4xx_hal_tim.o(.text)
    HAL_TIM_ReadCapturedValue                0x080081b1   Thumb Code    84  stm32f4xx_hal_tim.o(.text)
    HAL_TIM_Base_GetState                    0x08008205   Thumb Code     8  stm32f4xx_hal_tim.o(.text)
    HAL_TIM_OC_GetState                      0x0800820d   Thumb Code     8  stm32f4xx_hal_tim.o(.text)
    HAL_TIM_PWM_GetState                     0x08008215   Thumb Code     8  stm32f4xx_hal_tim.o(.text)
    HAL_TIM_IC_GetState                      0x0800821d   Thumb Code     8  stm32f4xx_hal_tim.o(.text)
    HAL_TIM_OnePulse_GetState                0x08008225   Thumb Code     8  stm32f4xx_hal_tim.o(.text)
    HAL_TIM_Encoder_GetState                 0x0800822d   Thumb Code     8  stm32f4xx_hal_tim.o(.text)
    HAL_TIMEx_HallSensor_MspInit             0x08008235   Thumb Code     2  stm32f4xx_hal_tim_ex.o(.text)
    HAL_TIMEx_HallSensor_Init                0x08008237   Thumb Code   196  stm32f4xx_hal_tim_ex.o(.text)
    HAL_TIMEx_HallSensor_MspDeInit           0x080082fb   Thumb Code     2  stm32f4xx_hal_tim_ex.o(.text)
    HAL_TIMEx_HallSensor_DeInit              0x080082fd   Thumb Code    70  stm32f4xx_hal_tim_ex.o(.text)
    HAL_TIMEx_HallSensor_Start               0x08008343   Thumb Code    30  stm32f4xx_hal_tim_ex.o(.text)
    HAL_TIMEx_HallSensor_Stop                0x08008361   Thumb Code    56  stm32f4xx_hal_tim_ex.o(.text)
    HAL_TIMEx_HallSensor_Start_IT            0x08008399   Thumb Code    42  stm32f4xx_hal_tim_ex.o(.text)
    HAL_TIMEx_HallSensor_Stop_IT             0x080083c3   Thumb Code    68  stm32f4xx_hal_tim_ex.o(.text)
    HAL_TIMEx_HallSensor_Start_DMA           0x08008407   Thumb Code   106  stm32f4xx_hal_tim_ex.o(.text)
    HAL_TIMEx_HallSensor_Stop_DMA            0x08008471   Thumb Code    68  stm32f4xx_hal_tim_ex.o(.text)
    HAL_TIMEx_OCN_Start                      0x080084d1   Thumb Code    44  stm32f4xx_hal_tim_ex.o(.text)
    HAL_TIMEx_OCN_Stop                       0x080084fd   Thumb Code    96  stm32f4xx_hal_tim_ex.o(.text)
    HAL_TIMEx_OCN_Start_IT                   0x0800855d   Thumb Code   132  stm32f4xx_hal_tim_ex.o(.text)
    HAL_TIMEx_OCN_Stop_IT                    0x080085e1   Thumb Code   196  stm32f4xx_hal_tim_ex.o(.text)
    HAL_TIMEx_OCN_Start_DMA                  0x080086a5   Thumb Code   272  stm32f4xx_hal_tim_ex.o(.text)
    HAL_TIMEx_OCN_Stop_DMA                   0x080087b5   Thumb Code   192  stm32f4xx_hal_tim_ex.o(.text)
    HAL_TIMEx_PWMN_Start                     0x08008875   Thumb Code    44  stm32f4xx_hal_tim_ex.o(.text)
    HAL_TIMEx_PWMN_Stop                      0x080088a1   Thumb Code    96  stm32f4xx_hal_tim_ex.o(.text)
    HAL_TIMEx_PWMN_Start_IT                  0x08008901   Thumb Code   132  stm32f4xx_hal_tim_ex.o(.text)
    HAL_TIMEx_PWMN_Stop_IT                   0x08008985   Thumb Code   196  stm32f4xx_hal_tim_ex.o(.text)
    HAL_TIMEx_PWMN_Start_DMA                 0x08008a49   Thumb Code   272  stm32f4xx_hal_tim_ex.o(.text)
    HAL_TIMEx_PWMN_Stop_DMA                  0x08008b59   Thumb Code   178  stm32f4xx_hal_tim_ex.o(.text)
    HAL_TIMEx_OnePulseN_Start                0x08008c0b   Thumb Code    32  stm32f4xx_hal_tim_ex.o(.text)
    HAL_TIMEx_OnePulseN_Stop                 0x08008c2b   Thumb Code    96  stm32f4xx_hal_tim_ex.o(.text)
    HAL_TIMEx_OnePulseN_Start_IT             0x08008c8b   Thumb Code    56  stm32f4xx_hal_tim_ex.o(.text)
    HAL_TIMEx_OnePulseN_Stop_IT              0x08008cc3   Thumb Code   120  stm32f4xx_hal_tim_ex.o(.text)
    HAL_TIMEx_ConfigCommutationEvent         0x08008d3b   Thumb Code   110  stm32f4xx_hal_tim_ex.o(.text)
    HAL_TIMEx_ConfigCommutationEvent_IT      0x08008da9   Thumb Code   122  stm32f4xx_hal_tim_ex.o(.text)
    HAL_TIMEx_CommutationCallback            0x08008e23   Thumb Code     2  stm32f4xx_hal_tim_ex.o(.text)
    TIMEx_DMACommutationCplt                 0x08008e25   Thumb Code    20  stm32f4xx_hal_tim_ex.o(.text)
    HAL_TIMEx_ConfigCommutationEvent_DMA     0x08008e39   Thumb Code   146  stm32f4xx_hal_tim_ex.o(.text)
    HAL_TIMEx_MasterConfigSynchronization    0x08008ecb   Thumb Code    98  stm32f4xx_hal_tim_ex.o(.text)
    HAL_TIMEx_ConfigBreakDeadTime            0x08008f2d   Thumb Code    80  stm32f4xx_hal_tim_ex.o(.text)
    HAL_TIMEx_RemapConfig                    0x08008f7d   Thumb Code    48  stm32f4xx_hal_tim_ex.o(.text)
    HAL_TIMEx_BreakCallback                  0x08008fad   Thumb Code     2  stm32f4xx_hal_tim_ex.o(.text)
    HAL_TIMEx_HallSensor_GetState            0x08008faf   Thumb Code     8  stm32f4xx_hal_tim_ex.o(.text)
    Reset_Handler                            0x08008fbd   Thumb Code     8  startup_stm32f407xx.o(.text)
    NMI_Handler                              0x08008fc5   Thumb Code     2  startup_stm32f407xx.o(.text)
    HardFault_Handler                        0x08008fc7   Thumb Code     2  startup_stm32f407xx.o(.text)
    MemManage_Handler                        0x08008fc9   Thumb Code     2  startup_stm32f407xx.o(.text)
    BusFault_Handler                         0x08008fcb   Thumb Code     2  startup_stm32f407xx.o(.text)
    UsageFault_Handler                       0x08008fcd   Thumb Code     2  startup_stm32f407xx.o(.text)
    DebugMon_Handler                         0x08008fd1   Thumb Code     2  startup_stm32f407xx.o(.text)
    ADC_IRQHandler                           0x08008fd7   Thumb Code     0  startup_stm32f407xx.o(.text)
    CAN1_RX0_IRQHandler                      0x08008fd7   Thumb Code     0  startup_stm32f407xx.o(.text)
    CAN1_RX1_IRQHandler                      0x08008fd7   Thumb Code     0  startup_stm32f407xx.o(.text)
    CAN1_SCE_IRQHandler                      0x08008fd7   Thumb Code     0  startup_stm32f407xx.o(.text)
    CAN1_TX_IRQHandler                       0x08008fd7   Thumb Code     0  startup_stm32f407xx.o(.text)
    CAN2_RX0_IRQHandler                      0x08008fd7   Thumb Code     0  startup_stm32f407xx.o(.text)
    CAN2_RX1_IRQHandler                      0x08008fd7   Thumb Code     0  startup_stm32f407xx.o(.text)
    CAN2_SCE_IRQHandler                      0x08008fd7   Thumb Code     0  startup_stm32f407xx.o(.text)
    CAN2_TX_IRQHandler                       0x08008fd7   Thumb Code     0  startup_stm32f407xx.o(.text)
    DCMI_IRQHandler                          0x08008fd7   Thumb Code     0  startup_stm32f407xx.o(.text)
    DMA1_Stream0_IRQHandler                  0x08008fd7   Thumb Code     0  startup_stm32f407xx.o(.text)
    DMA1_Stream1_IRQHandler                  0x08008fd7   Thumb Code     0  startup_stm32f407xx.o(.text)
    DMA1_Stream2_IRQHandler                  0x08008fd7   Thumb Code     0  startup_stm32f407xx.o(.text)
    DMA1_Stream3_IRQHandler                  0x08008fd7   Thumb Code     0  startup_stm32f407xx.o(.text)
    DMA1_Stream4_IRQHandler                  0x08008fd7   Thumb Code     0  startup_stm32f407xx.o(.text)
    DMA1_Stream5_IRQHandler                  0x08008fd7   Thumb Code     0  startup_stm32f407xx.o(.text)
    DMA1_Stream6_IRQHandler                  0x08008fd7   Thumb Code     0  startup_stm32f407xx.o(.text)
    DMA1_Stream7_IRQHandler                  0x08008fd7   Thumb Code     0  startup_stm32f407xx.o(.text)
    DMA2_Stream0_IRQHandler                  0x08008fd7   Thumb Code     0  startup_stm32f407xx.o(.text)
    DMA2_Stream1_IRQHandler                  0x08008fd7   Thumb Code     0  startup_stm32f407xx.o(.text)
    DMA2_Stream2_IRQHandler                  0x08008fd7   Thumb Code     0  startup_stm32f407xx.o(.text)
    DMA2_Stream3_IRQHandler                  0x08008fd7   Thumb Code     0  startup_stm32f407xx.o(.text)
    DMA2_Stream4_IRQHandler                  0x08008fd7   Thumb Code     0  startup_stm32f407xx.o(.text)
    DMA2_Stream5_IRQHandler                  0x08008fd7   Thumb Code     0  startup_stm32f407xx.o(.text)
    DMA2_Stream6_IRQHandler                  0x08008fd7   Thumb Code     0  startup_stm32f407xx.o(.text)
    DMA2_Stream7_IRQHandler                  0x08008fd7   Thumb Code     0  startup_stm32f407xx.o(.text)
    ETH_IRQHandler                           0x08008fd7   Thumb Code     0  startup_stm32f407xx.o(.text)
    ETH_WKUP_IRQHandler                      0x08008fd7   Thumb Code     0  startup_stm32f407xx.o(.text)
    EXTI15_10_IRQHandler                     0x08008fd7   Thumb Code     0  startup_stm32f407xx.o(.text)
    EXTI1_IRQHandler                         0x08008fd7   Thumb Code     0  startup_stm32f407xx.o(.text)
    EXTI2_IRQHandler                         0x08008fd7   Thumb Code     0  startup_stm32f407xx.o(.text)
    EXTI3_IRQHandler                         0x08008fd7   Thumb Code     0  startup_stm32f407xx.o(.text)
    EXTI4_IRQHandler                         0x08008fd7   Thumb Code     0  startup_stm32f407xx.o(.text)
    EXTI9_5_IRQHandler                       0x08008fd7   Thumb Code     0  startup_stm32f407xx.o(.text)
    FLASH_IRQHandler                         0x08008fd7   Thumb Code     0  startup_stm32f407xx.o(.text)
    FMC_IRQHandler                           0x08008fd7   Thumb Code     0  startup_stm32f407xx.o(.text)
    FPU_IRQHandler                           0x08008fd7   Thumb Code     0  startup_stm32f407xx.o(.text)
    HASH_RNG_IRQHandler                      0x08008fd7   Thumb Code     0  startup_stm32f407xx.o(.text)
    I2C1_ER_IRQHandler                       0x08008fd7   Thumb Code     0  startup_stm32f407xx.o(.text)
    I2C1_EV_IRQHandler                       0x08008fd7   Thumb Code     0  startup_stm32f407xx.o(.text)
    I2C2_ER_IRQHandler                       0x08008fd7   Thumb Code     0  startup_stm32f407xx.o(.text)
    I2C2_EV_IRQHandler                       0x08008fd7   Thumb Code     0  startup_stm32f407xx.o(.text)
    I2C3_ER_IRQHandler                       0x08008fd7   Thumb Code     0  startup_stm32f407xx.o(.text)
    I2C3_EV_IRQHandler                       0x08008fd7   Thumb Code     0  startup_stm32f407xx.o(.text)
    OTG_FS_IRQHandler                        0x08008fd7   Thumb Code     0  startup_stm32f407xx.o(.text)
    OTG_FS_WKUP_IRQHandler                   0x08008fd7   Thumb Code     0  startup_stm32f407xx.o(.text)
    OTG_HS_EP1_IN_IRQHandler                 0x08008fd7   Thumb Code     0  startup_stm32f407xx.o(.text)
    OTG_HS_EP1_OUT_IRQHandler                0x08008fd7   Thumb Code     0  startup_stm32f407xx.o(.text)
    OTG_HS_IRQHandler                        0x08008fd7   Thumb Code     0  startup_stm32f407xx.o(.text)
    OTG_HS_WKUP_IRQHandler                   0x08008fd7   Thumb Code     0  startup_stm32f407xx.o(.text)
    PVD_IRQHandler                           0x08008fd7   Thumb Code     0  startup_stm32f407xx.o(.text)
    RCC_IRQHandler                           0x08008fd7   Thumb Code     0  startup_stm32f407xx.o(.text)
    RTC_Alarm_IRQHandler                     0x08008fd7   Thumb Code     0  startup_stm32f407xx.o(.text)
    RTC_WKUP_IRQHandler                      0x08008fd7   Thumb Code     0  startup_stm32f407xx.o(.text)
    SDIO_IRQHandler                          0x08008fd7   Thumb Code     0  startup_stm32f407xx.o(.text)
    SPI1_IRQHandler                          0x08008fd7   Thumb Code     0  startup_stm32f407xx.o(.text)
    SPI2_IRQHandler                          0x08008fd7   Thumb Code     0  startup_stm32f407xx.o(.text)
    SPI3_IRQHandler                          0x08008fd7   Thumb Code     0  startup_stm32f407xx.o(.text)
    TAMP_STAMP_IRQHandler                    0x08008fd7   Thumb Code     0  startup_stm32f407xx.o(.text)
    TIM1_BRK_TIM9_IRQHandler                 0x08008fd7   Thumb Code     0  startup_stm32f407xx.o(.text)
    TIM1_CC_IRQHandler                       0x08008fd7   Thumb Code     0  startup_stm32f407xx.o(.text)
    TIM1_TRG_COM_TIM11_IRQHandler            0x08008fd7   Thumb Code     0  startup_stm32f407xx.o(.text)
    TIM1_UP_TIM10_IRQHandler                 0x08008fd7   Thumb Code     0  startup_stm32f407xx.o(.text)
    TIM4_IRQHandler                          0x08008fd7   Thumb Code     0  startup_stm32f407xx.o(.text)
    TIM5_IRQHandler                          0x08008fd7   Thumb Code     0  startup_stm32f407xx.o(.text)
    TIM6_DAC_IRQHandler                      0x08008fd7   Thumb Code     0  startup_stm32f407xx.o(.text)
    TIM7_IRQHandler                          0x08008fd7   Thumb Code     0  startup_stm32f407xx.o(.text)
    TIM8_BRK_TIM12_IRQHandler                0x08008fd7   Thumb Code     0  startup_stm32f407xx.o(.text)
    TIM8_CC_IRQHandler                       0x08008fd7   Thumb Code     0  startup_stm32f407xx.o(.text)
    TIM8_TRG_COM_TIM14_IRQHandler            0x08008fd7   Thumb Code     0  startup_stm32f407xx.o(.text)
    TIM8_UP_TIM13_IRQHandler                 0x08008fd7   Thumb Code     0  startup_stm32f407xx.o(.text)
    UART4_IRQHandler                         0x08008fd7   Thumb Code     0  startup_stm32f407xx.o(.text)
    UART5_IRQHandler                         0x08008fd7   Thumb Code     0  startup_stm32f407xx.o(.text)
    USART1_IRQHandler                        0x08008fd7   Thumb Code     0  startup_stm32f407xx.o(.text)
    USART2_IRQHandler                        0x08008fd7   Thumb Code     0  startup_stm32f407xx.o(.text)
    USART3_IRQHandler                        0x08008fd7   Thumb Code     0  startup_stm32f407xx.o(.text)
    USART6_IRQHandler                        0x08008fd7   Thumb Code     0  startup_stm32f407xx.o(.text)
    WWDG_IRQHandler                          0x08008fd7   Thumb Code     0  startup_stm32f407xx.o(.text)
    SystemInit                               0x08008fe1   Thumb Code    82  system_stm32f4xx.o(.text)
    SystemCoreClockUpdate                    0x08009033   Thumb Code   174  system_stm32f4xx.o(.text)
    __aeabi_uldivmod                         0x08009101   Thumb Code    98  uldiv.o(.text)
    __aeabi_memcpy                           0x08009163   Thumb Code    36  memcpya.o(.text)
    __aeabi_memcpy4                          0x08009163   Thumb Code     0  memcpya.o(.text)
    __aeabi_memcpy8                          0x08009163   Thumb Code     0  memcpya.o(.text)
    __aeabi_dmul                             0x08009187   Thumb Code   228  dmul.o(.text)
    __aeabi_ddiv                             0x0800926b   Thumb Code   222  ddiv.o(.text)
    __aeabi_i2d                              0x08009349   Thumb Code    34  dflti.o(.text)
    __aeabi_d2iz                             0x0800936b   Thumb Code    62  dfixi.o(.text)
    __aeabi_f2d                              0x080093a9   Thumb Code    38  f2d.o(.text)
    __aeabi_d2f                              0x080093cf   Thumb Code    56  d2f.o(.text)
    __aeabi_uidiv                            0x08009407   Thumb Code     0  uidiv.o(.text)
    __aeabi_uidivmod                         0x08009407   Thumb Code    44  uidiv.o(.text)
    __aeabi_llsl                             0x08009433   Thumb Code    30  llshl.o(.text)
    _ll_shift_l                              0x08009433   Thumb Code     0  llshl.o(.text)
    __aeabi_llsr                             0x08009451   Thumb Code    32  llushr.o(.text)
    _ll_ushift_r                             0x08009451   Thumb Code     0  llushr.o(.text)
    __I$use$fp                               0x08009471   Thumb Code     0  iusefp.o(.text)
    _float_round                             0x08009471   Thumb Code    18  fepilogue.o(.text)
    _float_epilogue                          0x08009483   Thumb Code    92  fepilogue.o(.text)
    _double_round                            0x080094df   Thumb Code    30  depilogue.o(.text)
    _double_epilogue                         0x080094fd   Thumb Code   156  depilogue.o(.text)
    __aeabi_dadd                             0x08009599   Thumb Code   322  dadd.o(.text)
    __aeabi_dsub                             0x080096db   Thumb Code     6  dadd.o(.text)
    __aeabi_drsub                            0x080096e1   Thumb Code     6  dadd.o(.text)
    _dsqrt                                   0x080096e7   Thumb Code   162  dsqrt.o(.text)
    __aeabi_d2ulz                            0x08009789   Thumb Code    48  dfixul.o(.text)
    __aeabi_cdrcmple                         0x080097b9   Thumb Code    48  cdrcmple.o(.text)
    __scatterload                            0x080097e9   Thumb Code    28  init.o(.text)
    __scatterload_rt2                        0x080097e9   Thumb Code     0  init.o(.text)
    __aeabi_lasr                             0x0800980d   Thumb Code    36  llsshr.o(.text)
    _ll_sshift_r                             0x0800980d   Thumb Code     0  llsshr.o(.text)
    SVC_Count                                0x08009830   Data           4  svc_table.o(SVC_TABLE)
    SVC_Table                                0x08009834   Data           0  svc_table.o(SVC_TABLE)
    __0printf                                0x08009835   Thumb Code    22  printfa.o(i.__0printf)
    __1printf                                0x08009835   Thumb Code     0  printfa.o(i.__0printf)
    __2printf                                0x08009835   Thumb Code     0  printfa.o(i.__0printf)
    __c89printf                              0x08009835   Thumb Code     0  printfa.o(i.__0printf)
    printf                                   0x08009835   Thumb Code     0  printfa.o(i.__0printf)
    __ARM_fpclassify                         0x08009855   Thumb Code    48  fpclassify.o(i.__ARM_fpclassify)
    __hardfp_atan                            0x08009889   Thumb Code   622  atan.o(i.__hardfp_atan)
    __hardfp_atan2                           0x08009b61   Thumb Code   432  atan2.o(i.__hardfp_atan2)
    __hardfp_floor                           0x08009d51   Thumb Code   252  floor.o(i.__hardfp_floor)
    __hardfp_sqrt                            0x08009e69   Thumb Code   122  sqrt.o(i.__hardfp_sqrt)
    __kernel_poly                            0x08009ee3   Thumb Code   248  poly.o(i.__kernel_poly)
    __mathlib_dbl_infnan                     0x08009fdb   Thumb Code    20  dunder.o(i.__mathlib_dbl_infnan)
    __mathlib_dbl_infnan2                    0x08009fef   Thumb Code    20  dunder.o(i.__mathlib_dbl_infnan2)
    __mathlib_dbl_underflow                  0x0800a009   Thumb Code    24  dunder.o(i.__mathlib_dbl_underflow)
    __scatterload_copy                       0x0800a029   Thumb Code    14  handlers.o(i.__scatterload_copy)
    __scatterload_null                       0x0800a037   Thumb Code     2  handlers.o(i.__scatterload_null)
    __scatterload_zeroinit                   0x0800a039   Thumb Code    14  handlers.o(i.__scatterload_zeroinit)
    __set_errno                              0x0800a049   Thumb Code     6  errno.o(i.__set_errno)
    _init_box                                0x0800a1b9   Thumb Code    70  rt_membox.o(i._init_box)
    atan                                     0x0800a92f   Thumb Code    16  atan.o(i.atan)
    dbg_init                                 0x0800a941   Thumb Code    34  hal_cm.o(i.dbg_init)
    dbg_task_notify                          0x0800a971   Thumb Code    32  hal_cm.o(i.dbg_task_notify)
    dbg_task_switch                          0x0800a991   Thumb Code    16  hal_cm.o(i.dbg_task_switch)
    fabs                                     0x0800a9a1   Thumb Code    24  fabs.o(i.fabs)
    isrMessageGet                            0x0800a9b9   Thumb Code    42  rt_cmsis.o(i.isrMessageGet)
    isrMessagePut                            0x0800a9e3   Thumb Code    44  rt_cmsis.o(i.isrMessagePut)
    isrSemaphoreRelease                      0x0800aa0f   Thumb Code    40  rt_cmsis.o(i.isrSemaphoreRelease)
    isr_mbx_receive                          0x0800aa39   Thumb Code    82  rt_mailbox.o(i.isr_mbx_receive)
    isr_mbx_send                             0x0800aa8b   Thumb Code    14  rt_mailbox.o(i.isr_mbx_send)
    isr_sem_send                             0x0800aa99   Thumb Code    16  rt_semaphore.o(i.isr_sem_send)
    osDelay                                  0x0800aaa9   Thumb Code    18  rt_cmsis.o(i.osDelay)
    osKernelInitialize                       0x0800aac1   Thumb Code    30  rt_cmsis.o(i.osKernelInitialize)
    osKernelStart                            0x0800aae5   Thumb Code    98  rt_cmsis.o(i.osKernelStart)
    osMessageGet                             0x0800ab51   Thumb Code    18  rt_cmsis.o(i.osMessageGet)
    osSemaphoreCreate                        0x0800ab69   Thumb Code    38  rt_cmsis.o(i.osSemaphoreCreate)
    osSemaphoreRelease                       0x0800ab99   Thumb Code    18  rt_cmsis.o(i.osSemaphoreRelease)
    osSemaphoreWait                          0x0800abb1   Thumb Code    20  rt_cmsis.o(i.osSemaphoreWait)
    osThreadCreate                           0x0800abc9   Thumb Code    38  rt_cmsis.o(i.osThreadCreate)
    osThreadExit                             0x0800abf9   Thumb Code    14  rt_cmsis.o(i.osThreadExit)
    osTimerCall                              0x0800ac11   Thumb Code     8  rt_cmsis.o(i.osTimerCall)
    osTimerThread                            0x0800ac1d   Thumb Code    38  rt_cmsis.o(i.osTimerThread)
    os_tick_init                             0x0800ac49   Thumb Code    32  rt_system.o(i.os_tick_init)
    os_tick_irqack                           0x0800ac71   Thumb Code     2  rt_system.o(i.os_tick_irqack)
    rt_alloc_box                             0x0800ac73   Thumb Code    26  rt_membox.o(i.rt_alloc_box)
    rt_alloc_mem                             0x0800ac8d   Thumb Code    62  rt_memory.o(i.rt_alloc_mem)
    rt_block                                 0x0800accd   Thumb Code    48  rt_task.o(i.rt_block)
    rt_chk_robin                             0x0800ad05   Thumb Code    60  rt_robin.o(i.rt_chk_robin)
    rt_dec_dly                               0x0800ad4d   Thumb Code   102  rt_list.o(i.rt_dec_dly)
    rt_dispatch                              0x0800adbd   Thumb Code    60  rt_task.o(i.rt_dispatch)
    rt_dly_wait                              0x0800ae01   Thumb Code     6  rt_time.o(i.rt_dly_wait)
    rt_evt_psh                               0x0800ae09   Thumb Code    76  rt_event.o(i.rt_evt_psh)
    rt_free_box                              0x0800ae59   Thumb Code    44  rt_membox.o(i.rt_free_box)
    rt_free_mem                              0x0800ae85   Thumb Code    40  rt_memory.o(i.rt_free_mem)
    rt_get_first                             0x0800aead   Thumb Code    40  rt_list.o(i.rt_get_first)
    rt_init_mem                              0x0800af25   Thumb Code    26  rt_memory.o(i.rt_init_mem)
    rt_init_robin                            0x0800af41   Thumb Code    14  rt_robin.o(i.rt_init_robin)
    rt_init_stack                            0x0800af59   Thumb Code   118  hal_cm.o(i.rt_init_stack)
    rt_mbx_check                             0x0800afd9   Thumb Code     8  rt_mailbox.o(i.rt_mbx_check)
    rt_mbx_init                              0x0800afe1   Thumb Code    26  rt_mailbox.o(i.rt_mbx_init)
    rt_mbx_psh                               0x0800affd   Thumb Code   236  rt_mailbox.o(i.rt_mbx_psh)
    rt_mbx_wait                              0x0800b0ed   Thumb Code   174  rt_mailbox.o(i.rt_mbx_wait)
    rt_pop_req                               0x0800b1e5   Thumb Code   112  rt_system.o(i.rt_pop_req)
    rt_psh_req                               0x0800b261   Thumb Code    22  rt_system.o(i.rt_psh_req)
    rt_psq_enq                               0x0800b281   Thumb Code    88  rt_list.o(i.rt_psq_enq)
    rt_put_dly                               0x0800b2dd   Thumb Code    68  rt_list.o(i.rt_put_dly)
    rt_put_prio                              0x0800b325   Thumb Code    54  rt_list.o(i.rt_put_prio)
    rt_put_rdy_first                         0x0800b35d   Thumb Code    14  rt_list.o(i.rt_put_rdy_first)
    rt_resort_prio                           0x0800b371   Thumb Code    46  rt_list.o(i.rt_resort_prio)
    rt_ret_val                               0x0800b3b5   Thumb Code    12  hal_cm.o(i.rt_ret_val)
    rt_ret_val2                              0x0800b3c1   Thumb Code    16  hal_cm.o(i.rt_ret_val2)
    rt_rmv_dly                               0x0800b3d1   Thumb Code    40  rt_list.o(i.rt_rmv_dly)
    rt_rmv_list                              0x0800b3f9   Thumb Code    44  rt_list.o(i.rt_rmv_list)
    rt_sem_init                              0x0800b429   Thumb Code    12  rt_semaphore.o(i.rt_sem_init)
    rt_sem_psh                               0x0800b435   Thumb Code    48  rt_semaphore.o(i.rt_sem_psh)
    rt_sem_send                              0x0800b469   Thumb Code    42  rt_semaphore.o(i.rt_sem_send)
    rt_sem_wait                              0x0800b495   Thumb Code    58  rt_semaphore.o(i.rt_sem_wait)
    rt_stk_check                             0x0800b4d5   Thumb Code    28  rt_system.o(i.rt_stk_check)
    rt_switch_req                            0x0800b4f9   Thumb Code    30  rt_task.o(i.rt_switch_req)
    rt_sys_init                              0x0800b521   Thumb Code   138  rt_task.o(i.rt_sys_init)
    rt_sys_start                             0x0800b5ed   Thumb Code   110  rt_task.o(i.rt_sys_start)
    rt_systick                               0x0800b665   Thumb Code    50  rt_system.o(i.rt_systick)
    rt_tsk_create                            0x0800b6ed   Thumb Code   118  rt_task.o(i.rt_tsk_create)
    rt_tsk_delete                            0x0800b775   Thumb Code   352  rt_task.o(i.rt_tsk_delete)
    rt_tsk_prio                              0x0800b8f1   Thumb Code   108  rt_task.o(i.rt_tsk_prio)
    rt_tsk_self                              0x0800b96d   Thumb Code    12  rt_task.o(i.rt_tsk_self)
    svcDelay                                 0x0800b97d   Thumb Code    18  rt_cmsis.o(i.svcDelay)
    svcKernelInitialize                      0x0800b991   Thumb Code    80  rt_cmsis.o(i.svcKernelInitialize)
    svcKernelStart                           0x0800ba01   Thumb Code    62  rt_cmsis.o(i.svcKernelStart)
    svcMessageCreate                         0x0800ba49   Thumb Code    36  rt_cmsis.o(i.svcMessageCreate)
    svcMessageGet                            0x0800ba6d   Thumb Code    58  rt_cmsis.o(i.svcMessageGet)
    svcSemaphoreCreate                       0x0800baa7   Thumb Code    36  rt_cmsis.o(i.svcSemaphoreCreate)
    svcSemaphoreRelease                      0x0800bacb   Thumb Code    40  rt_cmsis.o(i.svcSemaphoreRelease)
    svcSemaphoreWait                         0x0800baf3   Thumb Code    50  rt_cmsis.o(i.svcSemaphoreWait)
    svcThreadCreate                          0x0800bb25   Thumb Code   100  rt_cmsis.o(i.svcThreadCreate)
    svcThreadGetId                           0x0800bb95   Thumb Code    22  rt_cmsis.o(i.svcThreadGetId)
    svcThreadTerminate                       0x0800bbb1   Thumb Code    50  rt_cmsis.o(i.svcThreadTerminate)
    svcTimerCall                             0x0800bbe9   Thumb Code    24  rt_cmsis.o(i.svcTimerCall)
    sysTimerTick                             0x0800bc01   Thumb Code    84  rt_cmsis.o(i.sysTimerTick)
    os_semaphore_def_accelerometer_select    0x0800bc5c   Data           4  main.o(.constdata)
    os_semaphore_def_temperature_select      0x0800bc60   Data           4  main.o(.constdata)
    os_thread_def_Thread_LED                 0x0800bc64   Data          16  thread_led.o(.constdata)
    os_thread_def_Thread_Accelerometer       0x0800bc74   Data          16  thread.o(.constdata)
    os_thread_def_Thread_Temperature_Sensor  0x0800bc84   Data          16  thread.o(.constdata)
    os_maxtaskrun                            0x0800bc94   Data           2  rtx_conf_cm.o(.constdata)
    os_stackinfo                             0x0800bc98   Data           4  rtx_conf_cm.o(.constdata)
    os_rrobin                                0x0800bc9c   Data           4  rtx_conf_cm.o(.constdata)
    os_tickfreq                              0x0800bca0   Data           4  rtx_conf_cm.o(.constdata)
    os_tickus_i                              0x0800bca4   Data           2  rtx_conf_cm.o(.constdata)
    os_tickus_f                              0x0800bca6   Data           2  rtx_conf_cm.o(.constdata)
    os_trv                                   0x0800bca8   Data           4  rtx_conf_cm.o(.constdata)
    os_flags                                 0x0800bcac   Data           1  rtx_conf_cm.o(.constdata)
    CMSIS_RTOS_API_Version                   0x0800bcb0   Data           4  rtx_conf_cm.o(.constdata)
    CMSIS_RTOS_RTX_Version                   0x0800bcb4   Data           4  rtx_conf_cm.o(.constdata)
    os_clockrate                             0x0800bcb8   Data           4  rtx_conf_cm.o(.constdata)
    os_timernum                              0x0800bcbc   Data           4  rtx_conf_cm.o(.constdata)
    mp_tcb_size                              0x0800bcc0   Data           2  rtx_conf_cm.o(.constdata)
    mp_stk_size                              0x0800bcc4   Data           4  rtx_conf_cm.o(.constdata)
    os_stack_sz                              0x0800bcc8   Data           4  rtx_conf_cm.o(.constdata)
    os_fifo_size                             0x0800bccc   Data           1  rtx_conf_cm.o(.constdata)
    os_thread_def_osTimerThread              0x0800bcd0   Data          16  rtx_conf_cm.o(.constdata)
    os_messageQ_def_osTimerMessageQ          0x0800bce0   Data           8  rtx_conf_cm.o(.constdata)
    mp_tmr_size                              0x0800bce8   Data           2  rtx_conf_cm.o(.constdata)
    APBAHBPrescTable                         0x0800bcf2   Data          16  stm32f4xx_hal_rcc.o(.constdata)
    AHBPrescTable                            0x0800bd02   Data          16  system_stm32f4xx.o(.constdata)
    __mathlib_zero                           0x0800bdb0   Data           8  qnan.o(.constdata)
    Region$$Table$$Base                      0x0800bdb8   Number         0  anon$$obj.o(Region$$Table)
    Region$$Table$$Limit                     0x0800bdd8   Number         0  anon$$obj.o(Region$$Table)
    DISPLAY_ACC                              0x20000000   Data           4  main.o(.data)
    DISPLAY_TEMP                             0x20000004   Data           4  main.o(.data)
    ACC_PITCH                                0x20000008   Data           4  main.o(.data)
    ACC_ROLL                                 0x2000000c   Data           4  main.o(.data)
    temp                                     0x20000010   Data           4  main.o(.data)
    digit                                    0x20000014   Data           4  main.o(.data)
    down                                     0x20000018   Data           1  main.o(.data)
    up                                       0x20000019   Data           1  main.o(.data)
    display_flag                             0x2000001c   Data           4  main.o(.data)
    in_range                                 0x20000020   Data           4  main.o(.data)
    upper_bound                              0x20000028   Data           8  main.o(.data)
    lower_bound                              0x20000030   Data           8  main.o(.data)
    accelerometer_select                     0x20000038   Data           4  main.o(.data)
    os_semaphore_cb_accelerometer_select     0x2000003c   Data           8  main.o(.data)
    temperature_select                       0x20000044   Data           4  main.o(.data)
    os_semaphore_cb_temperature_select       0x20000048   Data           8  main.o(.data)
    tid_Thread_LED                           0x20000050   Data           4  thread_led.o(.data)
    tid_Thread_Accelerometer                 0x20000054   Data           4  thread.o(.data)
    tid_Temperature_Sensor                   0x20000058   Data           4  thread.o(.data)
    tmp_pitch                                0x20000060   Data           8  accelerometer_interface.o(.data)
    pitch                                    0x20000068   Data           4  accelerometer_interface.o(.data)
    semaphore                                0x2000006c   Data           4  accelerometer_interface.o(.data)
    misalignment_and_offset_matrix           0x20000070   Data          48  accelerometer_interface.o(.data)
    temperature_reading                      0x200000a0   Data           4  temperature_interface.o(.data)
    tmp_temperature                          0x200000a4   Data           4  temperature_interface.o(.data)
    temp_semaphore                           0x200000a8   Data           4  temperature_interface.o(.data)
    LIS3DSHTimeout                           0x200000ac   Data           4  lis3dsh.o(.data)
    osThreadId_osTimerThread                 0x200000b0   Data           4  rtx_conf_cm.o(.data)
    osMessageQId_osTimerMessageQ             0x200000b4   Data           4  rtx_conf_cm.o(.data)
    os_tmr                                   0x200000b8   Data           4  rtx_conf_cm.o(.data)
    m_tmr                                    0x200000bc   Data           4  rtx_conf_cm.o(.data)
    os_thread_def_main                       0x200000c0   Data          16  rtx_conf_cm.o(.data)
    SystemCoreClock                          0x200000d4   Data           4  system_stm32f4xx.o(.data)
    os_initialized                           0x200000d8   Data           1  rt_cmsis.o(.data)
    os_running                               0x200000d9   Data           1  rt_cmsis.o(.data)
    os_timer_head                            0x200000dc   Data           4  rt_cmsis.o(.data)
    os_time                                  0x200000e0   Data           4  rt_time.o(.data)
    os_tsk                                   0x200000e4   Data           8  rt_task.o(.data)
    os_tick_irqn                             0x200000f0   Data           4  rt_system.o(.data)
    dbg_msg                                  0x200000f4   Data           1  hal_cm.o(.data)
    os_robin                                 0x200000f8   Data           8  rt_robin.o(.data)
    __stdout                                 0x20000100   Data           4  stdout.o(.data)
    readings                                 0x20000108   Data          12  main.o(.bss)
    LED_configuration                        0x20000114   Data          20  thread_led.o(.bss)
    ADC1_Handle                              0x20000128   Data          68  config.o(.bss)
    GPIO_Struct                              0x2000016c   Data          20  config.o(.bss)
    Degree_Struct                            0x20000180   Data          20  config.o(.bss)
    TIM2_Handle                              0x20000194   Data          60  config.o(.bss)
    TIM3_Handle                              0x200001d0   Data          60  config.o(.bss)
    acc_ks_x                                 0x2000020c   Data          20  accelerometer_interface.o(.bss)
    acc_ks_y                                 0x20000220   Data          20  accelerometer_interface.o(.bss)
    acc_ks_z                                 0x20000234   Data          20  accelerometer_interface.o(.bss)
    temp_ks                                  0x20000248   Data          20  temperature_interface.o(.bss)
    SpiHandle                                0x2000025c   Data          88  lis3dsh.o(.bss)
    mp_tcb                                   0x200002b8   Data         376  rtx_conf_cm.o(.bss)
    mp_stk                                   0x20000430   Data        4816  rtx_conf_cm.o(.bss)
    os_stack_mem                             0x20001700   Data        1256  rtx_conf_cm.o(.bss)
    os_fifo                                  0x20001be8   Data         132  rtx_conf_cm.o(.bss)
    os_active_TCB                            0x20001c6c   Data          28  rtx_conf_cm.o(.bss)
    os_messageQ_q_osTimerMessageQ            0x20001c88   Data          32  rtx_conf_cm.o(.bss)
    os_idle_TCB                              0x20001ca8   Data          52  rt_task.o(.bss)
    os_rdy                                   0x20001cdc   Data          24  rt_list.o(.bss)
    os_dly                                   0x20001cf4   Data          24  rt_list.o(.bss)
    __initial_sp                             0x20002110   Data           0  startup_stm32f407xx.o(STACK)



==============================================================================

Memory Map of the image

  Image Entry point : 0x08000189

  Load Region LR_IROM1 (Base: 0x08000000, Size: 0x0000bee0, Max: 0x00100000, ABSOLUTE)

    Execution Region ER_IROM1 (Base: 0x08000000, Size: 0x0000bdd8, Max: 0x00100000, ABSOLUTE)

    Base Addr    Size         Type   Attr      Idx    E Section Name        Object

    0x08000000   0x00000188   Data   RO          902    RESET               startup_stm32f407xx.o
    0x08000188   0x00000000   Code   RO         2187  * .ARM.Collect$$$$00000000  mc_w.l(entry.o)
    0x08000188   0x00000004   Code   RO         2504    .ARM.Collect$$$$00000001  mc_w.l(entry2.o)
    0x0800018c   0x00000004   Code   RO         2507    .ARM.Collect$$$$00000004  mc_w.l(entry5.o)
    0x08000190   0x00000000   Code   RO         2509    .ARM.Collect$$$$00000008  mc_w.l(entry7b.o)
    0x08000190   0x00000000   Code   RO         2511    .ARM.Collect$$$$0000000A  mc_w.l(entry8b.o)
    0x08000190   0x00000000   Code   RO         2512    .ARM.Collect$$$$0000000D  mc_w.l(entry10a.o)
    0x08000190   0x00000000   Code   RO         2514    .ARM.Collect$$$$0000000F  mc_w.l(entry11a.o)
    0x08000190   0x00000018   Code   RO          477    .ARM.Collect$$$$000000FF  rtx_conf_cm.o
    0x080001a8   0x00000004   Code   RO         2505    .ARM.Collect$$$$00002712  mc_w.l(entry2.o)
    0x080001ac   0x00000198   Code   RO         2144    .emb_text           RTX_CM4.lib(hal_cm4.o)
    0x08000344   0x00000204   Code   RO            4    .text               main.o
    0x08000548   0x00000088   Code   RO          177    .text               thread_led.o
    0x080005d0   0x00000180   Code   RO          210    .text               supporting_functions.o
    0x08000750   0x000002d8   Code   RO          225    .text               config.o
    0x08000a28   0x00000084   Code   RO          249    .text               kalman_filter.o
    0x08000aac   0x00000378   Code   RO          300    .text               seven_segment.o
    0x08000e24   0x000002a8   Code   RO          322    .text               utils.o
    0x080010cc   0x0000005c   Code   RO          338    .text               thread.o
    0x08001128   0x00000038   Code   RO          366    .text               fput_debug.o
    0x08001160   0x00000268   Code   RO          394    .text               accelerometer_interface.o
    0x080013c8   0x0000012c   Code   RO          423    .text               temperature_interface.o
    0x080014f4   0x000005c0   Code   RO          452    .text               lis3dsh.o
    0x08001ab4   0x00000026   Code   RO          478    .text               rtx_conf_cm.o
    0x08001ada   0x00000002   PAD
    0x08001adc   0x000001b0   Code   RO          509    .text               stm32f4xx_hal.o
    0x08001c8c   0x0000099c   Code   RO          535    .text               stm32f4xx_hal_adc.o
    0x08002628   0x00000720   Code   RO          559    .text               stm32f4xx_hal_adc_ex.o
    0x08002d48   0x00000324   Code   RO          583    .text               stm32f4xx_hal_cortex.o
    0x0800306c   0x00000618   Code   RO          611    .text               stm32f4xx_hal_dma.o
    0x08003684   0x000003cc   Code   RO          660    .text               stm32f4xx_hal_gpio.o
    0x08003a50   0x00000a4c   Code   RO          732    .text               stm32f4xx_hal_rcc.o
    0x0800449c   0x00001598   Code   RO          783    .text               stm32f4xx_hal_spi.o
    0x08005a34   0x00002800   Code   RO          807    .text               stm32f4xx_hal_tim.o
    0x08008234   0x00000d88   Code   RO          831    .text               stm32f4xx_hal_tim_ex.o
    0x08008fbc   0x00000024   Code   RO          903    .text               startup_stm32f407xx.o
    0x08008fe0   0x00000120   Code   RO          910    .text               system_stm32f4xx.o
    0x08009100   0x00000062   Code   RO         2190    .text               mc_w.l(uldiv.o)
    0x08009162   0x00000024   Code   RO         2192    .text               mc_w.l(memcpya.o)
    0x08009186   0x000000e4   Code   RO         2457    .text               mf_w.l(dmul.o)
    0x0800926a   0x000000de   Code   RO         2459    .text               mf_w.l(ddiv.o)
    0x08009348   0x00000022   Code   RO         2461    .text               mf_w.l(dflti.o)
    0x0800936a   0x0000003e   Code   RO         2463    .text               mf_w.l(dfixi.o)
    0x080093a8   0x00000026   Code   RO         2465    .text               mf_w.l(f2d.o)
    0x080093ce   0x00000038   Code   RO         2467    .text               mf_w.l(d2f.o)
    0x08009406   0x0000002c   Code   RO         2517    .text               mc_w.l(uidiv.o)
    0x08009432   0x0000001e   Code   RO         2519    .text               mc_w.l(llshl.o)
    0x08009450   0x00000020   Code   RO         2521    .text               mc_w.l(llushr.o)
    0x08009470   0x00000000   Code   RO         2530    .text               mc_w.l(iusefp.o)
    0x08009470   0x0000006e   Code   RO         2531    .text               mf_w.l(fepilogue.o)
    0x080094de   0x000000ba   Code   RO         2533    .text               mf_w.l(depilogue.o)
    0x08009598   0x0000014e   Code   RO         2535    .text               mf_w.l(dadd.o)
    0x080096e6   0x000000a2   Code   RO         2539    .text               mf_w.l(dsqrt.o)
    0x08009788   0x00000030   Code   RO         2541    .text               mf_w.l(dfixul.o)
    0x080097b8   0x00000030   Code   RO         2545    .text               mf_w.l(cdrcmple.o)
    0x080097e8   0x00000024   Code   RO         2551    .text               mc_w.l(init.o)
    0x0800980c   0x00000024   Code   RO         2553    .text               mc_w.l(llsshr.o)
    0x08009830   0x00000004   Code   RO         2154    SVC_TABLE           RTX_CM4.lib(svc_table.o)
    0x08009834   0x00000020   Code   RO         2429    i.__0printf         mc_w.l(printfa.o)
    0x08009854   0x00000030   Code   RO         2547    i.__ARM_fpclassify  m_wm.l(fpclassify.o)
    0x08009884   0x00000004   PAD
    0x08009888   0x000002d8   Code   RO         2469    i.__hardfp_atan     m_wm.l(atan.o)
    0x08009b60   0x000001f0   Code   RO         2157    i.__hardfp_atan2    m_wm.l(atan2.o)
    0x08009d50   0x00000118   Code   RO         2169    i.__hardfp_floor    m_wm.l(floor.o)
    0x08009e68   0x0000007a   Code   RO         2175    i.__hardfp_sqrt     m_wm.l(sqrt.o)
    0x08009ee2   0x000000f8   Code   RO         2549    i.__kernel_poly     m_wm.l(poly.o)
    0x08009fda   0x00000014   Code   RO         2484    i.__mathlib_dbl_infnan  m_wm.l(dunder.o)
    0x08009fee   0x00000014   Code   RO         2485    i.__mathlib_dbl_infnan2  m_wm.l(dunder.o)
    0x0800a002   0x00000006   PAD
    0x0800a008   0x00000020   Code   RO         2489    i.__mathlib_dbl_underflow  m_wm.l(dunder.o)
    0x0800a028   0x0000000e   Code   RO         2557    i.__scatterload_copy  mc_w.l(handlers.o)
    0x0800a036   0x00000002   Code   RO         2558    i.__scatterload_null  mc_w.l(handlers.o)
    0x0800a038   0x0000000e   Code   RO         2559    i.__scatterload_zeroinit  mc_w.l(handlers.o)
    0x0800a046   0x00000002   PAD
    0x0800a048   0x0000000c   Code   RO         2525    i.__set_errno       mc_w.l(errno.o)
    0x0800a054   0x00000164   Code   RO         2436    i._fp_digits        mc_w.l(printfa.o)
    0x0800a1b8   0x00000046   Code   RO         2017    i._init_box         RTX_CM4.lib(rt_membox.o)
    0x0800a1fe   0x00000002   PAD
    0x0800a200   0x000006dc   Code   RO         2437    i._printf_core      mc_w.l(printfa.o)
    0x0800a8dc   0x00000024   Code   RO         2438    i._printf_post_padding  mc_w.l(printfa.o)
    0x0800a900   0x0000002e   Code   RO         2439    i._printf_pre_padding  mc_w.l(printfa.o)
    0x0800a92e   0x00000010   Code   RO         2471    i.atan              m_wm.l(atan.o)
    0x0800a93e   0x00000002   PAD
    0x0800a940   0x00000030   Code   RO         2070    i.dbg_init          RTX_CM4.lib(hal_cm.o)
    0x0800a970   0x00000020   Code   RO         2071    i.dbg_task_notify   RTX_CM4.lib(hal_cm.o)
    0x0800a990   0x00000010   Code   RO         2072    i.dbg_task_switch   RTX_CM4.lib(hal_cm.o)
    0x0800a9a0   0x00000018   Code   RO         2499    i.fabs              m_wm.l(fabs.o)
    0x0800a9b8   0x0000002a   Code   RO          941    i.isrMessageGet     RTX_CM4.lib(rt_cmsis.o)
    0x0800a9e2   0x0000002c   Code   RO          942    i.isrMessagePut     RTX_CM4.lib(rt_cmsis.o)
    0x0800aa0e   0x00000028   Code   RO          943    i.isrSemaphoreRelease  RTX_CM4.lib(rt_cmsis.o)
    0x0800aa36   0x00000002   PAD
    0x0800aa38   0x00000052   Code   RO         1896    i.isr_mbx_receive   RTX_CM4.lib(rt_mailbox.o)
    0x0800aa8a   0x0000000e   Code   RO         1897    i.isr_mbx_send      RTX_CM4.lib(rt_mailbox.o)
    0x0800aa98   0x00000010   Code   RO         1944    i.isr_sem_send      RTX_CM4.lib(rt_semaphore.o)
    0x0800aaa8   0x00000018   Code   RO          945    i.osDelay           RTX_CM4.lib(rt_cmsis.o)
    0x0800aac0   0x00000024   Code   RO          946    i.osKernelInitialize  RTX_CM4.lib(rt_cmsis.o)
    0x0800aae4   0x0000006c   Code   RO          948    i.osKernelStart     RTX_CM4.lib(rt_cmsis.o)
    0x0800ab50   0x00000018   Code   RO          957    i.osMessageGet      RTX_CM4.lib(rt_cmsis.o)
    0x0800ab68   0x00000030   Code   RO          967    i.osSemaphoreCreate  RTX_CM4.lib(rt_cmsis.o)
    0x0800ab98   0x00000018   Code   RO          969    i.osSemaphoreRelease  RTX_CM4.lib(rt_cmsis.o)
    0x0800abb0   0x00000018   Code   RO          970    i.osSemaphoreWait   RTX_CM4.lib(rt_cmsis.o)
    0x0800abc8   0x00000030   Code   RO          974    i.osThreadCreate    RTX_CM4.lib(rt_cmsis.o)
    0x0800abf8   0x00000018   Code   RO          975    i.osThreadExit      RTX_CM4.lib(rt_cmsis.o)
    0x0800ac10   0x0000000c   Code   RO          981    i.osTimerCall       RTX_CM4.lib(rt_cmsis.o)
    0x0800ac1c   0x0000002c   Code   RO          986    i.osTimerThread     RTX_CM4.lib(rt_cmsis.o)
    0x0800ac48   0x00000028   Code   RO         1684    i.os_tick_init      RTX_CM4.lib(rt_system.o)
    0x0800ac70   0x00000002   Code   RO         1685    i.os_tick_irqack    RTX_CM4.lib(rt_system.o)
    0x0800ac72   0x0000001a   Code   RO         2018    i.rt_alloc_box      RTX_CM4.lib(rt_membox.o)
    0x0800ac8c   0x0000003e   Code   RO         2046    i.rt_alloc_mem      RTX_CM4.lib(rt_memory.o)
    0x0800acca   0x00000002   PAD
    0x0800accc   0x00000038   Code   RO         1599    i.rt_block          RTX_CM4.lib(rt_task.o)
    0x0800ad04   0x00000048   Code   RO         2123    i.rt_chk_robin      RTX_CM4.lib(rt_robin.o)
    0x0800ad4c   0x00000070   Code   RO         1820    i.rt_dec_dly        RTX_CM4.lib(rt_list.o)
    0x0800adbc   0x00000044   Code   RO         1600    i.rt_dispatch       RTX_CM4.lib(rt_task.o)
    0x0800ae00   0x00000006   Code   RO         1566    i.rt_dly_wait       RTX_CM4.lib(rt_time.o)
    0x0800ae06   0x00000002   PAD
    0x0800ae08   0x00000050   Code   RO         1777    i.rt_evt_psh        RTX_CM4.lib(rt_event.o)
    0x0800ae58   0x0000002c   Code   RO         2019    i.rt_free_box       RTX_CM4.lib(rt_membox.o)
    0x0800ae84   0x00000028   Code   RO         2047    i.rt_free_mem       RTX_CM4.lib(rt_memory.o)
    0x0800aeac   0x00000028   Code   RO         1821    i.rt_get_first      RTX_CM4.lib(rt_list.o)
    0x0800aed4   0x00000008   Code   RO          991    i.rt_id2obj         RTX_CM4.lib(rt_cmsis.o)
    0x0800aedc   0x00000048   Code   RO         1601    i.rt_init_context   RTX_CM4.lib(rt_task.o)
    0x0800af24   0x0000001a   Code   RO         2048    i.rt_init_mem       RTX_CM4.lib(rt_memory.o)
    0x0800af3e   0x00000002   PAD
    0x0800af40   0x00000018   Code   RO         2124    i.rt_init_robin     RTX_CM4.lib(rt_robin.o)
    0x0800af58   0x00000080   Code   RO         2073    i.rt_init_stack     RTX_CM4.lib(hal_cm.o)
    0x0800afd8   0x00000008   Code   RO         1898    i.rt_mbx_check      RTX_CM4.lib(rt_mailbox.o)
    0x0800afe0   0x0000001a   Code   RO         1899    i.rt_mbx_init       RTX_CM4.lib(rt_mailbox.o)
    0x0800affa   0x00000002   PAD
    0x0800affc   0x000000f0   Code   RO         1900    i.rt_mbx_psh        RTX_CM4.lib(rt_mailbox.o)
    0x0800b0ec   0x000000b4   Code   RO         1902    i.rt_mbx_wait       RTX_CM4.lib(rt_mailbox.o)
    0x0800b1a0   0x00000044   Code   RO          992    i.rt_ms2tick        RTX_CM4.lib(rt_cmsis.o)
    0x0800b1e4   0x0000007c   Code   RO         1688    i.rt_pop_req        RTX_CM4.lib(rt_system.o)
    0x0800b260   0x00000020   Code   RO         1689    i.rt_psh_req        RTX_CM4.lib(rt_system.o)
    0x0800b280   0x0000005c   Code   RO         1823    i.rt_psq_enq        RTX_CM4.lib(rt_list.o)
    0x0800b2dc   0x00000048   Code   RO         1824    i.rt_put_dly        RTX_CM4.lib(rt_list.o)
    0x0800b324   0x00000036   Code   RO         1825    i.rt_put_prio       RTX_CM4.lib(rt_list.o)
    0x0800b35a   0x00000002   PAD
    0x0800b35c   0x00000014   Code   RO         1826    i.rt_put_rdy_first  RTX_CM4.lib(rt_list.o)
    0x0800b370   0x00000034   Code   RO         1827    i.rt_resort_prio    RTX_CM4.lib(rt_list.o)
    0x0800b3a4   0x00000010   Code   RO         2074    i.rt_ret_regs       RTX_CM4.lib(hal_cm.o)
    0x0800b3b4   0x0000000c   Code   RO         2075    i.rt_ret_val        RTX_CM4.lib(hal_cm.o)
    0x0800b3c0   0x00000010   Code   RO         2076    i.rt_ret_val2       RTX_CM4.lib(hal_cm.o)
    0x0800b3d0   0x00000028   Code   RO         1828    i.rt_rmv_dly        RTX_CM4.lib(rt_list.o)
    0x0800b3f8   0x00000030   Code   RO         1829    i.rt_rmv_list       RTX_CM4.lib(rt_list.o)
    0x0800b428   0x0000000c   Code   RO         1946    i.rt_sem_init       RTX_CM4.lib(rt_semaphore.o)
    0x0800b434   0x00000034   Code   RO         1947    i.rt_sem_psh        RTX_CM4.lib(rt_semaphore.o)
    0x0800b468   0x0000002a   Code   RO         1948    i.rt_sem_send       RTX_CM4.lib(rt_semaphore.o)
    0x0800b492   0x00000002   PAD
    0x0800b494   0x00000040   Code   RO         1949    i.rt_sem_wait       RTX_CM4.lib(rt_semaphore.o)
    0x0800b4d4   0x00000024   Code   RO         1691    i.rt_stk_check      RTX_CM4.lib(rt_system.o)
    0x0800b4f8   0x00000028   Code   RO         1602    i.rt_switch_req     RTX_CM4.lib(rt_task.o)
    0x0800b520   0x000000cc   Code   RO         1603    i.rt_sys_init       RTX_CM4.lib(rt_task.o)
    0x0800b5ec   0x00000078   Code   RO         1604    i.rt_sys_start      RTX_CM4.lib(rt_task.o)
    0x0800b664   0x00000040   Code   RO         1693    i.rt_systick        RTX_CM4.lib(rt_system.o)
    0x0800b6a4   0x00000012   Code   RO          993    i.rt_tid2ptcb       RTX_CM4.lib(rt_cmsis.o)
    0x0800b6b6   0x00000002   PAD
    0x0800b6b8   0x00000034   Code   RO          994    i.rt_timer_insert   RTX_CM4.lib(rt_cmsis.o)
    0x0800b6ec   0x00000088   Code   RO         1605    i.rt_tsk_create     RTX_CM4.lib(rt_task.o)
    0x0800b774   0x0000017c   Code   RO         1606    i.rt_tsk_delete     RTX_CM4.lib(rt_task.o)
    0x0800b8f0   0x0000007c   Code   RO         1608    i.rt_tsk_prio       RTX_CM4.lib(rt_task.o)
    0x0800b96c   0x00000010   Code   RO         1609    i.rt_tsk_self       RTX_CM4.lib(rt_task.o)
    0x0800b97c   0x00000012   Code   RO          996    i.svcDelay          RTX_CM4.lib(rt_cmsis.o)
    0x0800b98e   0x00000002   PAD
    0x0800b990   0x00000070   Code   RO          997    i.svcKernelInitialize  RTX_CM4.lib(rt_cmsis.o)
    0x0800ba00   0x00000048   Code   RO          999    i.svcKernelStart    RTX_CM4.lib(rt_cmsis.o)
    0x0800ba48   0x00000024   Code   RO         1002    i.svcMessageCreate  RTX_CM4.lib(rt_cmsis.o)
    0x0800ba6c   0x0000003a   Code   RO         1003    i.svcMessageGet     RTX_CM4.lib(rt_cmsis.o)
    0x0800baa6   0x00000024   Code   RO         1010    i.svcSemaphoreCreate  RTX_CM4.lib(rt_cmsis.o)
    0x0800baca   0x00000028   Code   RO         1012    i.svcSemaphoreRelease  RTX_CM4.lib(rt_cmsis.o)
    0x0800baf2   0x00000032   Code   RO         1013    i.svcSemaphoreWait  RTX_CM4.lib(rt_cmsis.o)
    0x0800bb24   0x00000070   Code   RO         1017    i.svcThreadCreate   RTX_CM4.lib(rt_cmsis.o)
    0x0800bb94   0x0000001c   Code   RO         1018    i.svcThreadGetId    RTX_CM4.lib(rt_cmsis.o)
    0x0800bbb0   0x00000038   Code   RO         1021    i.svcThreadTerminate  RTX_CM4.lib(rt_cmsis.o)
    0x0800bbe8   0x00000018   Code   RO         1023    i.svcTimerCall      RTX_CM4.lib(rt_cmsis.o)
    0x0800bc00   0x0000005c   Code   RO         1032    i.sysTimerTick      RTX_CM4.lib(rt_cmsis.o)
    0x0800bc5c   0x00000008   Data   RO            6    .constdata          main.o
    0x0800bc64   0x00000010   Data   RO          179    .constdata          thread_led.o
    0x0800bc74   0x00000020   Data   RO          339    .constdata          thread.o
    0x0800bc94   0x00000056   Data   RO          480    .constdata          rtx_conf_cm.o
    0x0800bcea   0x00000008   Data   RO          612    .constdata          stm32f4xx_hal_dma.o
    0x0800bcf2   0x00000010   Data   RO          733    .constdata          stm32f4xx_hal_rcc.o
    0x0800bd02   0x00000010   Data   RO          911    .constdata          system_stm32f4xx.o
    0x0800bd12   0x00000006   PAD
    0x0800bd18   0x00000098   Data   RO         2472    .constdata          m_wm.l(atan.o)
    0x0800bdb0   0x00000008   Data   RO         2503    .constdata          m_wm.l(qnan.o)
    0x0800bdb8   0x00000020   Data   RO         2555    Region$$Table       anon$$obj.o


    Execution Region RW_IRAM1 (Base: 0x20000000, Size: 0x00002110, Max: 0x00020000, ABSOLUTE)

    Base Addr    Size         Type   Attr      Idx    E Section Name        Object

    0x20000000   0x00000050   Data   RW            7    .data               main.o
    0x20000050   0x00000004   Data   RW          180    .data               thread_led.o
    0x20000054   0x00000008   Data   RW          340    .data               thread.o
    0x2000005c   0x00000004   PAD
    0x20000060   0x00000040   Data   RW          396    .data               accelerometer_interface.o
    0x200000a0   0x0000000c   Data   RW          425    .data               temperature_interface.o
    0x200000ac   0x00000004   Data   RW          454    .data               lis3dsh.o
    0x200000b0   0x00000020   Data   RW          481    .data               rtx_conf_cm.o
    0x200000d0   0x00000004   Data   RW          510    .data               stm32f4xx_hal.o
    0x200000d4   0x00000004   Data   RW          912    .data               system_stm32f4xx.o
    0x200000d8   0x00000008   Data   RW         1035    .data               RTX_CM4.lib(rt_cmsis.o)
    0x200000e0   0x00000004   Data   RW         1570    .data               RTX_CM4.lib(rt_time.o)
    0x200000e4   0x00000008   Data   RW         1611    .data               RTX_CM4.lib(rt_task.o)
    0x200000ec   0x00000008   Data   RW         1696    .data               RTX_CM4.lib(rt_system.o)
    0x200000f4   0x00000001   Data   RW         2077    .data               RTX_CM4.lib(hal_cm.o)
    0x200000f5   0x00000003   PAD
    0x200000f8   0x00000008   Data   RW         2125    .data               RTX_CM4.lib(rt_robin.o)
    0x20000100   0x00000004   Data   RW         2516    .data               mc_w.l(stdout.o)
    0x20000104   0x00000004   Data   RW         2526    .data               mc_w.l(errno.o)
    0x20000108   0x0000000c   Zero   RW            5    .bss                main.o
    0x20000114   0x00000014   Zero   RW          178    .bss                thread_led.o
    0x20000128   0x000000e4   Zero   RW          226    .bss                config.o
    0x2000020c   0x0000003c   Zero   RW          395    .bss                accelerometer_interface.o
    0x20000248   0x00000014   Zero   RW          424    .bss                temperature_interface.o
    0x2000025c   0x00000058   Zero   RW          453    .bss                lis3dsh.o
    0x200002b4   0x00000004   PAD
    0x200002b8   0x000019f0   Zero   RW          479    .bss                rtx_conf_cm.o
    0x20001ca8   0x00000034   Zero   RW         1610    .bss                RTX_CM4.lib(rt_task.o)
    0x20001cdc   0x00000030   Zero   RW         1830    .bss                RTX_CM4.lib(rt_list.o)
    0x20001d0c   0x00000004   PAD
    0x20001d10   0x00000400   Zero   RW          900    STACK               startup_stm32f407xx.o


==============================================================================

Image component sizes


      Code (inc. data)   RO Data    RW Data    ZI Data      Debug   Object Name

       616         86          0         64         60       2903   accelerometer_interface.o
       728         46          0          0        228       3027   config.o
        56          4          0          0          0      27335   fput_debug.o
       132          0          0          0          0       1375   kalman_filter.o
      1472        120          0          4         88       4961   lis3dsh.o
       516         68          8         80         12     406463   main.o
        62          6         86         32       6640       7414   rtx_conf_cm.o
       888         22          0          0          0       1815   seven_segment.o
        36          8        392          0       1024        868   startup_stm32f407xx.o
       432         26          0          4          0       4990   stm32f4xx_hal.o
      2460         70          0          0          0       7575   stm32f4xx_hal_adc.o
      1824         40          0          0          0       5694   stm32f4xx_hal_adc_ex.o
       804         20          0          0          0      32311   stm32f4xx_hal_cortex.o
      1560         16          8          0          0       5016   stm32f4xx_hal_dma.o
       972         50          0          0          0       3835   stm32f4xx_hal_gpio.o
      2636         66         16          0          0       5742   stm32f4xx_hal_rcc.o
      5528         54          0          0          0      13284   stm32f4xx_hal_spi.o
     10240        152          0          0          0      31026   stm32f4xx_hal_tim.o
      3464         26          0          0          0      11826   stm32f4xx_hal_tim_ex.o
       384        312          0          0          0        600   supporting_functions.o
       288         32         16          4          0       1663   system_stm32f4xx.o
       300         74          0         12         20       1590   temperature_interface.o
        92         16         32          8          0       2273   thread.o
       136         22         16          4         20       1671   thread_led.o
       680         10          0          0          0       1325   utils.o

    ----------------------------------------------------------------------
     36308       1346        612        216       8096     586582   Object Totals
         0          0         32          0          0          0   (incl. Generated)
         2          0          6          4          4          0   (incl. Padding)

    ----------------------------------------------------------------------

      Code (inc. data)   RO Data    RW Data    ZI Data      Debug   Library Member Name

       268         24          0          1          0       4452   hal_cm.o
       408         34          0          0          0        816   hal_cm4.o
      1422        166          0          8          0      39905   rt_cmsis.o
        80          4          0          0          0        701   rt_event.o
       530         34          0          0         48       8597   rt_list.o
       550         10          0          0          0       4185   rt_mailbox.o
       140          0          0          0          0       2045   rt_membox.o
       128          0          0          0          0       2419   rt_memory.o
        96         22          0          8          0       1230   rt_robin.o
       186         10          0          0          0       3102   rt_semaphore.o
       298         52          0          8          0       6439   rt_system.o
      1216        174          0          8         52      10025   rt_task.o
         6          0          0          4          0        684   rt_time.o
         4          4          0          0          0        200   svc_table.o
       744        106        152          0          0        352   atan.o
       496         64          0          0          0        192   atan2.o
        72          8          0          0          0        372   dunder.o
        24          0          0          0          0        124   fabs.o
       280         28          0          0          0        156   floor.o
        48          0          0          0          0        124   fpclassify.o
       248          0          0          0          0        152   poly.o
         0          0          8          0          0          0   qnan.o
       122          0          0          0          0        148   sqrt.o
         0          0          0          0          0          0   entry.o
         0          0          0          0          0          0   entry10a.o
         0          0          0          0          0          0   entry11a.o
         8          4          0          0          0          0   entry2.o
         4          0          0          0          0          0   entry5.o
         0          0          0          0          0          0   entry7b.o
         0          0          0          0          0          0   entry8b.o
        12          6          0          4          0         68   errno.o
        30          0          0          0          0          0   handlers.o
        36          8          0          0          0         68   init.o
         0          0          0          0          0          0   iusefp.o
        30          0          0          0          0         68   llshl.o
        36          0          0          0          0         68   llsshr.o
        32          0          0          0          0         68   llushr.o
        36          0          0          0          0         68   memcpya.o
      2226         90          0          0          0        444   printfa.o
         0          0          0          4          0          0   stdout.o
        44          0          0          0          0         80   uidiv.o
        98          0          0          0          0         92   uldiv.o
        48          0          0          0          0         68   cdrcmple.o
        56          0          0          0          0         88   d2f.o
       334          0          0          0          0        148   dadd.o
       222          0          0          0          0        100   ddiv.o
       186          0          0          0          0        176   depilogue.o
        62          0          0          0          0         80   dfixi.o
        48          0          0          0          0         68   dfixul.o
        34          0          0          0          0         76   dflti.o
       228          0          0          0          0         96   dmul.o
       162          0          0          0          0        100   dsqrt.o
        38          0          0          0          0         68   f2d.o
       110          0          0          0          0        168   fepilogue.o

    ----------------------------------------------------------------------
     11520        848        160         48        104      88680   Library Totals
        34          0          0          3          4          0   (incl. Padding)

    ----------------------------------------------------------------------

      Code (inc. data)   RO Data    RW Data    ZI Data      Debug   Library Name

      5332        534          0         37        100      84800   RTX_CM4.lib
      2034        206        160          0          0       1620   m_wm.l
      2592        108          0          8          0       1024   mc_w.l
      1528          0          0          0          0       1236   mf_w.l

    ----------------------------------------------------------------------
     11520        848        160         48        104      88680   Library Totals

    ----------------------------------------------------------------------

==============================================================================


      Code (inc. data)   RO Data    RW Data    ZI Data      Debug   

     47828       2194        772        264       8200     659822   Grand Totals
     47828       2194        772        264       8200     659822   ELF Image Totals
     47828       2194        772        264          0          0   ROM Totals

==============================================================================

    Total RO  Size (Code + RO Data)                48600 (  47.46kB)
    Total RW  Size (RW Data + ZI Data)              8464 (   8.27kB)
    Total ROM Size (Code + RO Data + RW Data)      48864 (  47.72kB)

==============================================================================

