


ARM Macro Assembler    Page 1 


    1 00000000                 AREA             myCode, CODE, READONLY
    2 00000000                 IMPORT           myString1
    3 00000000                 IMPORT           myString2
    4 00000000                 EXPORT           example4
    5 00000000         example4
    6 00000000 4803            LDR              R0, =myString3
    7 00000002 6801            LDR              R1, [R0]
    8 00000004 4A03            LDR              R2, =myString1
    9 00000006 6011            STR              R1, [R2]
   10 00000008 4770            BX               LR
   11 0000000A         
   12 0000000A 00 00           ALIGN
   13 0000000C 01 02 03 
              04       myString3
                               DCB              1,2,3,4
   14 00000010                 END
              00000000 
              00000000 
Command Line: --debug --xref --diag_suppress=9931 --cpu=Cortex-M4.fp --apcs=int
erwork --depend=.\objects\example3.d -o.\objects\example3.o -IC:\microprocessor
-systems\Lab1_STM32F4Cube_Base_project\RTE -IC:\microprocessor-systems\Lab1_STM
32F4Cube_Base_project\RTE\Device\STM32F407VGTx -IC:\Keil_v5\ARM\PACK\ARM\CMSIS\
4.5.0\CMSIS\Include -IC:\Keil_v5\ARM\PACK\Keil\STM32F4xx_DFP\2.7.0\Drivers\CMSI
S\Device\ST\STM32F4xx\Include -IC:\Keil_v5\ARM\PACK\Keil\STM32F4xx_DFP\2.7.0\Dr
ivers\STM32F4xx_HAL_Driver\Inc --predefine="__MICROLIB SETA 1" --predefine="__U
VISION_VERSION SETA 515" --predefine="_RTE_ SETA 1" --predefine="STM32F407xx SE
TA 1" --list=.\listings\example3.lst Sources\example3.s



ARM Macro Assembler    Page 1 Alphabetic symbol ordering
Relocatable symbols

example4 00000000

Symbol: example4
   Definitions
      At line 5 in file Sources\example3.s
   Uses
      At line 4 in file Sources\example3.s
Comment: example4 used once
myCode 00000000

Symbol: myCode
   Definitions
      At line 1 in file Sources\example3.s
   Uses
      None
Comment: myCode unused
myString3 0000000C

Symbol: myString3
   Definitions
      At line 13 in file Sources\example3.s
   Uses
      At line 6 in file Sources\example3.s
Comment: myString3 used once
3 symbols



ARM Macro Assembler    Page 1 Alphabetic symbol ordering
External symbols

myString1 00000000

Symbol: myString1
   Definitions
      At line 2 in file Sources\example3.s
   Uses
      At line 8 in file Sources\example3.s
Comment: myString1 used once
myString2 00000000

Symbol: myString2
   Definitions
      At line 3 in file Sources\example3.s
   Uses
      None
Comment: myString2 unused
2 symbols
342 symbols in table
