


ARM Macro Assembler    Page 1 


    1 00000000                 AREA             myCode, CODE, READONLY
    2 00000000                 EXPORT           example2
    3 00000000         example2
    4 00000000 EEF0 0A04       VLDR.f32         S1, =2.5
    5 00000004 EEB1 1A0E       VLDR.f32         S2, =7.5
    6 00000008 EE71 0A20       VADD.f32         S1, S2, S1
    7 0000000C 4770            BX               LR
    8 0000000E                 END
Command Line: --debug --xref --diag_suppress=9931 --cpu=Cortex-M4.fp --apcs=int
erwork --depend=.\objects\example2.d -o.\objects\example2.o -IC:\microprocessor
-systems\Lab1_STM32F4Cube_Base_project\RTE -IC:\microprocessor-systems\Lab1_STM
32F4Cube_Base_project\RTE\Device\STM32F407VGTx -IC:\Keil_v5\ARM\PACK\ARM\CMSIS\
4.5.0\CMSIS\Include -IC:\Keil_v5\ARM\PACK\Keil\STM32F4xx_DFP\2.7.0\Drivers\CMSI
S\Device\ST\STM32F4xx\Include -IC:\Keil_v5\ARM\PACK\Keil\STM32F4xx_DFP\2.7.0\Dr
ivers\STM32F4xx_HAL_Driver\Inc --predefine="__MICROLIB SETA 1" --predefine="__U
VISION_VERSION SETA 515" --predefine="_RTE_ SETA 1" --predefine="STM32F407xx SE
TA 1" --list=.\listings\example2.lst Sources\example2.s



ARM Macro Assembler    Page 1 Alphabetic symbol ordering
Relocatable symbols

example2 00000000

Symbol: example2
   Definitions
      At line 3 in file Sources\example2.s
   Uses
      At line 2 in file Sources\example2.s
Comment: example2 used once
myCode 00000000

Symbol: myCode
   Definitions
      At line 1 in file Sources\example2.s
   Uses
      None
Comment: myCode unused
2 symbols
337 symbols in table
