


ARM Macro Assembler    Page 1 


    1 00000000                 AREA             myCode, CODE, READONLY
    2 00000000         
    3 00000000                 END
Command Line: --debug --xref --diag_suppress=9931 --cpu=Cortex-M4.fp --apcs=int
erwork --depend=.\objects\kalmanfilter_testbench_asm.d -o.\objects\kalmanfilter
_testbench_asm.o -IC:\microprocessor-systems\Lab1_STM32F4Cube_Base_project\RTE 
-IC:\microprocessor-systems\Lab1_STM32F4Cube_Base_project\RTE\Device\STM32F407V
GTx -IC:\Keil_v5\ARM\PACK\ARM\CMSIS\4.5.0\CMSIS\Include -IC:\Keil_v5\ARM\PACK\K
eil\STM32F4xx_DFP\2.7.0\Drivers\CMSIS\Device\ST\STM32F4xx\Include -IC:\Keil_v5\
ARM\PACK\Keil\STM32F4xx_DFP\2.7.0\Drivers\STM32F4xx_HAL_Driver\Inc --predefine=
"__MICROLIB SETA 1" --predefine="__UVISION_VERSION SETA 515" --predefine="_RTE_
 SETA 1" --predefine="STM32F407xx SETA 1" --list=.\listings\kalmanfilter_testbe
nch_asm.lst Sources\Kalmanfilter_testbench_asm.s



ARM Macro Assembler    Page 1 Alphabetic symbol ordering
Relocatable symbols

myCode 00000000

Symbol: myCode
   Definitions
      At line 1 in file Sources\Kalmanfilter_testbench_asm.s
   Uses
      None
Comment: myCode unused
1 symbol
335 symbols in table
